Component: ARM Compiler 5.06 update 4 (build 422) Tool: armlink [4d35d2]

==============================================================================

Section Cross References

    stm32f3xx_hal_gpio.o(i.HAL_GPIO_EXTI_IRQHandler) refers to stm32f3xx_hal_gpio.o(i.HAL_GPIO_EXTI_Callback) for HAL_GPIO_EXTI_Callback
    stm32f3xx_hal_pwr_ex.o(i.HAL_PWR_PVD_IRQHandler) refers to stm32f3xx_hal_pwr_ex.o(i.HAL_PWR_PVDCallback) for HAL_PWR_PVDCallback
    stm32f3xx_hal_rcc.o(i.HAL_RCC_ClockConfig) refers to stm32f3xx_hal.o(i.HAL_GetTick) for HAL_GetTick
    stm32f3xx_hal_rcc.o(i.HAL_RCC_ClockConfig) refers to stm32f3xx_hal_rcc.o(i.HAL_RCC_GetSysClockFreq) for HAL_RCC_GetSysClockFreq
    stm32f3xx_hal_rcc.o(i.HAL_RCC_ClockConfig) refers to stm32f3xx_hal.o(i.HAL_InitTick) for HAL_InitTick
    stm32f3xx_hal_rcc.o(i.HAL_RCC_ClockConfig) refers to system_stm32f3xx.o(.constdata) for AHBPrescTable
    stm32f3xx_hal_rcc.o(i.HAL_RCC_ClockConfig) refers to system_stm32f3xx.o(.data) for SystemCoreClock
    stm32f3xx_hal_rcc.o(i.HAL_RCC_DeInit) refers to system_stm32f3xx.o(.data) for SystemCoreClock
    stm32f3xx_hal_rcc.o(i.HAL_RCC_GetHCLKFreq) refers to system_stm32f3xx.o(.data) for SystemCoreClock
    stm32f3xx_hal_rcc.o(i.HAL_RCC_GetPCLK1Freq) refers to system_stm32f3xx.o(.data) for SystemCoreClock
    stm32f3xx_hal_rcc.o(i.HAL_RCC_GetPCLK1Freq) refers to system_stm32f3xx.o(.constdata) for APBPrescTable
    stm32f3xx_hal_rcc.o(i.HAL_RCC_GetPCLK2Freq) refers to system_stm32f3xx.o(.data) for SystemCoreClock
    stm32f3xx_hal_rcc.o(i.HAL_RCC_GetPCLK2Freq) refers to system_stm32f3xx.o(.constdata) for APBPrescTable
    stm32f3xx_hal_rcc.o(i.HAL_RCC_GetSysClockFreq) refers to stm32f3xx_hal_rcc.o(.constdata) for .constdata
    stm32f3xx_hal_rcc.o(i.HAL_RCC_MCOConfig) refers to memseta.o(.text) for __aeabi_memclr4
    stm32f3xx_hal_rcc.o(i.HAL_RCC_MCOConfig) refers to stm32f3xx_hal_gpio.o(i.HAL_GPIO_Init) for HAL_GPIO_Init
    stm32f3xx_hal_rcc.o(i.HAL_RCC_NMI_IRQHandler) refers to stm32f3xx_hal_rcc.o(i.HAL_RCC_CSSCallback) for HAL_RCC_CSSCallback
    stm32f3xx_hal_rcc.o(i.HAL_RCC_OscConfig) refers to stm32f3xx_hal.o(i.HAL_GetTick) for HAL_GetTick
    stm32f3xx_hal_flash_ex.o(i.FLASH_MassErase) refers to stm32f3xx_hal_flash.o(.bss) for pFlash
    stm32f3xx_hal_flash_ex.o(i.FLASH_OB_DisableWRP) refers to stm32f3xx_hal_flash.o(i.FLASH_WaitForLastOperation) for FLASH_WaitForLastOperation
    stm32f3xx_hal_flash_ex.o(i.FLASH_OB_DisableWRP) refers to stm32f3xx_hal_flash_ex.o(i.HAL_FLASHEx_OBErase) for HAL_FLASHEx_OBErase
    stm32f3xx_hal_flash_ex.o(i.FLASH_OB_DisableWRP) refers to stm32f3xx_hal_flash.o(.bss) for pFlash
    stm32f3xx_hal_flash_ex.o(i.FLASH_OB_EnableWRP) refers to stm32f3xx_hal_flash.o(i.FLASH_WaitForLastOperation) for FLASH_WaitForLastOperation
    stm32f3xx_hal_flash_ex.o(i.FLASH_OB_EnableWRP) refers to stm32f3xx_hal_flash_ex.o(i.HAL_FLASHEx_OBErase) for HAL_FLASHEx_OBErase
    stm32f3xx_hal_flash_ex.o(i.FLASH_OB_EnableWRP) refers to stm32f3xx_hal_flash.o(.bss) for pFlash
    stm32f3xx_hal_flash_ex.o(i.FLASH_OB_RDP_LevelConfig) refers to stm32f3xx_hal_flash.o(i.FLASH_WaitForLastOperation) for FLASH_WaitForLastOperation
    stm32f3xx_hal_flash_ex.o(i.FLASH_OB_RDP_LevelConfig) refers to stm32f3xx_hal_flash.o(.bss) for pFlash
    stm32f3xx_hal_flash_ex.o(i.FLASH_PageErase) refers to stm32f3xx_hal_flash.o(.bss) for pFlash
    stm32f3xx_hal_flash_ex.o(i.HAL_FLASHEx_Erase) refers to stm32f3xx_hal_flash.o(i.FLASH_WaitForLastOperation) for FLASH_WaitForLastOperation
    stm32f3xx_hal_flash_ex.o(i.HAL_FLASHEx_Erase) refers to stm32f3xx_hal_flash_ex.o(i.FLASH_MassErase) for FLASH_MassErase
    stm32f3xx_hal_flash_ex.o(i.HAL_FLASHEx_Erase) refers to stm32f3xx_hal_flash_ex.o(i.FLASH_PageErase) for FLASH_PageErase
    stm32f3xx_hal_flash_ex.o(i.HAL_FLASHEx_Erase) refers to stm32f3xx_hal_flash.o(.bss) for pFlash
    stm32f3xx_hal_flash_ex.o(i.HAL_FLASHEx_Erase_IT) refers to stm32f3xx_hal_flash_ex.o(i.FLASH_PageErase) for FLASH_PageErase
    stm32f3xx_hal_flash_ex.o(i.HAL_FLASHEx_Erase_IT) refers to stm32f3xx_hal_flash_ex.o(i.FLASH_MassErase) for FLASH_MassErase
    stm32f3xx_hal_flash_ex.o(i.HAL_FLASHEx_Erase_IT) refers to stm32f3xx_hal_flash.o(.bss) for pFlash
    stm32f3xx_hal_flash_ex.o(i.HAL_FLASHEx_OBErase) refers to stm32f3xx_hal_flash_ex.o(i.FLASH_OB_GetRDP) for FLASH_OB_GetRDP
    stm32f3xx_hal_flash_ex.o(i.HAL_FLASHEx_OBErase) refers to stm32f3xx_hal_flash.o(i.FLASH_WaitForLastOperation) for FLASH_WaitForLastOperation
    stm32f3xx_hal_flash_ex.o(i.HAL_FLASHEx_OBErase) refers to stm32f3xx_hal_flash_ex.o(i.FLASH_OB_RDP_LevelConfig) for FLASH_OB_RDP_LevelConfig
    stm32f3xx_hal_flash_ex.o(i.HAL_FLASHEx_OBErase) refers to stm32f3xx_hal_flash.o(.bss) for pFlash
    stm32f3xx_hal_flash_ex.o(i.HAL_FLASHEx_OBGetConfig) refers to stm32f3xx_hal_flash_ex.o(i.FLASH_OB_GetRDP) for FLASH_OB_GetRDP
    stm32f3xx_hal_flash_ex.o(i.HAL_FLASHEx_OBProgram) refers to stm32f3xx_hal_flash_ex.o(i.FLASH_OB_DisableWRP) for FLASH_OB_DisableWRP
[...]
    ..\Drivers\STM32F3xx_HAL_Driver\Src\stm32f3xx_hal_dma.c 0x00000000   Number         0  stm32f3xx_hal_dma.o ABSOLUTE
    ..\Drivers\STM32F3xx_HAL_Driver\Src\stm32f3xx_hal_flash.c 0x00000000   Number         0  stm32f3xx_hal_flash.o ABSOLUTE
    ..\Drivers\STM32F3xx_HAL_Driver\Src\stm32f3xx_hal_flash_ex.c 0x00000000   Number         0  stm32f3xx_hal_flash_ex.o ABSOLUTE
    ..\Drivers\STM32F3xx_HAL_Driver\Src\stm32f3xx_hal_gpio.c 0x00000000   Number         0  stm32f3xx_hal_gpio.o ABSOLUTE
    ..\Drivers\STM32F3xx_HAL_Driver\Src\stm32f3xx_hal_i2c.c 0x00000000   Number         0  stm32f3xx_hal_i2c.o ABSOLUTE
    ..\Drivers\STM32F3xx_HAL_Driver\Src\stm32f3xx_hal_i2c_ex.c 0x00000000   Number         0  stm32f3xx_hal_i2c_ex.o ABSOLUTE
    ..\Drivers\STM32F3xx_HAL_Driver\Src\stm32f3xx_hal_pcd.c 0x00000000   Number         0  stm32f3xx_hal_pcd.o ABSOLUTE
    ..\Drivers\STM32F3xx_HAL_Driver\Src\stm32f3xx_hal_pcd_ex.c 0x00000000   Number         0  stm32f3xx_hal_pcd_ex.o ABSOLUTE
    ..\Drivers\STM32F3xx_HAL_Driver\Src\stm32f3xx_hal_pwr.c 0x00000000   Number         0  stm32f3xx_hal_pwr.o ABSOLUTE
    ..\Drivers\STM32F3xx_HAL_Driver\Src\stm32f3xx_hal_pwr_ex.c 0x00000000   Number         0  stm32f3xx_hal_pwr_ex.o ABSOLUTE
    ..\Drivers\STM32F3xx_HAL_Driver\Src\stm32f3xx_hal_rcc.c 0x00000000   Number         0  stm32f3xx_hal_rcc.o ABSOLUTE
    ..\Drivers\STM32F3xx_HAL_Driver\Src\stm32f3xx_hal_rcc_ex.c 0x00000000   Number         0  stm32f3xx_hal_rcc_ex.o ABSOLUTE
    ..\Drivers\STM32F3xx_HAL_Driver\Src\stm32f3xx_hal_tim.c 0x00000000   Number         0  stm32f3xx_hal_tim.o ABSOLUTE
    ..\Drivers\STM32F3xx_HAL_Driver\Src\stm32f3xx_hal_tim_ex.c 0x00000000   Number         0  stm32f3xx_hal_tim_ex.o ABSOLUTE
    ..\Middlewares\ST\STM32_USB_Device_Library\Class\CDC\Src\usbd_cdc.c 0x00000000   Number         0  usbd_cdc.o ABSOLUTE
    ..\Middlewares\ST\STM32_USB_Device_Library\Core\Src\usbd_core.c 0x00000000   Number         0  usbd_core.o ABSOLUTE
    ..\Middlewares\ST\STM32_USB_Device_Library\Core\Src\usbd_ctlreq.c 0x00000000   Number         0  usbd_ctlreq.o ABSOLUTE
    ..\Middlewares\ST\STM32_USB_Device_Library\Core\Src\usbd_ioreq.c 0x00000000   Number         0  usbd_ioreq.o ABSOLUTE
    ..\Middlewares\Third_Party\FreeRTOS\Source\CMSIS_RTOS\cmsis_os.c 0x00000000   Number         0  cmsis_os.o ABSOLUTE
    ..\Middlewares\Third_Party\FreeRTOS\Source\portable\RVDS\ARM_CM4F\port.c 0x00000000   Number         0  port.o ABSOLUTE
    ..\Src\freertos.c                        0x00000000   Number         0  freertos.o ABSOLUTE
    ..\Src\gpio.c                            0x00000000   Number         0  gpio.o ABSOLUTE
    ..\Src\main.c                            0x00000000   Number         0  main.o ABSOLUTE
    ..\Src\stm32f3xx_hal_msp.c               0x00000000   Number         0  stm32f3xx_hal_msp.o ABSOLUTE
    ..\Src\stm32f3xx_it.c                    0x00000000   Number         0  stm32f3xx_it.o ABSOLUTE
    ..\Src\system_stm32f3xx.c                0x00000000   Number         0  system_stm32f3xx.o ABSOLUTE
    ..\Src\usb_device.c                      0x00000000   Number         0  usb_device.o ABSOLUTE
    ..\Src\usbd_cdc_if.c                     0x00000000   Number         0  usbd_cdc_if.o ABSOLUTE
    ..\Src\usbd_conf.c                       0x00000000   Number         0  usbd_conf.o ABSOLUTE
    ..\Src\usbd_desc.c                       0x00000000   Number         0  usbd_desc.o ABSOLUTE
    ..\\modbus\\modbus.c                     0x00000000   Number         0  modbus.o ABSOLUTE
    ..\modbus\modbus.c                       0x00000000   Number         0  modbus.o ABSOLUTE
    dc.s                                     0x00000000   Number         0  dc.o ABSOLUTE
    handlers.s                               0x00000000   Number         0  handlers.o ABSOLUTE
    init.s                                   0x00000000   Number         0  init.o ABSOLUTE
    startup_stm32f303xc.s                    0x00000000   Number         0  startup_stm32f303xc.o ABSOLUTE
    RESET                                    0x08000000   Section      392  startup_stm32f303xc.o(RESET)
    .ARM.Collect$$$$00000000                 0x08000188   Section        0  entry.o(.ARM.Collect$$$$00000000)
    .ARM.Collect$$$$00000001                 0x08000188   Section        4  entry2.o(.ARM.Collect$$$$00000001)
    .ARM.Collect$$$$00000004                 0x0800018c   Section        4  entry5.o(.ARM.Collect$$$$00000004)
    .ARM.Collect$$$$00000008                 0x08000190   Section        0  entry7b.o(.ARM.Collect$$$$00000008)
    .ARM.Collect$$$$0000000A                 0x08000190   Section        0  entry8b.o(.ARM.Collect$$$$0000000A)
    .ARM.Collect$$$$0000000B                 0x08000190   Section        8  entry9a.o(.ARM.Collect$$$$0000000B)
    .ARM.Collect$$$$0000000D                 0x08000198   Section        0  entry10a.o(.ARM.Collect$$$$0000000D)
    .ARM.Collect$$$$0000000F                 0x08000198   Section        0  entry11a.o(.ARM.Collect$$$$0000000F)
    .ARM.Collect$$$$00002712                 0x08000198   Section        4  entry2.o(.ARM.Collect$$$$00002712)
    __lit__00000000                          0x08000198   Data           4  entry2.o(.ARM.Collect$$$$00002712)
    .emb_text                                0x0800019c   Section      186  port.o(.emb_text)
    $v0                                      0x0800019c   Number         0  port.o(.emb_text)
    .text                                    0x08000258   Section       36  startup_stm32f303xc.o(.text)
    $v0                                      0x08000258   Number         0  startup_stm32f303xc.o(.text)
    .text                                    0x0800027c   Section        0  memcpya.o(.text)
    .text                                    0x080002a0   Section        0  memseta.o(.text)
    .text                                    0x080002c4   Section       36  init.o(.text)
    .text                                    0x080002e8   Section        0  __dczerorl2.o(.text)
    i.CDC_Control_FS                         0x0800033e   Section        0  usbd_cdc_if.o(i.CDC_Control_FS)
    CDC_Control_FS                           0x0800033f   Thumb Code     4  usbd_cdc_if.o(i.CDC_Control_FS)
    i.CDC_DeInit_FS                          0x08000342   Section        0  usbd_cdc_if.o(i.CDC_DeInit_FS)
    CDC_DeInit_FS                            0x08000343   Thumb Code     4  usbd_cdc_if.o(i.CDC_DeInit_FS)
    i.CDC_Init_FS                            0x08000348   Section        0  usbd_cdc_if.o(i.CDC_Init_FS)
    CDC_Init_FS                              0x08000349   Thumb Code    26  usbd_cdc_if.o(i.CDC_Init_FS)
    i.CDC_Receive_FS                         0x0800036c   Section        0  usbd_cdc_if.o(i.CDC_Receive_FS)
    CDC_Receive_FS                           0x0800036d   Thumb Code    52  usbd_cdc_if.o(i.CDC_Receive_FS)
    i.CDC_Transmit_FS                        0x080003a8   Section        0  usbd_cdc_if.o(i.CDC_Transmit_FS)
    i.CRC16_IN                               0x080003d4   Section        0  modbus.o(i.CRC16_IN)
    i.CRC16_OUT                              0x08000430   Section        0  modbus.o(i.CRC16_OUT)
    i.Error_Handler                          0x0800047c   Section        0  main.o(i.Error_Handler)
    i.HAL_GPIO_Init                          0x08000480   Section        0  stm32f3xx_hal_gpio.o(i.HAL_GPIO_Init)
    i.HAL_GPIO_TogglePin                     0x08000608   Section        0  stm32f3xx_hal_gpio.o(i.HAL_GPIO_TogglePin)
    i.HAL_GPIO_WritePin                      0x08000610   Section        0  stm32f3xx_hal_gpio.o(i.HAL_GPIO_WritePin)
    i.HAL_GetTick                            0x0800061c   Section        0  stm32f3xx_hal.o(i.HAL_GetTick)
    i.HAL_IncTick                            0x08000628   Section        0  stm32f3xx_hal.o(i.HAL_IncTick)
    i.HAL_Init                               0x08000638   Section        0  stm32f3xx_hal.o(i.HAL_Init)
    i.HAL_InitTick                           0x0800065c   Section        0  stm32f3xx_hal.o(i.HAL_InitTick)
    i.HAL_MspInit                            0x08000684   Section        0  stm32f3xx_hal_msp.o(i.HAL_MspInit)
    i.HAL_NVIC_EnableIRQ                     0x080006f4   Section        0  stm32f3xx_hal_cortex.o(i.HAL_NVIC_EnableIRQ)
    i.HAL_NVIC_SetPriority                   0x0800070c   Section        0  stm32f3xx_hal_cortex.o(i.HAL_NVIC_SetPriority)
    i.HAL_NVIC_SetPriorityGrouping           0x0800074c   Section        0  stm32f3xx_hal_cortex.o(i.HAL_NVIC_SetPriorityGrouping)
    i.HAL_PCDEx_PMAConfig                    0x08000770   Section        0  stm32f3xx_hal_pcd_ex.o(i.HAL_PCDEx_PMAConfig)
    i.HAL_PCDEx_SetConnectionState           0x080007ac   Section        0  usbd_conf.o(i.HAL_PCDEx_SetConnectionState)
    i.HAL_PCD_DataInStageCallback            0x080007ae   Section        0  usbd_conf.o(i.HAL_PCD_DataInStageCallback)
    i.HAL_PCD_DataOutStageCallback           0x080007c0   Section        0  usbd_conf.o(i.HAL_PCD_DataOutStageCallback)
    i.HAL_PCD_EP_Close                       0x080007d4   Section        0  stm32f3xx_hal_pcd.o(i.HAL_PCD_EP_Close)
    i.HAL_PCD_EP_ClrStall                    0x08000930   Section        0  stm32f3xx_hal_pcd.o(i.HAL_PCD_EP_ClrStall)
    i.HAL_PCD_EP_GetRxCount                  0x080009e2   Section        0  stm32f3xx_hal_pcd.o(i.HAL_PCD_EP_GetRxCount)
    i.HAL_PCD_EP_Open                        0x080009f6   Section        0  stm32f3xx_hal_pcd.o(i.HAL_PCD_EP_Open)
    i.HAL_PCD_EP_Receive                     0x08000cc8   Section        0  stm32f3xx_hal_pcd.o(i.HAL_PCD_EP_Receive)
    i.HAL_PCD_EP_SetStall                    0x08000dae   Section        0  stm32f3xx_hal_pcd.o(i.HAL_PCD_EP_SetStall)
    i.HAL_PCD_EP_Transmit                    0x08000e38   Section        0  stm32f3xx_hal_pcd.o(i.HAL_PCD_EP_Transmit)
    i.HAL_PCD_IRQHandler                     0x08000f1e   Section        0  stm32f3xx_hal_pcd.o(i.HAL_PCD_IRQHandler)
    i.HAL_PCD_Init                           0x0800101a   Section        0  stm32f3xx_hal_pcd.o(i.HAL_PCD_Init)
    i.HAL_PCD_MspInit                        0x080010c0   Section        0  usbd_conf.o(i.HAL_PCD_MspInit)
    i.HAL_PCD_ResetCallback                  0x0800111c   Section        0  usbd_conf.o(i.HAL_PCD_ResetCallback)
    i.HAL_PCD_ResumeCallback                 0x08001136   Section        0  usbd_conf.o(i.HAL_PCD_ResumeCallback)
    i.HAL_PCD_SOFCallback                    0x0800113e   Section        0  usbd_conf.o(i.HAL_PCD_SOFCallback)
    i.HAL_PCD_SetAddress                     0x08001146   Section        0  stm32f3xx_hal_pcd.o(i.HAL_PCD_SetAddress)
    i.HAL_PCD_SetupStageCallback             0x08001172   Section        0  usbd_conf.o(i.HAL_PCD_SetupStageCallback)
    i.HAL_PCD_Start                          0x08001180   Section        0  stm32f3xx_hal_pcd.o(i.HAL_PCD_Start)
    i.HAL_PCD_SuspendCallback                0x0800118c   Section        0  usbd_conf.o(i.HAL_PCD_SuspendCallback)
    i.HAL_RCCEx_PeriphCLKConfig              0x080011b0   Section        0  stm32f3xx_hal_rcc_ex.o(i.HAL_RCCEx_PeriphCLKConfig)
    i.HAL_RCC_ClockConfig                    0x080013c8   Section        0  stm32f3xx_hal_rcc.o(i.HAL_RCC_ClockConfig)
    i.HAL_RCC_GetHCLKFreq                    0x08001550   Section        0  stm32f3xx_hal_rcc.o(i.HAL_RCC_GetHCLKFreq)
    i.HAL_RCC_GetSysClockFreq                0x0800155c   Section        0  stm32f3xx_hal_rcc.o(i.HAL_RCC_GetSysClockFreq)
    i.HAL_RCC_OscConfig                      0x080015c0   Section        0  stm32f3xx_hal_rcc.o(i.HAL_RCC_OscConfig)
    i.HAL_SYSTICK_CLKSourceConfig            0x08001b6c   Section        0  stm32f3xx_hal_cortex.o(i.HAL_SYSTICK_CLKSourceConfig)
    i.HAL_SYSTICK_Config                     0x08001b84   Section        0  stm32f3xx_hal_cortex.o(i.HAL_SYSTICK_Config)
    i.MX_FREERTOS_Init                       0x08001bac   Section        0  freertos.o(i.MX_FREERTOS_Init)
    i.MX_GPIO_Init                           0x08001bd4   Section        0  gpio.o(i.MX_GPIO_Init)
    i.MX_USB_DEVICE_Init                     0x08001d48   Section        0  usb_device.o(i.MX_USB_DEVICE_Init)
    i.ModBusParse                            0x08001d80   Section        0  modbus.o(i.ModBusParse)
    i.ModBusTask                             0x08001e00   Section        0  modbus.o(i.ModBusTask)
    i.ModBus_Init                            0x08001e48   Section        0  modbus.o(i.ModBus_Init)
    i.ModBus_SetAddress                      0x08001ea0   Section        0  modbus.o(i.ModBus_SetAddress)
    i.NVIC_SetPriority                       0x08001eac   Section        0  stm32f3xx_hal_cortex.o(i.NVIC_SetPriority)
    NVIC_SetPriority                         0x08001ead   Thumb Code    32  stm32f3xx_hal_cortex.o(i.NVIC_SetPriority)
    i.PCD_EP_ISR_Handler                     0x08001ecc   Section        0  stm32f3xx_hal_pcd.o(i.PCD_EP_ISR_Handler)
    PCD_EP_ISR_Handler                       0x08001ecd   Thumb Code   870  stm32f3xx_hal_pcd.o(i.PCD_EP_ISR_Handler)
    i.PCD_ReadPMA                            0x08002234   Section        0  stm32f3xx_hal_pcd_ex.o(i.PCD_ReadPMA)
    i.PCD_WritePMA                           0x08002262   Section        0  stm32f3xx_hal_pcd_ex.o(i.PCD_WritePMA)
    i.StartDefaultTask                       0x08002288   Section        0  freertos.o(i.StartDefaultTask)
    i.SysTick_Handler                        0x080022e0   Section        0  stm32f3xx_it.o(i.SysTick_Handler)
    i.SystemClock_Config                     0x080022ee   Section        0  main.o(i.SystemClock_Config)
    i.SystemInit                             0x08002368   Section        0  system_stm32f3xx.o(i.SystemInit)
    i.USBD_CDC_DataIn                        0x080023d0   Section        0  usbd_cdc.o(i.USBD_CDC_DataIn)
    USBD_CDC_DataIn                          0x080023d1   Thumb Code    20  usbd_cdc.o(i.USBD_CDC_DataIn)
    i.USBD_CDC_DataOut                       0x080023e4   Section        0  usbd_cdc.o(i.USBD_CDC_DataOut)
    USBD_CDC_DataOut                         0x080023e5   Thumb Code    46  usbd_cdc.o(i.USBD_CDC_DataOut)
    i.USBD_CDC_DeInit                        0x08002412   Section        0  usbd_cdc.o(i.USBD_CDC_DeInit)
    USBD_CDC_DeInit                          0x08002413   Thumb Code    60  usbd_cdc.o(i.USBD_CDC_DeInit)
    i.USBD_CDC_EP0_RxReady                   0x0800244e   Section        0  usbd_cdc.o(i.USBD_CDC_EP0_RxReady)
    USBD_CDC_EP0_RxReady                     0x0800244f   Thumb Code    36  usbd_cdc.o(i.USBD_CDC_EP0_RxReady)
    i.USBD_CDC_GetDeviceQualifierDescriptor  0x08002474   Section        0  usbd_cdc.o(i.USBD_CDC_GetDeviceQualifierDescriptor)
    i.USBD_CDC_GetFSCfgDesc                  0x08002480   Section        0  usbd_cdc.o(i.USBD_CDC_GetFSCfgDesc)
    USBD_CDC_GetFSCfgDesc                    0x08002481   Thumb Code     8  usbd_cdc.o(i.USBD_CDC_GetFSCfgDesc)
    i.USBD_CDC_GetHSCfgDesc                  0x0800248c   Section        0  usbd_cdc.o(i.USBD_CDC_GetHSCfgDesc)
    USBD_CDC_GetHSCfgDesc                    0x0800248d   Thumb Code     8  usbd_cdc.o(i.USBD_CDC_GetHSCfgDesc)
    i.USBD_CDC_GetOtherSpeedCfgDesc          0x08002498   Section        0  usbd_cdc.o(i.USBD_CDC_GetOtherSpeedCfgDesc)
    USBD_CDC_GetOtherSpeedCfgDesc            0x08002499   Thumb Code     8  usbd_cdc.o(i.USBD_CDC_GetOtherSpeedCfgDesc)
    i.USBD_CDC_Init                          0x080024a4   Section        0  usbd_cdc.o(i.USBD_CDC_Init)
    USBD_CDC_Init                            0x080024a5   Thumb Code   136  usbd_cdc.o(i.USBD_CDC_Init)
    i.USBD_CDC_ReceivePacket                 0x0800252c   Section        0  usbd_cdc.o(i.USBD_CDC_ReceivePacket)
    i.USBD_CDC_RegisterInterface             0x08002554   Section        0  usbd_cdc.o(i.USBD_CDC_RegisterInterface)
    i.USBD_CDC_SetRxBuffer                   0x08002564   Section        0  usbd_cdc.o(i.USBD_CDC_SetRxBuffer)
    i.USBD_CDC_SetTxBuffer                   0x08002570   Section        0  usbd_cdc.o(i.USBD_CDC_SetTxBuffer)
    i.USBD_CDC_Setup                         0x08002580   Section        0  usbd_cdc.o(i.USBD_CDC_Setup)
    USBD_CDC_Setup                           0x08002581   Thumb Code   106  usbd_cdc.o(i.USBD_CDC_Setup)
    i.USBD_CDC_TransmitPacket                0x080025f0   Section        0  usbd_cdc.o(i.USBD_CDC_TransmitPacket)
    i.USBD_ClrClassConfig                    0x08002620   Section        0  usbd_core.o(i.USBD_ClrClassConfig)
    i.USBD_CtlContinueRx                     0x0800262e   Section        0  usbd_ioreq.o(i.USBD_CtlContinueRx)
    i.USBD_CtlContinueSendData               0x0800263e   Section        0  usbd_ioreq.o(i.USBD_CtlContinueSendData)
    i.USBD_CtlError                          0x0800264e   Section        0  usbd_ctlreq.o(i.USBD_CtlError)
    i.USBD_CtlPrepareRx                      0x08002664   Section        0  usbd_ioreq.o(i.USBD_CtlPrepareRx)
    i.USBD_CtlReceiveStatus                  0x08002682   Section        0  usbd_ioreq.o(i.USBD_CtlReceiveStatus)
    i.USBD_CtlSendData                       0x08002698   Section        0  usbd_ioreq.o(i.USBD_CtlSendData)
    i.USBD_CtlSendStatus                     0x080026b2   Section        0  usbd_ioreq.o(i.USBD_CtlSendStatus)
    i.USBD_FS_ConfigStrDescriptor            0x080026c8   Section        0  usbd_desc.o(i.USBD_FS_ConfigStrDescriptor)
    i.USBD_FS_DeviceDescriptor               0x080026e8   Section        0  usbd_desc.o(i.USBD_FS_DeviceDescriptor)
    i.USBD_FS_InterfaceStrDescriptor         0x080026f4   Section        0  usbd_desc.o(i.USBD_FS_InterfaceStrDescriptor)
    i.USBD_FS_LangIDStrDescriptor            0x08002718   Section        0  usbd_desc.o(i.USBD_FS_LangIDStrDescriptor)
    i.USBD_FS_ManufacturerStrDescriptor      0x08002724   Section        0  usbd_desc.o(i.USBD_FS_ManufacturerStrDescriptor)
    i.USBD_FS_ProductStrDescriptor           0x0800274c   Section        0  usbd_desc.o(i.USBD_FS_ProductStrDescriptor)
    i.USBD_FS_SerialStrDescriptor            0x08002778   Section        0  usbd_desc.o(i.USBD_FS_SerialStrDescriptor)
    i.USBD_GetDescriptor                     0x0800279c   Section        0  usbd_ctlreq.o(i.USBD_GetDescriptor)
    USBD_GetDescriptor                       0x0800279d   Thumb Code   224  usbd_ctlreq.o(i.USBD_GetDescriptor)
    i.USBD_GetString                         0x0800287c   Section        0  usbd_ctlreq.o(i.USBD_GetString)
    i.USBD_Init                              0x080028c2   Section        0  usbd_core.o(i.USBD_Init)
    i.USBD_LL_ClearStallEP                   0x080028ec   Section        0  usbd_conf.o(i.USBD_LL_ClearStallEP)
    i.USBD_LL_CloseEP                        0x0800290c   Section        0  usbd_conf.o(i.USBD_LL_CloseEP)
    i.USBD_LL_DataInStage                    0x0800292c   Section        0  usbd_core.o(i.USBD_LL_DataInStage)
    i.USBD_LL_DataOutStage                   0x080029d6   Section        0  usbd_core.o(i.USBD_LL_DataOutStage)
    i.USBD_LL_GetRxDataSize                  0x08002a40   Section        0  usbd_conf.o(i.USBD_LL_GetRxDataSize)
    i.USBD_LL_Init                           0x08002a48   Section        0  usbd_conf.o(i.USBD_LL_Init)
    i.USBD_LL_IsStallEP                      0x08002acc   Section        0  usbd_conf.o(i.USBD_LL_IsStallEP)
    i.USBD_LL_OpenEP                         0x08002aec   Section        0  usbd_conf.o(i.USBD_LL_OpenEP)
    i.USBD_LL_PrepareReceive                 0x08002b12   Section        0  usbd_conf.o(i.USBD_LL_PrepareReceive)
    i.USBD_LL_Reset                          0x08002b32   Section        0  usbd_core.o(i.USBD_LL_Reset)
    i.USBD_LL_Resume                         0x08002b70   Section        0  usbd_core.o(i.USBD_LL_Resume)
    i.USBD_LL_SOF                            0x08002b7c   Section        0  usbd_core.o(i.USBD_LL_SOF)
    i.USBD_LL_SetSpeed                       0x08002b94   Section        0  usbd_core.o(i.USBD_LL_SetSpeed)
    i.USBD_LL_SetUSBAddress                  0x08002b9a   Section        0  usbd_conf.o(i.USBD_LL_SetUSBAddress)
    i.USBD_LL_SetupStage                     0x08002bba   Section        0  usbd_core.o(i.USBD_LL_SetupStage)
    i.USBD_LL_StallEP                        0x08002c14   Section        0  usbd_conf.o(i.USBD_LL_StallEP)
    i.USBD_LL_Start                          0x08002c34   Section        0  usbd_conf.o(i.USBD_LL_Start)
    i.USBD_LL_Suspend                        0x08002c54   Section        0  usbd_core.o(i.USBD_LL_Suspend)
    i.USBD_LL_Transmit                       0x08002c66   Section        0  usbd_conf.o(i.USBD_LL_Transmit)
    i.USBD_ParseSetupRequest                 0x08002c86   Section        0  usbd_ctlreq.o(i.USBD_ParseSetupRequest)
    i.USBD_RegisterClass                     0x08002cae   Section        0  usbd_core.o(i.USBD_RegisterClass)
    i.USBD_SetClassConfig                    0x08002cbe   Section        0  usbd_core.o(i.USBD_SetClassConfig)
    i.USBD_SetConfig                         0x08002cd4   Section        0  usbd_ctlreq.o(i.USBD_SetConfig)
    USBD_SetConfig                           0x08002cd5   Thumb Code   110  usbd_ctlreq.o(i.USBD_SetConfig)
    i.USBD_Start                             0x08002d48   Section        0  usbd_core.o(i.USBD_Start)
    i.USBD_StdDevReq                         0x08002d52   Section        0  usbd_ctlreq.o(i.USBD_StdDevReq)
    i.USBD_StdEPReq                          0x08002e44   Section        0  usbd_ctlreq.o(i.USBD_StdEPReq)
    i.USBD_StdItfReq                         0x08002f20   Section        0  usbd_ctlreq.o(i.USBD_StdItfReq)
    i.USBD_static_free                       0x08002f54   Section        0  usbd_conf.o(i.USBD_static_free)
    i.USBD_static_malloc                     0x08002f58   Section        0  usbd_conf.o(i.USBD_static_malloc)
    i.USB_LP_CAN_RX0_IRQHandler              0x08002f60   Section        0  stm32f3xx_it.o(i.USB_LP_CAN_RX0_IRQHandler)
    i.__scatterload_copy                     0x08002f6c   Section       14  handlers.o(i.__scatterload_copy)
    i.__scatterload_null                     0x08002f7a   Section        2  handlers.o(i.__scatterload_null)
    i.__scatterload_zeroinit                 0x08002f7c   Section       14  handlers.o(i.__scatterload_zeroinit)
    i.inHandlerMode                          0x08002f8a   Section        0  cmsis_os.o(i.inHandlerMode)
    inHandlerMode                            0x08002f8b   Thumb Code    12  cmsis_os.o(i.inHandlerMode)
    i.main                                   0x08002f96   Section        0  main.o(i.main)
    i.makeFreeRtosPriority                   0x08002fb6   Section        0  cmsis_os.o(i.makeFreeRtosPriority)
    makeFreeRtosPriority                     0x08002fb7   Thumb Code    12  cmsis_os.o(i.makeFreeRtosPriority)
    i.osKernelStart                          0x08002fc2   Section        0  cmsis_os.o(i.osKernelStart)
    i.osMessageCreate                        0x08002fcc   Section        0  cmsis_os.o(i.osMessageCreate)
    i.osMessageGet                           0x08002fd4   Section        0  cmsis_os.o(i.osMessageGet)
    i.osMessagePut                           0x0800306c   Section        0  cmsis_os.o(i.osMessagePut)
    i.osSystickHandler                       0x080030c8   Section        0  cmsis_os.o(i.osSystickHandler)
    i.osThreadCreate                         0x080030dc   Section        0  cmsis_os.o(i.osThreadCreate)
    i.prvAddCurrentTaskToDelayedList         0x0800310c   Section        0  tasks.o(i.prvAddCurrentTaskToDelayedList)
    prvAddCurrentTaskToDelayedList           0x0800310d   Thumb Code   102  tasks.o(i.prvAddCurrentTaskToDelayedList)
    i.prvAddNewTaskToReadyList               0x0800317c   Section        0  tasks.o(i.prvAddNewTaskToReadyList)
    prvAddNewTaskToReadyList                 0x0800317d   Thumb Code   196  tasks.o(i.prvAddNewTaskToReadyList)
    i.prvCheckTasksWaitingTermination        0x0800324c   Section        0  tasks.o(i.prvCheckTasksWaitingTermination)
    prvCheckTasksWaitingTermination          0x0800324d   Thumb Code    70  tasks.o(i.prvCheckTasksWaitingTermination)
    i.prvCopyDataFromQueue                   0x0800329c   Section        0  queue.o(i.prvCopyDataFromQueue)
    prvCopyDataFromQueue                     0x0800329d   Thumb Code    38  queue.o(i.prvCopyDataFromQueue)
    i.prvCopyDataToQueue                     0x080032c2   Section        0  queue.o(i.prvCopyDataToQueue)
    prvCopyDataToQueue                       0x080032c3   Thumb Code   108  queue.o(i.prvCopyDataToQueue)
    i.prvDeleteTCB                           0x0800332e   Section        0  tasks.o(i.prvDeleteTCB)
    prvDeleteTCB                             0x0800332f   Thumb Code    20  tasks.o(i.prvDeleteTCB)
    i.prvHeapInit                            0x08003344   Section        0  heap_4.o(i.prvHeapInit)
    prvHeapInit                              0x08003345   Thumb Code    66  heap_4.o(i.prvHeapInit)
    i.prvIdleTask                            0x08003390   Section        0  tasks.o(i.prvIdleTask)
    prvIdleTask                              0x08003391   Thumb Code    30  tasks.o(i.prvIdleTask)
    i.prvInitialiseNewTask                   0x080033b8   Section        0  tasks.o(i.prvInitialiseNewTask)
    prvInitialiseNewTask                     0x080033b9   Thumb Code   156  tasks.o(i.prvInitialiseNewTask)
    i.prvInsertBlockIntoFreeList             0x08003454   Section        0  heap_4.o(i.prvInsertBlockIntoFreeList)
    prvInsertBlockIntoFreeList               0x08003455   Thumb Code    72  heap_4.o(i.prvInsertBlockIntoFreeList)
    i.prvIsQueueEmpty                        0x080034a0   Section        0  queue.o(i.prvIsQueueEmpty)
    prvIsQueueEmpty                          0x080034a1   Thumb Code    28  queue.o(i.prvIsQueueEmpty)
    i.prvResetNextTaskUnblockTime            0x080034bc   Section        0  tasks.o(i.prvResetNextTaskUnblockTime)
    prvResetNextTaskUnblockTime              0x080034bd   Thumb Code    26  tasks.o(i.prvResetNextTaskUnblockTime)
    i.prvTaskExitError                       0x080034dc   Section        0  port.o(i.prvTaskExitError)
    prvTaskExitError                         0x080034dd   Thumb Code    36  port.o(i.prvTaskExitError)
    i.prvUnlockQueue                         0x08003504   Section        0  queue.o(i.prvUnlockQueue)
    prvUnlockQueue                           0x08003505   Thumb Code   106  queue.o(i.prvUnlockQueue)
    i.pvPortMalloc                           0x08003570   Section        0  heap_4.o(i.pvPortMalloc)
    i.pvTaskIncrementMutexHeldCount          0x08003648   Section        0  tasks.o(i.pvTaskIncrementMutexHeldCount)
    i.pxPortInitialiseStack                  0x08003660   Section        0  port.o(i.pxPortInitialiseStack)
    i.uxListRemove                           0x0800368c   Section        0  list.o(i.uxListRemove)
    i.vListInitialise                        0x080036b0   Section        0  list.o(i.vListInitialise)
    i.vListInitialiseItem                    0x080036c6   Section        0  list.o(i.vListInitialiseItem)
    i.vListInsert                            0x080036cc   Section        0  list.o(i.vListInsert)
    i.vListInsertEnd                         0x080036fc   Section        0  list.o(i.vListInsertEnd)
    i.vPortEnterCritical                     0x08003714   Section        0  port.o(i.vPortEnterCritical)
    i.vPortExitCritical                      0x08003754   Section        0  port.o(i.vPortExitCritical)
    i.vPortFree                              0x0800377c   Section        0  heap_4.o(i.vPortFree)
    i.vPortSetupTimerInterrupt               0x080037d8   Section        0  port.o(i.vPortSetupTimerInterrupt)
    i.vPortValidateInterruptPriority         0x080037f8   Section        0  port.o(i.vPortValidateInterruptPriority)
    i.vTaskMissedYield                       0x0800384c   Section        0  tasks.o(i.vTaskMissedYield)
    i.vTaskPlaceOnEventList                  0x08003858   Section        0  tasks.o(i.vTaskPlaceOnEventList)
    i.vTaskPriorityInherit                   0x08003888   Section        0  tasks.o(i.vTaskPriorityInherit)
    i.vTaskSetTimeOutState                   0x0800390c   Section        0  tasks.o(i.vTaskSetTimeOutState)
    i.vTaskStartScheduler                    0x08003930   Section        0  tasks.o(i.vTaskStartScheduler)
    i.vTaskSuspendAll                        0x08003998   Section        0  tasks.o(i.vTaskSuspendAll)
    i.vTaskSwitchContext                     0x080039a8   Section        0  tasks.o(i.vTaskSwitchContext)
    i.xPortStartScheduler                    0x08003a04   Section        0  port.o(i.xPortStartScheduler)
    i.xPortSysTickHandler                    0x08003ae4   Section        0  port.o(i.xPortSysTickHandler)
    i.xQueueGenericCreate                    0x08003b10   Section        0  queue.o(i.xQueueGenericCreate)
    i.xQueueGenericReceive                   0x08003b64   Section        0  queue.o(i.xQueueGenericReceive)
    i.xQueueGenericReset                     0x08003cd0   Section        0  queue.o(i.xQueueGenericReset)
    i.xQueueGenericSend                      0x08003d58   Section        0  queue.o(i.xQueueGenericSend)
    i.xQueueGenericSendFromISR               0x08003eb8   Section        0  queue.o(i.xQueueGenericSendFromISR)
    i.xQueueReceiveFromISR                   0x08003f74   Section        0  queue.o(i.xQueueReceiveFromISR)
    i.xTaskCheckForTimeOut                   0x08004010   Section        0  tasks.o(i.xTaskCheckForTimeOut)
    i.xTaskCreate                            0x0800407c   Section        0  tasks.o(i.xTaskCreate)
    i.xTaskGetSchedulerState                 0x080040d4   Section        0  tasks.o(i.xTaskGetSchedulerState)
    i.xTaskIncrementTick                     0x080040f0   Section        0  tasks.o(i.xTaskIncrementTick)
    i.xTaskPriorityDisinherit                0x080041b8   Section        0  tasks.o(i.xTaskPriorityDisinherit)
    i.xTaskRemoveFromEventList               0x08004250   Section        0  tasks.o(i.xTaskRemoveFromEventList)
    i.xTaskResumeAll                         0x080042c4   Section        0  tasks.o(i.xTaskResumeAll)
    .constdata                               0x08004388   Section       32  stm32f3xx_hal_rcc.o(.constdata)
    .constdata                               0x080043a8   Section       20  freertos.o(.constdata)
    .constdata                               0x080043bc   Section       36  modbus.o(.constdata)
    .constdata                               0x080043e0   Section       16  system_stm32f3xx.o(.constdata)
    .conststring                             0x080043f0   Section       12  freertos.o(.conststring)
    .conststring                             0x080043fc   Section       11  modbus.o(.conststring)
    .data                                    0x20000000   Section        4  stm32f3xx_hal.o(.data)
    .data                                    0x20000004   Section       16  usbd_cdc_if.o(.data)
    .data                                    0x20000014   Section        8  usbd_cdc_if.o(.data)
    .data                                    0x2000001c   Section        4  freertos.o(.data)
    .data                                    0x20000020   Section       28  usbd_desc.o(.data)
    .data                                    0x2000003c   Section       22  usbd_desc.o(.data)
    .data                                    0x20000054   Section       16  modbus.o(.data)
    .data                                    0x20000064   Section        1  usbd_ctlreq.o(.data)
    cfgidx                                   0x20000064   Data           1  usbd_ctlreq.o(.data)
    .data                                    0x20000068   Section      219  usbd_cdc.o(.data)
    ifalt                                    0x20000068   Data           1  usbd_cdc.o(.data)
    USBD_CDC_DeviceQualifierDesc             0x2000006c   Data          10  usbd_cdc.o(.data)
    .data                                    0x20000144   Section       56  usbd_cdc.o(.data)
    .data                                    0x2000017c   Section       24  heap_4.o(.data)
    pxEnd                                    0x2000017c   Data           4  heap_4.o(.data)
    xFreeBytesRemaining                      0x20000180   Data           4  heap_4.o(.data)
    xMinimumEverFreeBytesRemaining           0x20000184   Data           4  heap_4.o(.data)
    xBlockAllocatedBit                       0x20000188   Data           4  heap_4.o(.data)
    xStart                                   0x2000018c   Data           8  heap_4.o(.data)
    .data                                    0x20000194   Section       60  tasks.o(.data)
    uxDeletedTasksWaitingCleanUp             0x20000198   Data           4  tasks.o(.data)
    uxCurrentNumberOfTasks                   0x2000019c   Data           4  tasks.o(.data)
    xTickCount                               0x200001a0   Data           4  tasks.o(.data)
    uxTopReadyPriority                       0x200001a4   Data           4  tasks.o(.data)
    xSchedulerRunning                        0x200001a8   Data           4  tasks.o(.data)
    uxPendedTicks                            0x200001ac   Data           4  tasks.o(.data)
    xYieldPending                            0x200001b0   Data           4  tasks.o(.data)
    xNumOfOverflows                          0x200001b4   Data           4  tasks.o(.data)
    uxTaskNumber                             0x200001b8   Data           4  tasks.o(.data)
    xNextTaskUnblockTime                     0x200001bc   Data           4  tasks.o(.data)
    xIdleTaskHandle                          0x200001c0   Data           4  tasks.o(.data)
    uxSchedulerSuspended                     0x200001c4   Data           4  tasks.o(.data)
    pxDelayedTaskList                        0x200001c8   Data           4  tasks.o(.data)
    pxOverflowDelayedTaskList                0x200001cc   Data           4  tasks.o(.data)
    .data                                    0x200001d0   Section       12  port.o(.data)
    ucMaxSysCallPriority                     0x200001d0   Data           1  port.o(.data)
    uxCriticalNesting                        0x200001d4   Data           4  port.o(.data)
    ulMaxPRIGROUPValue                       0x200001d8   Data           4  port.o(.data)
    .data                                    0x200001dc   Section        4  system_stm32f3xx.o(.data)
    .bss                                     0x200001e0   Section     1480  usbd_conf.o(.bss)
    mem                                      0x200001e0   Data         544  usbd_conf.o(.bss)
    .bss                                     0x200007a8   Section      548  usb_device.o(.bss)
    .bss                                     0x200009cc   Section      512  usbd_desc.o(.bss)
    .bss                                     0x20000bcc   Section      512  modbus.o(.bss)
    .bss                                     0x20000dcc   Section     3072  heap_4.o(.bss)
    ucHeap                                   0x20000dcc   Data        3072  heap_4.o(.bss)
    .bss                                     0x200019cc   Section      240  tasks.o(.bss)
    pxReadyTasksLists                        0x200019cc   Data         140  tasks.o(.bss)
    xDelayedTaskList1                        0x20001a58   Data          20  tasks.o(.bss)
    xDelayedTaskList2                        0x20001a6c   Data          20  tasks.o(.bss)
    xPendingReadyList                        0x20001a80   Data          20  tasks.o(.bss)
    xTasksWaitingTermination                 0x20001a94   Data          20  tasks.o(.bss)
    xSuspendedTaskList                       0x20001aa8   Data          20  tasks.o(.bss)
    STACK                                    0x20001ac0   Section     1024  startup_stm32f303xc.o(STACK)

    Global Symbols

    Symbol Name                              Value     Ov Type        Size  Object(Section)

    BuildAttributes$$THM_ISAv4$E$P$D$K$B$S$7EM$VFPi3$EXTD16$VFPS$VFMA$PE$A:L22UL41UL21$X:L11$S22US41US21$IEEE1$IW$USESV6$~STKCKD$USESV7$~SHL$OSPACE$EBA8$MICROLIB$REQ8$PRES8$EABIv2 0x00000000   Number         0  anon$$obj.o ABSOLUTE
    __ARM_use_no_argv                        0x00000000   Number         0  main.o ABSOLUTE
    __cpp_initialize__aeabi_                  - Undefined Weak Reference
    __cxa_finalize                            - Undefined Weak Reference
    _clock_init                               - Undefined Weak Reference
    _microlib_exit                            - Undefined Weak Reference
    __Vectors_Size                           0x00000188   Number         0  startup_stm32f303xc.o ABSOLUTE
    __Vectors                                0x08000000   Data           4  startup_stm32f303xc.o(RESET)
    __Vectors_End                            0x08000188   Data           0  startup_stm32f303xc.o(RESET)
    __main                                   0x08000189   Thumb Code     0  entry.o(.ARM.Collect$$$$00000000)
    _main_stk                                0x08000189   Thumb Code     0  entry2.o(.ARM.Collect$$$$00000001)
    _main_scatterload                        0x0800018d   Thumb Code     0  entry5.o(.ARM.Collect$$$$00000004)
    __main_after_scatterload                 0x08000191   Thumb Code     0  entry5.o(.ARM.Collect$$$$00000004)
    _main_clock                              0x08000191   Thumb Code     0  entry7b.o(.ARM.Collect$$$$00000008)
    _main_cpp_init                           0x08000191   Thumb Code     0  entry8b.o(.ARM.Collect$$$$0000000A)
    _main_init                               0x08000191   Thumb Code     0  entry9a.o(.ARM.Collect$$$$0000000B)
    __rt_final_cpp                           0x08000199   Thumb Code     0  entry10a.o(.ARM.Collect$$$$0000000D)
    __rt_final_exit                          0x08000199   Thumb Code     0  entry11a.o(.ARM.Collect$$$$0000000F)
    SVC_Handler                              0x0800019d   Thumb Code    28  port.o(.emb_text)
    __asm___6_port_c_39a90d8d__prvStartFirstTask 0x080001bd   Thumb Code    28  port.o(.emb_text)
    __asm___6_port_c_39a90d8d__prvEnableVFP  0x080001dd   Thumb Code    16  port.o(.emb_text)
    PendSV_Handler                           0x080001f1   Thumb Code    92  port.o(.emb_text)
    vPortGetIPSR                             0x08000251   Thumb Code     6  port.o(.emb_text)
    Reset_Handler                            0x08000259   Thumb Code     8  startup_stm32f303xc.o(.text)
    NMI_Handler                              0x08000261   Thumb Code     2  startup_stm32f303xc.o(.text)
    HardFault_Handler                        0x08000263   Thumb Code     2  startup_stm32f303xc.o(.text)
    MemManage_Handler                        0x08000265   Thumb Code     2  startup_stm32f303xc.o(.text)
    BusFault_Handler                         0x08000267   Thumb Code     2  startup_stm32f303xc.o(.text)
    UsageFault_Handler                       0x08000269   Thumb Code     2  startup_stm32f303xc.o(.text)
    DebugMon_Handler                         0x0800026d   Thumb Code     2  startup_stm32f303xc.o(.text)
    ADC1_2_IRQHandler                        0x08000273   Thumb Code     0  startup_stm32f303xc.o(.text)
    ADC3_IRQHandler                          0x08000273   Thumb Code     0  startup_stm32f303xc.o(.text)
    ADC4_IRQHandler                          0x08000273   Thumb Code     0  startup_stm32f303xc.o(.text)
    CAN_RX1_IRQHandler                       0x08000273   Thumb Code     0  startup_stm32f303xc.o(.text)
    CAN_SCE_IRQHandler                       0x08000273   Thumb Code     0  startup_stm32f303xc.o(.text)
    COMP1_2_3_IRQHandler                     0x08000273   Thumb Code     0  startup_stm32f303xc.o(.text)
    COMP4_5_6_IRQHandler                     0x08000273   Thumb Code     0  startup_stm32f303xc.o(.text)
    COMP7_IRQHandler                         0x08000273   Thumb Code     0  startup_stm32f303xc.o(.text)
    DMA1_Channel1_IRQHandler                 0x08000273   Thumb Code     0  startup_stm32f303xc.o(.text)
    DMA1_Channel2_IRQHandler                 0x08000273   Thumb Code     0  startup_stm32f303xc.o(.text)
    DMA1_Channel3_IRQHandler                 0x08000273   Thumb Code     0  startup_stm32f303xc.o(.text)
    DMA1_Channel4_IRQHandler                 0x08000273   Thumb Code     0  startup_stm32f303xc.o(.text)
    DMA1_Channel5_IRQHandler                 0x08000273   Thumb Code     0  startup_stm32f303xc.o(.text)
    DMA1_Channel6_IRQHandler                 0x08000273   Thumb Code     0  startup_stm32f303xc.o(.text)
    DMA1_Channel7_IRQHandler                 0x08000273   Thumb Code     0  startup_stm32f303xc.o(.text)
    DMA2_Channel1_IRQHandler                 0x08000273   Thumb Code     0  startup_stm32f303xc.o(.text)
    DMA2_Channel2_IRQHandler                 0x08000273   Thumb Code     0  startup_stm32f303xc.o(.text)
    DMA2_Channel3_IRQHandler                 0x08000273   Thumb Code     0  startup_stm32f303xc.o(.text)
    DMA2_Channel4_IRQHandler                 0x08000273   Thumb Code     0  startup_stm32f303xc.o(.text)
    DMA2_Channel5_IRQHandler                 0x08000273   Thumb Code     0  startup_stm32f303xc.o(.text)
    EXTI0_IRQHandler                         0x08000273   Thumb Code     0  startup_stm32f303xc.o(.text)
    EXTI15_10_IRQHandler                     0x08000273   Thumb Code     0  startup_stm32f303xc.o(.text)
    EXTI1_IRQHandler                         0x08000273   Thumb Code     0  startup_stm32f303xc.o(.text)
    EXTI2_TSC_IRQHandler                     0x08000273   Thumb Code     0  startup_stm32f303xc.o(.text)
    EXTI3_IRQHandler                         0x08000273   Thumb Code     0  startup_stm32f303xc.o(.text)
    EXTI4_IRQHandler                         0x08000273   Thumb Code     0  startup_stm32f303xc.o(.text)
    EXTI9_5_IRQHandler                       0x08000273   Thumb Code     0  startup_stm32f303xc.o(.text)
    FLASH_IRQHandler                         0x08000273   Thumb Code     0  startup_stm32f303xc.o(.text)
    FPU_IRQHandler                           0x08000273   Thumb Code     0  startup_stm32f303xc.o(.text)
    I2C1_ER_IRQHandler                       0x08000273   Thumb Code     0  startup_stm32f303xc.o(.text)
    I2C1_EV_IRQHandler                       0x08000273   Thumb Code     0  startup_stm32f303xc.o(.text)
    I2C2_ER_IRQHandler                       0x08000273   Thumb Code     0  startup_stm32f303xc.o(.text)
    I2C2_EV_IRQHandler                       0x08000273   Thumb Code     0  startup_stm32f303xc.o(.text)
    PVD_IRQHandler                           0x08000273   Thumb Code     0  startup_stm32f303xc.o(.text)
    RCC_IRQHandler                           0x08000273   Thumb Code     0  startup_stm32f303xc.o(.text)
    RTC_Alarm_IRQHandler                     0x08000273   Thumb Code     0  startup_stm32f303xc.o(.text)
    RTC_WKUP_IRQHandler                      0x08000273   Thumb Code     0  startup_stm32f303xc.o(.text)
    SPI1_IRQHandler                          0x08000273   Thumb Code     0  startup_stm32f303xc.o(.text)
    SPI2_IRQHandler                          0x08000273   Thumb Code     0  startup_stm32f303xc.o(.text)
    SPI3_IRQHandler                          0x08000273   Thumb Code     0  startup_stm32f303xc.o(.text)
    TAMP_STAMP_IRQHandler                    0x08000273   Thumb Code     0  startup_stm32f303xc.o(.text)
    TIM1_BRK_TIM15_IRQHandler                0x08000273   Thumb Code     0  startup_stm32f303xc.o(.text)
    TIM1_CC_IRQHandler                       0x08000273   Thumb Code     0  startup_stm32f303xc.o(.text)
    TIM1_TRG_COM_TIM17_IRQHandler            0x08000273   Thumb Code     0  startup_stm32f303xc.o(.text)
    TIM1_UP_TIM16_IRQHandler                 0x08000273   Thumb Code     0  startup_stm32f303xc.o(.text)
    TIM2_IRQHandler                          0x08000273   Thumb Code     0  startup_stm32f303xc.o(.text)
    TIM3_IRQHandler                          0x08000273   Thumb Code     0  startup_stm32f303xc.o(.text)
    TIM4_IRQHandler                          0x08000273   Thumb Code     0  startup_stm32f303xc.o(.text)
    TIM6_DAC_IRQHandler                      0x08000273   Thumb Code     0  startup_stm32f303xc.o(.text)
    TIM7_IRQHandler                          0x08000273   Thumb Code     0  startup_stm32f303xc.o(.text)
    TIM8_BRK_IRQHandler                      0x08000273   Thumb Code     0  startup_stm32f303xc.o(.text)
    TIM8_CC_IRQHandler                       0x08000273   Thumb Code     0  startup_stm32f303xc.o(.text)
    TIM8_TRG_COM_IRQHandler                  0x08000273   Thumb Code     0  startup_stm32f303xc.o(.text)
    TIM8_UP_IRQHandler                       0x08000273   Thumb Code     0  startup_stm32f303xc.o(.text)
    UART4_IRQHandler                         0x08000273   Thumb Code     0  startup_stm32f303xc.o(.text)
    UART5_IRQHandler                         0x08000273   Thumb Code     0  startup_stm32f303xc.o(.text)
    USART1_IRQHandler                        0x08000273   Thumb Code     0  startup_stm32f303xc.o(.text)
    USART2_IRQHandler                        0x08000273   Thumb Code     0  startup_stm32f303xc.o(.text)
    USART3_IRQHandler                        0x08000273   Thumb Code     0  startup_stm32f303xc.o(.text)
    USBWakeUp_IRQHandler                     0x08000273   Thumb Code     0  startup_stm32f303xc.o(.text)
    USBWakeUp_RMP_IRQHandler                 0x08000273   Thumb Code     0  startup_stm32f303xc.o(.text)
    USB_HP_CAN_TX_IRQHandler                 0x08000273   Thumb Code     0  startup_stm32f303xc.o(.text)
    USB_HP_IRQHandler                        0x08000273   Thumb Code     0  startup_stm32f303xc.o(.text)
    USB_LP_IRQHandler                        0x08000273   Thumb Code     0  startup_stm32f303xc.o(.text)
    WWDG_IRQHandler                          0x08000273   Thumb Code     0  startup_stm32f303xc.o(.text)
    __aeabi_memcpy                           0x0800027d   Thumb Code    36  memcpya.o(.text)
    __aeabi_memcpy4                          0x0800027d   Thumb Code     0  memcpya.o(.text)
    __aeabi_memcpy8                          0x0800027d   Thumb Code     0  memcpya.o(.text)
    __aeabi_memset                           0x080002a1   Thumb Code    14  memseta.o(.text)
    __aeabi_memset4                          0x080002a1   Thumb Code     0  memseta.o(.text)
    __aeabi_memset8                          0x080002a1   Thumb Code     0  memseta.o(.text)
    __aeabi_memclr                           0x080002af   Thumb Code     4  memseta.o(.text)
    __aeabi_memclr4                          0x080002af   Thumb Code     0  memseta.o(.text)
    __aeabi_memclr8                          0x080002af   Thumb Code     0  memseta.o(.text)
    _memset$wrapper                          0x080002b3   Thumb Code    18  memseta.o(.text)
    __scatterload                            0x080002c5   Thumb Code    28  init.o(.text)
    __scatterload_rt2                        0x080002c5   Thumb Code     0  init.o(.text)
    __decompress                             0x080002e9   Thumb Code     0  __dczerorl2.o(.text)
    __decompress1                            0x080002e9   Thumb Code    86  __dczerorl2.o(.text)
    CDC_Transmit_FS                          0x080003a9   Thumb Code    38  usbd_cdc_if.o(i.CDC_Transmit_FS)
    CRC16_IN                                 0x080003d5   Thumb Code    84  modbus.o(i.CRC16_IN)
    CRC16_OUT                                0x08000431   Thumb Code    68  modbus.o(i.CRC16_OUT)
    Error_Handler                            0x0800047d   Thumb Code     2  main.o(i.Error_Handler)
    HAL_GPIO_Init                            0x08000481   Thumb Code   364  stm32f3xx_hal_gpio.o(i.HAL_GPIO_Init)
    HAL_GPIO_TogglePin                       0x08000609   Thumb Code     8  stm32f3xx_hal_gpio.o(i.HAL_GPIO_TogglePin)
    HAL_GPIO_WritePin                        0x08000611   Thumb Code    10  stm32f3xx_hal_gpio.o(i.HAL_GPIO_WritePin)
    HAL_GetTick                              0x0800061d   Thumb Code     6  stm32f3xx_hal.o(i.HAL_GetTick)
    HAL_IncTick                              0x08000629   Thumb Code    10  stm32f3xx_hal.o(i.HAL_IncTick)
    HAL_Init                                 0x08000639   Thumb Code    32  stm32f3xx_hal.o(i.HAL_Init)
    HAL_InitTick                             0x0800065d   Thumb Code    34  stm32f3xx_hal.o(i.HAL_InitTick)
    HAL_MspInit                              0x08000685   Thumb Code   106  stm32f3xx_hal_msp.o(i.HAL_MspInit)
    HAL_NVIC_EnableIRQ                       0x080006f5   Thumb Code    22  stm32f3xx_hal_cortex.o(i.HAL_NVIC_EnableIRQ)
    HAL_NVIC_SetPriority                     0x0800070d   Thumb Code    60  stm32f3xx_hal_cortex.o(i.HAL_NVIC_SetPriority)
    HAL_NVIC_SetPriorityGrouping             0x0800074d   Thumb Code    26  stm32f3xx_hal_cortex.o(i.HAL_NVIC_SetPriorityGrouping)
    HAL_PCDEx_PMAConfig                      0x08000771   Thumb Code    60  stm32f3xx_hal_pcd_ex.o(i.HAL_PCDEx_PMAConfig)
    HAL_PCDEx_SetConnectionState             0x080007ad   Thumb Code     2  usbd_conf.o(i.HAL_PCDEx_SetConnectionState)
    HAL_PCD_DataInStageCallback              0x080007af   Thumb Code    18  usbd_conf.o(i.HAL_PCD_DataInStageCallback)
    HAL_PCD_DataOutStageCallback             0x080007c1   Thumb Code    20  usbd_conf.o(i.HAL_PCD_DataOutStageCallback)
    HAL_PCD_EP_Close                         0x080007d5   Thumb Code   348  stm32f3xx_hal_pcd.o(i.HAL_PCD_EP_Close)
    HAL_PCD_EP_ClrStall                      0x08000931   Thumb Code   178  stm32f3xx_hal_pcd.o(i.HAL_PCD_EP_ClrStall)
    HAL_PCD_EP_GetRxCount                    0x080009e3   Thumb Code    20  stm32f3xx_hal_pcd.o(i.HAL_PCD_EP_GetRxCount)
    HAL_PCD_EP_Open                          0x080009f7   Thumb Code   720  stm32f3xx_hal_pcd.o(i.HAL_PCD_EP_Open)
    HAL_PCD_EP_Receive                       0x08000cc9   Thumb Code   230  stm32f3xx_hal_pcd.o(i.HAL_PCD_EP_Receive)
    HAL_PCD_EP_SetStall                      0x08000daf   Thumb Code   138  stm32f3xx_hal_pcd.o(i.HAL_PCD_EP_SetStall)
    HAL_PCD_EP_Transmit                      0x08000e39   Thumb Code   230  stm32f3xx_hal_pcd.o(i.HAL_PCD_EP_Transmit)
    HAL_PCD_IRQHandler                       0x08000f1f   Thumb Code   252  stm32f3xx_hal_pcd.o(i.HAL_PCD_IRQHandler)
    HAL_PCD_Init                             0x0800101b   Thumb Code   166  stm32f3xx_hal_pcd.o(i.HAL_PCD_Init)
    HAL_PCD_MspInit                          0x080010c1   Thumb Code    82  usbd_conf.o(i.HAL_PCD_MspInit)
    HAL_PCD_ResetCallback                    0x0800111d   Thumb Code    26  usbd_conf.o(i.HAL_PCD_ResetCallback)
    HAL_PCD_ResumeCallback                   0x08001137   Thumb Code     8  usbd_conf.o(i.HAL_PCD_ResumeCallback)
    HAL_PCD_SOFCallback                      0x0800113f   Thumb Code     8  usbd_conf.o(i.HAL_PCD_SOFCallback)
    HAL_PCD_SetAddress                       0x08001147   Thumb Code    44  stm32f3xx_hal_pcd.o(i.HAL_PCD_SetAddress)
    HAL_PCD_SetupStageCallback               0x08001173   Thumb Code    14  usbd_conf.o(i.HAL_PCD_SetupStageCallback)
    HAL_PCD_Start                            0x08001181   Thumb Code    12  stm32f3xx_hal_pcd.o(i.HAL_PCD_Start)
    HAL_PCD_SuspendCallback                  0x0800118d   Thumb Code    30  usbd_conf.o(i.HAL_PCD_SuspendCallback)
    HAL_RCCEx_PeriphCLKConfig                0x080011b1   Thumb Code   522  stm32f3xx_hal_rcc_ex.o(i.HAL_RCCEx_PeriphCLKConfig)
    HAL_RCC_ClockConfig                      0x080013c9   Thumb Code   374  stm32f3xx_hal_rcc.o(i.HAL_RCC_ClockConfig)
    HAL_RCC_GetHCLKFreq                      0x08001551   Thumb Code     6  stm32f3xx_hal_rcc.o(i.HAL_RCC_GetHCLKFreq)
    HAL_RCC_GetSysClockFreq                  0x0800155d   Thumb Code    84  stm32f3xx_hal_rcc.o(i.HAL_RCC_GetSysClockFreq)
    HAL_RCC_OscConfig                        0x080015c1   Thumb Code  1452  stm32f3xx_hal_rcc.o(i.HAL_RCC_OscConfig)
    HAL_SYSTICK_CLKSourceConfig              0x08001b6d   Thumb Code    24  stm32f3xx_hal_cortex.o(i.HAL_SYSTICK_CLKSourceConfig)
    HAL_SYSTICK_Config                       0x08001b85   Thumb Code    40  stm32f3xx_hal_cortex.o(i.HAL_SYSTICK_Config)
    MX_FREERTOS_Init                         0x08001bad   Thumb Code    30  freertos.o(i.MX_FREERTOS_Init)
    MX_GPIO_Init                             0x08001bd5   Thumb Code   342  gpio.o(i.MX_GPIO_Init)
    MX_USB_DEVICE_Init                       0x08001d49   Thumb Code    38  usb_device.o(i.MX_USB_DEVICE_Init)
    ModBusParse                              0x08001d81   Thumb Code   114  modbus.o(i.ModBusParse)
    ModBusTask                               0x08001e01   Thumb Code    62  modbus.o(i.ModBusTask)
    ModBus_Init                              0x08001e49   Thumb Code    80  modbus.o(i.ModBus_Init)
    ModBus_SetAddress                        0x08001ea1   Thumb Code     6  modbus.o(i.ModBus_SetAddress)
    PCD_ReadPMA                              0x08002235   Thumb Code    46  stm32f3xx_hal_pcd_ex.o(i.PCD_ReadPMA)
    PCD_WritePMA                             0x08002263   Thumb Code    38  stm32f3xx_hal_pcd_ex.o(i.PCD_WritePMA)
    StartDefaultTask                         0x08002289   Thumb Code    78  freertos.o(i.StartDefaultTask)
    SysTick_Handler                          0x080022e1   Thumb Code    14  stm32f3xx_it.o(i.SysTick_Handler)
    SystemClock_Config                       0x080022ef   Thumb Code   122  main.o(i.SystemClock_Config)
    SystemInit                               0x08002369   Thumb Code    82  system_stm32f3xx.o(i.SystemInit)
    USBD_CDC_GetDeviceQualifierDescriptor    0x08002475   Thumb Code     8  usbd_cdc.o(i.USBD_CDC_GetDeviceQualifierDescriptor)
    USBD_CDC_ReceivePacket                   0x0800252d   Thumb Code    40  usbd_cdc.o(i.USBD_CDC_ReceivePacket)
    USBD_CDC_RegisterInterface               0x08002555   Thumb Code    16  usbd_cdc.o(i.USBD_CDC_RegisterInterface)
    USBD_CDC_SetRxBuffer                     0x08002565   Thumb Code    12  usbd_cdc.o(i.USBD_CDC_SetRxBuffer)
    USBD_CDC_SetTxBuffer                     0x08002571   Thumb Code    16  usbd_cdc.o(i.USBD_CDC_SetTxBuffer)
    USBD_CDC_TransmitPacket                  0x080025f1   Thumb Code    48  usbd_cdc.o(i.USBD_CDC_TransmitPacket)
    USBD_ClrClassConfig                      0x08002621   Thumb Code    14  usbd_core.o(i.USBD_ClrClassConfig)
    USBD_CtlContinueRx                       0x0800262f   Thumb Code    16  usbd_ioreq.o(i.USBD_CtlContinueRx)
    USBD_CtlContinueSendData                 0x0800263f   Thumb Code    16  usbd_ioreq.o(i.USBD_CtlContinueSendData)
    USBD_CtlError                            0x0800264f   Thumb Code    22  usbd_ctlreq.o(i.USBD_CtlError)
    USBD_CtlPrepareRx                        0x08002665   Thumb Code    30  usbd_ioreq.o(i.USBD_CtlPrepareRx)
    USBD_CtlReceiveStatus                    0x08002683   Thumb Code    22  usbd_ioreq.o(i.USBD_CtlReceiveStatus)
    USBD_CtlSendData                         0x08002699   Thumb Code    26  usbd_ioreq.o(i.USBD_CtlSendData)
    USBD_CtlSendStatus                       0x080026b3   Thumb Code    22  usbd_ioreq.o(i.USBD_CtlSendStatus)
    USBD_FS_ConfigStrDescriptor              0x080026c9   Thumb Code    16  usbd_desc.o(i.USBD_FS_ConfigStrDescriptor)
    USBD_FS_DeviceDescriptor                 0x080026e9   Thumb Code     8  usbd_desc.o(i.USBD_FS_DeviceDescriptor)
    USBD_FS_InterfaceStrDescriptor           0x080026f5   Thumb Code    16  usbd_desc.o(i.USBD_FS_InterfaceStrDescriptor)
    USBD_FS_LangIDStrDescriptor              0x08002719   Thumb Code     8  usbd_desc.o(i.USBD_FS_LangIDStrDescriptor)
    USBD_FS_ManufacturerStrDescriptor        0x08002725   Thumb Code    16  usbd_desc.o(i.USBD_FS_ManufacturerStrDescriptor)
    USBD_FS_ProductStrDescriptor             0x0800274d   Thumb Code    16  usbd_desc.o(i.USBD_FS_ProductStrDescriptor)
    USBD_FS_SerialStrDescriptor              0x08002779   Thumb Code    16  usbd_desc.o(i.USBD_FS_SerialStrDescriptor)
    USBD_GetString                           0x0800287d   Thumb Code    70  usbd_ctlreq.o(i.USBD_GetString)
    USBD_Init                                0x080028c3   Thumb Code    42  usbd_core.o(i.USBD_Init)
    USBD_LL_ClearStallEP                     0x080028ed   Thumb Code    32  usbd_conf.o(i.USBD_LL_ClearStallEP)
    USBD_LL_CloseEP                          0x0800290d   Thumb Code    32  usbd_conf.o(i.USBD_LL_CloseEP)
    USBD_LL_DataInStage                      0x0800292d   Thumb Code   170  usbd_core.o(i.USBD_LL_DataInStage)
    USBD_LL_DataOutStage                     0x080029d7   Thumb Code   106  usbd_core.o(i.USBD_LL_DataOutStage)
    USBD_LL_GetRxDataSize                    0x08002a41   Thumb Code     8  usbd_conf.o(i.USBD_LL_GetRxDataSize)
    USBD_LL_Init                             0x08002a49   Thumb Code   122  usbd_conf.o(i.USBD_LL_Init)
    USBD_LL_IsStallEP                        0x08002acd   Thumb Code    32  usbd_conf.o(i.USBD_LL_IsStallEP)
    USBD_LL_OpenEP                           0x08002aed   Thumb Code    38  usbd_conf.o(i.USBD_LL_OpenEP)
    USBD_LL_PrepareReceive                   0x08002b13   Thumb Code    32  usbd_conf.o(i.USBD_LL_PrepareReceive)
    USBD_LL_Reset                            0x08002b33   Thumb Code    62  usbd_core.o(i.USBD_LL_Reset)
    USBD_LL_Resume                           0x08002b71   Thumb Code    12  usbd_core.o(i.USBD_LL_Resume)
    USBD_LL_SOF                              0x08002b7d   Thumb Code    24  usbd_core.o(i.USBD_LL_SOF)
    USBD_LL_SetSpeed                         0x08002b95   Thumb Code     6  usbd_core.o(i.USBD_LL_SetSpeed)
    USBD_LL_SetUSBAddress                    0x08002b9b   Thumb Code    32  usbd_conf.o(i.USBD_LL_SetUSBAddress)
    USBD_LL_SetupStage                       0x08002bbb   Thumb Code    90  usbd_core.o(i.USBD_LL_SetupStage)
    USBD_LL_StallEP                          0x08002c15   Thumb Code    32  usbd_conf.o(i.USBD_LL_StallEP)
    USBD_LL_Start                            0x08002c35   Thumb Code    32  usbd_conf.o(i.USBD_LL_Start)
    USBD_LL_Suspend                          0x08002c55   Thumb Code    18  usbd_core.o(i.USBD_LL_Suspend)
    USBD_LL_Transmit                         0x08002c67   Thumb Code    32  usbd_conf.o(i.USBD_LL_Transmit)
    USBD_ParseSetupRequest                   0x08002c87   Thumb Code    40  usbd_ctlreq.o(i.USBD_ParseSetupRequest)
    USBD_RegisterClass                       0x08002caf   Thumb Code    16  usbd_core.o(i.USBD_RegisterClass)
    USBD_SetClassConfig                      0x08002cbf   Thumb Code    22  usbd_core.o(i.USBD_SetClassConfig)
    USBD_Start                               0x08002d49   Thumb Code    10  usbd_core.o(i.USBD_Start)
    USBD_StdDevReq                           0x08002d53   Thumb Code   242  usbd_ctlreq.o(i.USBD_StdDevReq)
    USBD_StdEPReq                            0x08002e45   Thumb Code   220  usbd_ctlreq.o(i.USBD_StdEPReq)
    USBD_StdItfReq                           0x08002f21   Thumb Code    52  usbd_ctlreq.o(i.USBD_StdItfReq)
    USBD_static_free                         0x08002f55   Thumb Code     2  usbd_conf.o(i.USBD_static_free)
    USBD_static_malloc                       0x08002f59   Thumb Code     4  usbd_conf.o(i.USBD_static_malloc)
    USB_LP_CAN_RX0_IRQHandler                0x08002f61   Thumb Code     6  stm32f3xx_it.o(i.USB_LP_CAN_RX0_IRQHandler)
    __scatterload_copy                       0x08002f6d   Thumb Code    14  handlers.o(i.__scatterload_copy)
    __scatterload_null                       0x08002f7b   Thumb Code     2  handlers.o(i.__scatterload_null)
    __scatterload_zeroinit                   0x08002f7d   Thumb Code    14  handlers.o(i.__scatterload_zeroinit)
    main                                     0x08002f97   Thumb Code    32  main.o(i.main)
    osKernelStart                            0x08002fc3   Thumb Code    10  cmsis_os.o(i.osKernelStart)
    osMessageCreate                          0x08002fcd   Thumb Code     8  cmsis_os.o(i.osMessageCreate)
    osMessageGet                             0x08002fd5   Thumb Code   146  cmsis_os.o(i.osMessageGet)
    osMessagePut                             0x0800306d   Thumb Code    86  cmsis_os.o(i.osMessagePut)
    osSystickHandler                         0x080030c9   Thumb Code    20  cmsis_os.o(i.osSystickHandler)
    osThreadCreate                           0x080030dd   Thumb Code    46  cmsis_os.o(i.osThreadCreate)
    pvPortMalloc                             0x08003571   Thumb Code   210  heap_4.o(i.pvPortMalloc)
    pvTaskIncrementMutexHeldCount            0x08003649   Thumb Code    18  tasks.o(i.pvTaskIncrementMutexHeldCount)
    pxPortInitialiseStack                    0x08003661   Thumb Code    40  port.o(i.pxPortInitialiseStack)
    uxListRemove                             0x0800368d   Thumb Code    36  list.o(i.uxListRemove)
    vListInitialise                          0x080036b1   Thumb Code    22  list.o(i.vListInitialise)
    vListInitialiseItem                      0x080036c7   Thumb Code     6  list.o(i.vListInitialiseItem)
    vListInsert                              0x080036cd   Thumb Code    48  list.o(i.vListInsert)
    vListInsertEnd                           0x080036fd   Thumb Code    24  list.o(i.vListInsertEnd)
    vPortEnterCritical                       0x08003715   Thumb Code    54  port.o(i.vPortEnterCritical)
    vPortExitCritical                        0x08003755   Thumb Code    34  port.o(i.vPortExitCritical)
    vPortFree                                0x0800377d   Thumb Code    88  heap_4.o(i.vPortFree)
    vPortSetupTimerInterrupt                 0x080037d9   Thumb Code    26  port.o(i.vPortSetupTimerInterrupt)
    vPortValidateInterruptPriority           0x080037f9   Thumb Code    74  port.o(i.vPortValidateInterruptPriority)
    vTaskMissedYield                         0x0800384d   Thumb Code     8  tasks.o(i.vTaskMissedYield)
    vTaskPlaceOnEventList                    0x08003859   Thumb Code    44  tasks.o(i.vTaskPlaceOnEventList)
    vTaskPriorityInherit                     0x08003889   Thumb Code   124  tasks.o(i.vTaskPriorityInherit)
    vTaskSetTimeOutState                     0x0800390d   Thumb Code    30  tasks.o(i.vTaskSetTimeOutState)
    vTaskStartScheduler                      0x08003931   Thumb Code    86  tasks.o(i.vTaskStartScheduler)
    vTaskSuspendAll                          0x08003999   Thumb Code    10  tasks.o(i.vTaskSuspendAll)
    vTaskSwitchContext                       0x080039a9   Thumb Code    82  tasks.o(i.vTaskSwitchContext)
    xPortStartScheduler                      0x08003a05   Thumb Code   202  port.o(i.xPortStartScheduler)
    xPortSysTickHandler                      0x08003ae5   Thumb Code    38  port.o(i.xPortSysTickHandler)
    xQueueGenericCreate                      0x08003b11   Thumb Code    82  queue.o(i.xQueueGenericCreate)
    xQueueGenericReceive                     0x08003b65   Thumb Code   360  queue.o(i.xQueueGenericReceive)
    xQueueGenericReset                       0x08003cd1   Thumb Code   132  queue.o(i.xQueueGenericReset)
    xQueueGenericSend                        0x08003d59   Thumb Code   346  queue.o(i.xQueueGenericSend)
    xQueueGenericSendFromISR                 0x08003eb9   Thumb Code   188  queue.o(i.xQueueGenericSendFromISR)
    xQueueReceiveFromISR                     0x08003f75   Thumb Code   154  queue.o(i.xQueueReceiveFromISR)
    xTaskCheckForTimeOut                     0x08004011   Thumb Code   102  tasks.o(i.xTaskCheckForTimeOut)
    xTaskCreate                              0x0800407d   Thumb Code    86  tasks.o(i.xTaskCreate)
    xTaskGetSchedulerState                   0x080040d5   Thumb Code    22  tasks.o(i.xTaskGetSchedulerState)
    xTaskIncrementTick                       0x080040f1   Thumb Code   192  tasks.o(i.xTaskIncrementTick)
    xTaskPriorityDisinherit                  0x080041b9   Thumb Code   144  tasks.o(i.xTaskPriorityDisinherit)
    xTaskRemoveFromEventList                 0x08004251   Thumb Code   108  tasks.o(i.xTaskRemoveFromEventList)
    xTaskResumeAll                           0x080042c5   Thumb Code   182  tasks.o(i.xTaskResumeAll)
    aPLLMULFactorTable                       0x08004388   Data          16  stm32f3xx_hal_rcc.o(.constdata)
    aPredivFactorTable                       0x08004398   Data          16  stm32f3xx_hal_rcc.o(.constdata)
    AHBPrescTable                            0x080043e0   Data          16  system_stm32f3xx.o(.constdata)
    Region$$Table$$Base                      0x08004408   Number         0  anon$$obj.o(Region$$Table)
    Region$$Table$$Limit                     0x08004428   Number         0  anon$$obj.o(Region$$Table)
    uwTick                                   0x20000000   Data           4  stm32f3xx_hal.o(.data)
    USBD_Interface_fops_FS                   0x20000004   Data          16  usbd_cdc_if.o(.data)
    UserRxBufferFS                           0x20000014   Data           4  usbd_cdc_if.o(.data)
    UserTxBufferFS                           0x20000018   Data           4  usbd_cdc_if.o(.data)
    defaultTaskHandle                        0x2000001c   Data           4  freertos.o(.data)
    FS_Desc                                  0x20000020   Data          28  usbd_desc.o(.data)
    USBD_LangIDDesc                          0x2000003c   Data           4  usbd_desc.o(.data)
    USBD_FS_DeviceDesc                       0x20000040   Data          18  usbd_desc.o(.data)
    mb_buf_in_count                          0x20000054   Data           1  modbus.o(.data)
    mb_addr                                  0x20000055   Data           1  modbus.o(.data)
    mb_buf_out_count                         0x20000056   Data           1  modbus.o(.data)
    ModBusInHandle                           0x20000058   Data           4  modbus.o(.data)
    ModBusOutHandle                          0x2000005c   Data           4  modbus.o(.data)
    ModBusTaskHandle                         0x20000060   Data           4  modbus.o(.data)
    USBD_CDC_CfgHSDesc                       0x20000078   Data          67  usbd_cdc.o(.data)
    USBD_CDC_CfgFSDesc                       0x200000bc   Data          67  usbd_cdc.o(.data)
    USBD_CDC_OtherSpeedCfgDesc               0x20000100   Data          67  usbd_cdc.o(.data)
    USBD_CDC                                 0x20000144   Data          56  usbd_cdc.o(.data)
    pxCurrentTCB                             0x20000194   Data           4  tasks.o(.data)
    SystemCoreClock                          0x200001dc   Data           4  system_stm32f3xx.o(.data)
    hpcd_USB_FS                              0x20000400   Data         936  usbd_conf.o(.bss)
    hUsbDeviceFS                             0x200007a8   Data         548  usb_device.o(.bss)
    USBD_StrDesc                             0x200009cc   Data         512  usbd_desc.o(.bss)
    mb_buf_in                                0x20000bcc   Data         256  modbus.o(.bss)
    mb_buf_out                               0x20000ccc   Data         256  modbus.o(.bss)
    __initial_sp                             0x20001ec0   Data           0  startup_stm32f303xc.o(STACK)



==============================================================================

Memory Map of the image

  Image Entry point : 0x08000189

  Load Region LR_IROM1 (Base: 0x08000000, Size: 0x00004608, Max: 0x00040000, ABSOLUTE, COMPRESSED[0x000044ec])

    Execution Region ER_IROM1 (Base: 0x08000000, Size: 0x00004428, Max: 0x00040000, ABSOLUTE)

    Base Addr    Size         Type   Attr      Idx    E Section Name        Object

    0x08000000   0x00000188   Data   RO         4010    RESET               startup_stm32f303xc.o
    0x08000188   0x00000000   Code   RO         4015  * .ARM.Collect$$$$00000000  mc_w.l(entry.o)
    0x08000188   0x00000004   Code   RO         4026    .ARM.Collect$$$$00000001  mc_w.l(entry2.o)
    0x0800018c   0x00000004   Code   RO         4029    .ARM.Collect$$$$00000004  mc_w.l(entry5.o)
    0x08000190   0x00000000   Code   RO         4031    .ARM.Collect$$$$00000008  mc_w.l(entry7b.o)
    0x08000190   0x00000000   Code   RO         4033    .ARM.Collect$$$$0000000A  mc_w.l(entry8b.o)
    0x08000190   0x00000008   Code   RO         4034    .ARM.Collect$$$$0000000B  mc_w.l(entry9a.o)
    0x08000198   0x00000000   Code   RO         4036    .ARM.Collect$$$$0000000D  mc_w.l(entry10a.o)
    0x08000198   0x00000000   Code   RO         4038    .ARM.Collect$$$$0000000F  mc_w.l(entry11a.o)
    0x08000198   0x00000004   Code   RO         4027    .ARM.Collect$$$$00002712  mc_w.l(entry2.o)
    0x0800019c   0x000000ba   Code   RO         3884    .emb_text           port.o
    0x08000256   0x00000002   PAD
    0x08000258   0x00000024   Code   RO         4011    .text               startup_stm32f303xc.o
    0x0800027c   0x00000024   Code   RO         4020    .text               mc_w.l(memcpya.o)
    0x080002a0   0x00000024   Code   RO         4022    .text               mc_w.l(memseta.o)
    0x080002c4   0x00000024   Code   RO         4040    .text               mc_w.l(init.o)
    0x080002e8   0x00000056   Code   RO         4050    .text               mc_w.l(__dczerorl2.o)
    0x0800033e   0x00000004   Code   RO         1783    i.CDC_Control_FS    usbd_cdc_if.o
    0x08000342   0x00000004   Code   RO         1784    i.CDC_DeInit_FS     usbd_cdc_if.o
    0x08000346   0x00000002   PAD
    0x08000348   0x00000024   Code   RO         1785    i.CDC_Init_FS       usbd_cdc_if.o
    0x0800036c   0x0000003c   Code   RO         1786    i.CDC_Receive_FS    usbd_cdc_if.o
    0x080003a8   0x0000002c   Code   RO         1787    i.CDC_Transmit_FS   usbd_cdc_if.o
    0x080003d4   0x0000005c   Code   RO         2410    i.CRC16_IN          modbus.o
    0x08000430   0x0000004c   Code   RO         2411    i.CRC16_OUT         modbus.o
    0x0800047c   0x00000002   Code   RO         2011    i.Error_Handler     main.o
    0x0800047e   0x00000002   PAD
    0x08000480   0x00000188   Code   RO            7    i.HAL_GPIO_Init     stm32f3xx_hal_gpio.o
    0x08000608   0x00000008   Code   RO           10    i.HAL_GPIO_TogglePin  stm32f3xx_hal_gpio.o
    0x08000610   0x0000000a   Code   RO           11    i.HAL_GPIO_WritePin  stm32f3xx_hal_gpio.o
    0x0800061a   0x00000002   PAD
    0x0800061c   0x0000000c   Code   RO          604    i.HAL_GetTick       stm32f3xx_hal.o
    0x08000628   0x00000010   Code   RO          605    i.HAL_IncTick       stm32f3xx_hal.o
    0x08000638   0x00000024   Code   RO          606    i.HAL_Init          stm32f3xx_hal.o
    0x0800065c   0x00000028   Code   RO          607    i.HAL_InitTick      stm32f3xx_hal.o
    0x08000684   0x00000070   Code   RO         2054    i.HAL_MspInit       stm32f3xx_hal_msp.o
    0x080006f4   0x00000016   Code   RO          463    i.HAL_NVIC_EnableIRQ  stm32f3xx_hal_cortex.o
    0x0800070a   0x00000002   PAD
    0x0800070c   0x00000040   Code   RO          469    i.HAL_NVIC_SetPriority  stm32f3xx_hal_cortex.o
    0x0800074c   0x00000024   Code   RO          470    i.HAL_NVIC_SetPriorityGrouping  stm32f3xx_hal_cortex.o
    0x08000770   0x0000003c   Code   RO          764    i.HAL_PCDEx_PMAConfig  stm32f3xx_hal_pcd_ex.o
    0x080007ac   0x00000002   Code   RO         2102    i.HAL_PCDEx_SetConnectionState  usbd_conf.o
    0x080007ae   0x00000012   Code   RO         2104    i.HAL_PCD_DataInStageCallback  usbd_conf.o
    0x080007c0   0x00000014   Code   RO         2105    i.HAL_PCD_DataOutStageCallback  usbd_conf.o
    0x080007d4   0x0000015c   Code   RO         1047    i.HAL_PCD_EP_Close  stm32f3xx_hal_pcd.o
    0x08000930   0x000000b2   Code   RO         1048    i.HAL_PCD_EP_ClrStall  stm32f3xx_hal_pcd.o
    0x080009e2   0x00000014   Code   RO         1050    i.HAL_PCD_EP_GetRxCount  stm32f3xx_hal_pcd.o
    0x080009f6   0x000002d0   Code   RO         1051    i.HAL_PCD_EP_Open   stm32f3xx_hal_pcd.o
    0x08000cc6   0x00000002   PAD
    0x08000cc8   0x000000e6   Code   RO         1052    i.HAL_PCD_EP_Receive  stm32f3xx_hal_pcd.o
    0x08000dae   0x0000008a   Code   RO         1053    i.HAL_PCD_EP_SetStall  stm32f3xx_hal_pcd.o
    0x08000e38   0x000000e6   Code   RO         1054    i.HAL_PCD_EP_Transmit  stm32f3xx_hal_pcd.o
    0x08000f1e   0x000000fc   Code   RO         1056    i.HAL_PCD_IRQHandler  stm32f3xx_hal_pcd.o
    0x0800101a   0x000000a6   Code   RO         1059    i.HAL_PCD_Init      stm32f3xx_hal_pcd.o
    0x080010c0   0x0000005c   Code   RO         2110    i.HAL_PCD_MspInit   usbd_conf.o
    0x0800111c   0x0000001a   Code   RO         2111    i.HAL_PCD_ResetCallback  usbd_conf.o
    0x08001136   0x00000008   Code   RO         2112    i.HAL_PCD_ResumeCallback  usbd_conf.o
    0x0800113e   0x00000008   Code   RO         2113    i.HAL_PCD_SOFCallback  usbd_conf.o
    0x08001146   0x0000002c   Code   RO         1065    i.HAL_PCD_SetAddress  stm32f3xx_hal_pcd.o
    0x08001172   0x0000000e   Code   RO         2114    i.HAL_PCD_SetupStageCallback  usbd_conf.o
    0x08001180   0x0000000c   Code   RO         1067    i.HAL_PCD_Start     stm32f3xx_hal_pcd.o
    0x0800118c   0x00000024   Code   RO         2115    i.HAL_PCD_SuspendCallback  usbd_conf.o
    0x080011b0   0x00000218   Code   RO          998    i.HAL_RCCEx_PeriphCLKConfig  stm32f3xx_hal_rcc_ex.o
    0x080013c8   0x00000188   Code   RO          269    i.HAL_RCC_ClockConfig  stm32f3xx_hal_rcc.o
    0x08001550   0x0000000c   Code   RO          274    i.HAL_RCC_GetHCLKFreq  stm32f3xx_hal_rcc.o
    0x0800155c   0x00000064   Code   RO          278    i.HAL_RCC_GetSysClockFreq  stm32f3xx_hal_rcc.o
    0x080015c0   0x000005ac   Code   RO          281    i.HAL_RCC_OscConfig  stm32f3xx_hal_rcc.o
    0x08001b6c   0x00000018   Code   RO          472    i.HAL_SYSTICK_CLKSourceConfig  stm32f3xx_hal_cortex.o
    0x08001b84   0x00000028   Code   RO          474    i.HAL_SYSTICK_Config  stm32f3xx_hal_cortex.o
    0x08001bac   0x00000028   Code   RO         1945    i.MX_FREERTOS_Init  freertos.o
    0x08001bd4   0x00000174   Code   RO         2078    i.MX_GPIO_Init      gpio.o
    0x08001d48   0x00000038   Code   RO         2309    i.MX_USB_DEVICE_Init  usb_device.o
    0x08001d80   0x00000080   Code   RO         2412    i.ModBusParse       modbus.o
    0x08001e00   0x00000048   Code   RO         2413    i.ModBusTask        modbus.o
    0x08001e48   0x00000058   Code   RO         2414    i.ModBus_Init       modbus.o
    0x08001ea0   0x0000000c   Code   RO         2415    i.ModBus_SetAddress  modbus.o
    0x08001eac   0x00000020   Code   RO          476    i.NVIC_SetPriority  stm32f3xx_hal_cortex.o
    0x08001ecc   0x00000366   Code   RO         1070    i.PCD_EP_ISR_Handler  stm32f3xx_hal_pcd.o
    0x08002232   0x00000002   PAD
    0x08002234   0x0000002e   Code   RO          766    i.PCD_ReadPMA       stm32f3xx_hal_pcd_ex.o
    0x08002262   0x00000026   Code   RO          767    i.PCD_WritePMA      stm32f3xx_hal_pcd_ex.o
    0x08002288   0x00000058   Code   RO         1946    i.StartDefaultTask  freertos.o
    0x080022e0   0x0000000e   Code   RO         1909    i.SysTick_Handler   stm32f3xx_it.o
    0x080022ee   0x0000007a   Code   RO         2012    i.SystemClock_Config  main.o
    0x08002368   0x00000068   Code   RO         3974    i.SystemInit        system_stm32f3xx.o
    0x080023d0   0x00000014   Code   RO         2733    i.USBD_CDC_DataIn   usbd_cdc.o
    0x080023e4   0x0000002e   Code   RO         2734    i.USBD_CDC_DataOut  usbd_cdc.o
    0x08002412   0x0000003c   Code   RO         2735    i.USBD_CDC_DeInit   usbd_cdc.o
    0x0800244e   0x00000024   Code   RO         2736    i.USBD_CDC_EP0_RxReady  usbd_cdc.o
    0x08002472   0x00000002   PAD
    0x08002474   0x0000000c   Code   RO         2737    i.USBD_CDC_GetDeviceQualifierDescriptor  usbd_cdc.o
    0x08002480   0x0000000c   Code   RO         2738    i.USBD_CDC_GetFSCfgDesc  usbd_cdc.o
    0x0800248c   0x0000000c   Code   RO         2739    i.USBD_CDC_GetHSCfgDesc  usbd_cdc.o
    0x08002498   0x0000000c   Code   RO         2740    i.USBD_CDC_GetOtherSpeedCfgDesc  usbd_cdc.o
    0x080024a4   0x00000088   Code   RO         2741    i.USBD_CDC_Init     usbd_cdc.o
    0x0800252c   0x00000028   Code   RO         2742    i.USBD_CDC_ReceivePacket  usbd_cdc.o
    0x08002554   0x00000010   Code   RO         2743    i.USBD_CDC_RegisterInterface  usbd_cdc.o
    0x08002564   0x0000000c   Code   RO         2744    i.USBD_CDC_SetRxBuffer  usbd_cdc.o
    0x08002570   0x00000010   Code   RO         2745    i.USBD_CDC_SetTxBuffer  usbd_cdc.o
    0x08002580   0x00000070   Code   RO         2746    i.USBD_CDC_Setup    usbd_cdc.o
    0x080025f0   0x00000030   Code   RO         2747    i.USBD_CDC_TransmitPacket  usbd_cdc.o
    0x08002620   0x0000000e   Code   RO         2530    i.USBD_ClrClassConfig  usbd_core.o
    0x0800262e   0x00000010   Code   RO         2470    i.USBD_CtlContinueRx  usbd_ioreq.o
    0x0800263e   0x00000010   Code   RO         2471    i.USBD_CtlContinueSendData  usbd_ioreq.o
    0x0800264e   0x00000016   Code   RO         2668    i.USBD_CtlError     usbd_ctlreq.o
    0x08002664   0x0000001e   Code   RO         2472    i.USBD_CtlPrepareRx  usbd_ioreq.o
    0x08002682   0x00000016   Code   RO         2473    i.USBD_CtlReceiveStatus  usbd_ioreq.o
    0x08002698   0x0000001a   Code   RO         2474    i.USBD_CtlSendData  usbd_ioreq.o
    0x080026b2   0x00000016   Code   RO         2475    i.USBD_CtlSendStatus  usbd_ioreq.o
    0x080026c8   0x00000020   Code   RO         2343    i.USBD_FS_ConfigStrDescriptor  usbd_desc.o
    0x080026e8   0x0000000c   Code   RO         2344    i.USBD_FS_DeviceDescriptor  usbd_desc.o
    0x080026f4   0x00000024   Code   RO         2345    i.USBD_FS_InterfaceStrDescriptor  usbd_desc.o
    0x08002718   0x0000000c   Code   RO         2346    i.USBD_FS_LangIDStrDescriptor  usbd_desc.o
    0x08002724   0x00000028   Code   RO         2347    i.USBD_FS_ManufacturerStrDescriptor  usbd_desc.o
    0x0800274c   0x0000002c   Code   RO         2348    i.USBD_FS_ProductStrDescriptor  usbd_desc.o
    0x08002778   0x00000024   Code   RO         2349    i.USBD_FS_SerialStrDescriptor  usbd_desc.o
    0x0800279c   0x000000e0   Code   RO         2669    i.USBD_GetDescriptor  usbd_ctlreq.o
    0x0800287c   0x00000046   Code   RO         2670    i.USBD_GetString    usbd_ctlreq.o
    0x080028c2   0x0000002a   Code   RO         2532    i.USBD_Init         usbd_core.o
    0x080028ec   0x00000020   Code   RO         2116    i.USBD_LL_ClearStallEP  usbd_conf.o
    0x0800290c   0x00000020   Code   RO         2117    i.USBD_LL_CloseEP   usbd_conf.o
    0x0800292c   0x000000aa   Code   RO         2533    i.USBD_LL_DataInStage  usbd_core.o
    0x080029d6   0x0000006a   Code   RO         2534    i.USBD_LL_DataOutStage  usbd_core.o
    0x08002a40   0x00000008   Code   RO         2121    i.USBD_LL_GetRxDataSize  usbd_conf.o
    0x08002a48   0x00000084   Code   RO         2122    i.USBD_LL_Init      usbd_conf.o
    0x08002acc   0x00000020   Code   RO         2123    i.USBD_LL_IsStallEP  usbd_conf.o
    0x08002aec   0x00000026   Code   RO         2124    i.USBD_LL_OpenEP    usbd_conf.o
    0x08002b12   0x00000020   Code   RO         2125    i.USBD_LL_PrepareReceive  usbd_conf.o
    0x08002b32   0x0000003e   Code   RO         2539    i.USBD_LL_Reset     usbd_core.o
    0x08002b70   0x0000000c   Code   RO         2540    i.USBD_LL_Resume    usbd_core.o
    0x08002b7c   0x00000018   Code   RO         2541    i.USBD_LL_SOF       usbd_core.o
    0x08002b94   0x00000006   Code   RO         2542    i.USBD_LL_SetSpeed  usbd_core.o
    0x08002b9a   0x00000020   Code   RO         2126    i.USBD_LL_SetUSBAddress  usbd_conf.o
    0x08002bba   0x0000005a   Code   RO         2543    i.USBD_LL_SetupStage  usbd_core.o
    0x08002c14   0x00000020   Code   RO         2127    i.USBD_LL_StallEP   usbd_conf.o
    0x08002c34   0x00000020   Code   RO         2128    i.USBD_LL_Start     usbd_conf.o
    0x08002c54   0x00000012   Code   RO         2544    i.USBD_LL_Suspend   usbd_core.o
    0x08002c66   0x00000020   Code   RO         2130    i.USBD_LL_Transmit  usbd_conf.o
    0x08002c86   0x00000028   Code   RO         2671    i.USBD_ParseSetupRequest  usbd_ctlreq.o
    0x08002cae   0x00000010   Code   RO         2545    i.USBD_RegisterClass  usbd_core.o
    0x08002cbe   0x00000016   Code   RO         2547    i.USBD_SetClassConfig  usbd_core.o
    0x08002cd4   0x00000074   Code   RO         2672    i.USBD_SetConfig    usbd_ctlreq.o
    0x08002d48   0x0000000a   Code   RO         2548    i.USBD_Start        usbd_core.o
    0x08002d52   0x000000f2   Code   RO         2673    i.USBD_StdDevReq    usbd_ctlreq.o
    0x08002e44   0x000000dc   Code   RO         2674    i.USBD_StdEPReq     usbd_ctlreq.o
    0x08002f20   0x00000034   Code   RO         2675    i.USBD_StdItfReq    usbd_ctlreq.o
    0x08002f54   0x00000002   Code   RO         2131    i.USBD_static_free  usbd_conf.o
    0x08002f56   0x00000002   PAD
    0x08002f58   0x00000008   Code   RO         2132    i.USBD_static_malloc  usbd_conf.o
    0x08002f60   0x0000000c   Code   RO         1910    i.USB_LP_CAN_RX0_IRQHandler  stm32f3xx_it.o
    0x08002f6c   0x0000000e   Code   RO         4044    i.__scatterload_copy  mc_w.l(handlers.o)
    0x08002f7a   0x00000002   Code   RO         4045    i.__scatterload_null  mc_w.l(handlers.o)
    0x08002f7c   0x0000000e   Code   RO         4046    i.__scatterload_zeroinit  mc_w.l(handlers.o)
    0x08002f8a   0x0000000c   Code   RO         2908    i.inHandlerMode     cmsis_os.o
    0x08002f96   0x00000020   Code   RO         2013    i.main              main.o
    0x08002fb6   0x0000000c   Code   RO         2910    i.makeFreeRtosPriority  cmsis_os.o
    0x08002fc2   0x0000000a   Code   RO         2915    i.osKernelStart     cmsis_os.o
    0x08002fcc   0x00000008   Code   RO         2924    i.osMessageCreate   cmsis_os.o
    0x08002fd4   0x00000098   Code   RO         2926    i.osMessageGet      cmsis_os.o
    0x0800306c   0x0000005c   Code   RO         2928    i.osMessagePut      cmsis_os.o
    0x080030c8   0x00000014   Code   RO         2948    i.osSystickHandler  cmsis_os.o
    0x080030dc   0x0000002e   Code   RO         2949    i.osThreadCreate    cmsis_os.o
    0x0800310a   0x00000002   PAD
    0x0800310c   0x00000070   Code   RO         3321    i.prvAddCurrentTaskToDelayedList  tasks.o
    0x0800317c   0x000000d0   Code   RO         3322    i.prvAddNewTaskToReadyList  tasks.o
    0x0800324c   0x00000050   Code   RO         3323    i.prvCheckTasksWaitingTermination  tasks.o
    0x0800329c   0x00000026   Code   RO         3730    i.prvCopyDataFromQueue  queue.o
    0x080032c2   0x0000006c   Code   RO         3731    i.prvCopyDataToQueue  queue.o
    0x0800332e   0x00000014   Code   RO         3324    i.prvDeleteTCB      tasks.o
    0x08003342   0x00000002   PAD
    0x08003344   0x0000004c   Code   RO         2836    i.prvHeapInit       heap_4.o
    0x08003390   0x00000028   Code   RO         3325    i.prvIdleTask       tasks.o
    0x080033b8   0x0000009c   Code   RO         3326    i.prvInitialiseNewTask  tasks.o
    0x08003454   0x0000004c   Code   RO         2837    i.prvInsertBlockIntoFreeList  heap_4.o
    0x080034a0   0x0000001c   Code   RO         3732    i.prvIsQueueEmpty   queue.o
    0x080034bc   0x00000020   Code   RO         3328    i.prvResetNextTaskUnblockTime  tasks.o
    0x080034dc   0x00000028   Code   RO         3885    i.prvTaskExitError  port.o
    0x08003504   0x0000006a   Code   RO         3733    i.prvUnlockQueue    queue.o
    0x0800356e   0x00000002   PAD
    0x08003570   0x000000d8   Code   RO         2838    i.pvPortMalloc      heap_4.o
    0x08003648   0x00000018   Code   RO         3330    i.pvTaskIncrementMutexHeldCount  tasks.o
    0x08003660   0x0000002c   Code   RO         3886    i.pxPortInitialiseStack  port.o
    0x0800368c   0x00000024   Code   RO         3283    i.uxListRemove      list.o
    0x080036b0   0x00000016   Code   RO         3284    i.vListInitialise   list.o
    0x080036c6   0x00000006   Code   RO         3285    i.vListInitialiseItem  list.o
    0x080036cc   0x00000030   Code   RO         3286    i.vListInsert       list.o
    0x080036fc   0x00000018   Code   RO         3287    i.vListInsertEnd    list.o
    0x08003714   0x00000040   Code   RO         3888    i.vPortEnterCritical  port.o
    0x08003754   0x00000028   Code   RO         3889    i.vPortExitCritical  port.o
    0x0800377c   0x0000005c   Code   RO         2839    i.vPortFree         heap_4.o
    0x080037d8   0x00000020   Code   RO         3890    i.vPortSetupTimerInterrupt  port.o
    0x080037f8   0x00000054   Code   RO         3891    i.vPortValidateInterruptPriority  port.o
    0x0800384c   0x0000000c   Code   RO         3342    i.vTaskMissedYield  tasks.o
    0x08003858   0x00000030   Code   RO         3344    i.vTaskPlaceOnEventList  tasks.o
    0x08003888   0x00000084   Code   RO         3346    i.vTaskPriorityInherit  tasks.o
    0x0800390c   0x00000024   Code   RO         3350    i.vTaskSetTimeOutState  tasks.o
    0x08003930   0x00000068   Code   RO         3351    i.vTaskStartScheduler  tasks.o
    0x08003998   0x00000010   Code   RO         3353    i.vTaskSuspendAll   tasks.o
    0x080039a8   0x0000005c   Code   RO         3354    i.vTaskSwitchContext  tasks.o
    0x08003a04   0x000000e0   Code   RO         3892    i.xPortStartScheduler  port.o
    0x08003ae4   0x0000002c   Code   RO         3893    i.xPortSysTickHandler  port.o
    0x08003b10   0x00000052   Code   RO         3744    i.xQueueGenericCreate  queue.o
    0x08003b62   0x00000002   PAD
    0x08003b64   0x0000016c   Code   RO         3745    i.xQueueGenericReceive  queue.o
    0x08003cd0   0x00000088   Code   RO         3746    i.xQueueGenericReset  queue.o
    0x08003d58   0x00000160   Code   RO         3747    i.xQueueGenericSend  queue.o
    0x08003eb8   0x000000bc   Code   RO         3748    i.xQueueGenericSendFromISR  queue.o
    0x08003f74   0x0000009a   Code   RO         3753    i.xQueueReceiveFromISR  queue.o
    0x0800400e   0x00000002   PAD
    0x08004010   0x0000006c   Code   RO         3355    i.xTaskCheckForTimeOut  tasks.o
    0x0800407c   0x00000056   Code   RO         3356    i.xTaskCreate       tasks.o
    0x080040d2   0x00000002   PAD
    0x080040d4   0x0000001c   Code   RO         3360    i.xTaskGetSchedulerState  tasks.o
    0x080040f0   0x000000c8   Code   RO         3363    i.xTaskIncrementTick  tasks.o
    0x080041b8   0x00000098   Code   RO         3366    i.xTaskPriorityDisinherit  tasks.o
    0x08004250   0x00000074   Code   RO         3367    i.xTaskRemoveFromEventList  tasks.o
    0x080042c4   0x000000c4   Code   RO         3369    i.xTaskResumeAll    tasks.o
    0x08004388   0x00000020   Data   RO          282    .constdata          stm32f3xx_hal_rcc.o
    0x080043a8   0x00000014   Data   RO         1947    .constdata          freertos.o
    0x080043bc   0x00000024   Data   RO         2417    .constdata          modbus.o
    0x080043e0   0x00000010   Data   RO         3975    .constdata          system_stm32f3xx.o
    0x080043f0   0x0000000c   Data   RO         1948    .conststring        freertos.o
    0x080043fc   0x0000000b   Data   RO         2418    .conststring        modbus.o
    0x08004407   0x00000001   PAD
    0x08004408   0x00000020   Data   RO         4042    Region$$Table       anon$$obj.o


    Execution Region RW_IRAM1 (Base: 0x20000000, Size: 0x00001ec0, Max: 0x0000a000, ABSOLUTE, COMPRESSED[0x000000c4])

    Base Addr    Size         Type   Attr      Idx    E Section Name        Object

    0x20000000   0x00000004   Data   RW          612    .data               stm32f3xx_hal.o
    0x20000004   0x00000010   Data   RW         1788    .data               usbd_cdc_if.o
    0x20000014   0x00000008   Data   RW         1789    .data               usbd_cdc_if.o
    0x2000001c   0x00000004   Data   RW         1949    .data               freertos.o
    0x20000020   0x0000001c   Data   RW         2351    .data               usbd_desc.o
    0x2000003c   0x00000016   Data   RW         2352    .data               usbd_desc.o
    0x20000052   0x00000002   PAD
    0x20000054   0x00000010   Data   RW         2419    .data               modbus.o
    0x20000064   0x00000001   Data   RW         2676    .data               usbd_ctlreq.o
    0x20000065   0x00000003   PAD
    0x20000068   0x000000db   Data   RW         2748    .data               usbd_cdc.o
    0x20000143   0x00000001   PAD
    0x20000144   0x00000038   Data   RW         2749    .data               usbd_cdc.o
    0x2000017c   0x00000018   Data   RW         2844    .data               heap_4.o
    0x20000194   0x0000003c   Data   RW         3372    .data               tasks.o
    0x200001d0   0x0000000c   Data   RW         3894    .data               port.o
    0x200001dc   0x00000004   Data   RW         3977    .data               system_stm32f3xx.o
    0x200001e0   0x000005c8   Zero   RW         2133    .bss                usbd_conf.o
    0x200007a8   0x00000224   Zero   RW         2310    .bss                usb_device.o
    0x200009cc   0x00000200   Zero   RW         2350    .bss                usbd_desc.o
    0x20000bcc   0x00000200   Zero   RW         2416    .bss                modbus.o
    0x20000dcc   0x00000c00   Zero   RW         2843    .bss                heap_4.o
    0x200019cc   0x000000f0   Zero   RW         3371    .bss                tasks.o
    0x20001abc   0x00000004   PAD
    0x20001ac0   0x00000400   Zero   RW         4008    STACK               startup_stm32f303xc.o


==============================================================================

Image component sizes


      Code (inc. data)   RO Data    RW Data    ZI Data      Debug   Object Name

       352         12          0          0          0      17286   cmsis_os.o
       128         20         32          4          0       1902   freertos.o
       372         30          0          0          0       1111   gpio.o
       460         24          0         24       3072       8811   heap_4.o
       136          0          0          0          0       3514   list.o
       156          0          0          0          0       2080   main.o
       468         54         47         16        512       4856   modbus.o
       758         84          0         12          0      11873   port.o
      1556         14          0          0          0      13880   queue.o
        36          8        392          0       1024        800   startup_stm32f303xc.o
       104         22          0          4          0       3159   stm32f3xx_hal.o
       218         14          0          0          0      30993   stm32f3xx_hal_cortex.o
       410         28          0          0          0     532641   stm32f3xx_hal_gpio.o
       112          6          0          0          0        858   stm32f3xx_hal_msp.o
      3208          0          0          0          0      11994   stm32f3xx_hal_pcd.o
       144          0          0          0          0       2855   stm32f3xx_hal_pcd_ex.o
      1956         52         32          0          0       5078   stm32f3xx_hal_rcc.o
       536         14          0          0          0       1584   stm32f3xx_hal_rcc_ex.o
        26          6          0          0          0        962   stm32f3xx_it.o
       104         22         16          4          0       1147   system_stm32f3xx.o
      1998        160          0         60        240      29704   tasks.o
        56         18          0          0        548        712   usb_device.o
       590         22          0        275          0      13014   usbd_cdc.o
       148         24          0         24          0      30303   usbd_cdc_if.o
       668         30          0          0       1480      13773   usbd_conf.o
       592          0          0          0          0       9500   usbd_core.o
       986         30          0          1          0       7944   usbd_ctlreq.o
       212        116          0         50        512       5071   usbd_desc.o
       132          0          0          0          0       4472   usbd_ioreq.o

    ----------------------------------------------------------------------
     16652        810        552        480       7392     771877   Object Totals
         0          0         32          0          0          0   (incl. Generated)
        30          0          1          6          4          0   (incl. Padding)

    ----------------------------------------------------------------------

      Code (inc. data)   RO Data    RW Data    ZI Data      Debug   Library Member Name

        86          0          0          0          0          0   __dczerorl2.o
         0          0          0          0          0          0   entry.o
         0          0          0          0          0          0   entry10a.o
         0          0          0          0          0          0   entry11a.o
         8          4          0          0          0          0   entry2.o
         4          0          0          0          0          0   entry5.o
         0          0          0          0          0          0   entry7b.o
         0          0          0          0          0          0   entry8b.o
         8          4          0          0          0          0   entry9a.o
        30          0          0          0          0          0   handlers.o
        36          8          0          0          0         68   init.o
        36          0          0          0          0         68   memcpya.o
        36          0          0          0          0        108   memseta.o

    ----------------------------------------------------------------------
       244         16          0          0          0        244   Library Totals
         0          0          0          0          0          0   (incl. Padding)

    ----------------------------------------------------------------------

      Code (inc. data)   RO Data    RW Data    ZI Data      Debug   Library Name

       244         16          0          0          0        244   mc_w.l

    ----------------------------------------------------------------------
       244         16          0          0          0        244   Library Totals

    ----------------------------------------------------------------------

==============================================================================


      Code (inc. data)   RO Data    RW Data    ZI Data      Debug   

     16896        826        552        480       7392     754653   Grand Totals
     16896        826        552        196       7392     754653   ELF Image Totals (compressed)
     16896        826        552        196          0          0   ROM Totals

==============================================================================

    Total RO  Size (Code + RO Data)                17448 (  17.04kB)
    Total RW  Size (RW Data + ZI Data)              7872 (   7.69kB)
    Total ROM Size (Code + RO Data + RW Data)      17644 (  17.23kB)

==============================================================================

