Component: ARM Compiler 5.06 update 4 (build 422) Tool: armlink [4d35d2]

==============================================================================

Section Cross References

    stm32f3xx_hal_gpio.o(i.HAL_GPIO_EXTI_IRQHandler) refers to stm32f3xx_hal_gpio.o(i.HAL_GPIO_EXTI_Callback) for HAL_GPIO_EXTI_Callback
    stm32f3xx_hal_pwr_ex.o(i.HAL_PWR_PVD_IRQHandler) refers to stm32f3xx_hal_pwr_ex.o(i.HAL_PWR_PVDCallback) for HAL_PWR_PVDCallback
    stm32f3xx_hal_rcc.o(i.HAL_RCC_ClockConfig) refers to stm32f3xx_hal.o(i.HAL_GetTick) for HAL_GetTick
    stm32f3xx_hal_rcc.o(i.HAL_RCC_ClockConfig) refers to stm32f3xx_hal_rcc.o(i.HAL_RCC_GetSysClockFreq) for HAL_RCC_GetSysClockFreq
    stm32f3xx_hal_rcc.o(i.HAL_RCC_ClockConfig) refers to stm32f3xx_hal.o(i.HAL_InitTick) for HAL_InitTick
    stm32f3xx_hal_rcc.o(i.HAL_RCC_ClockConfig) refers to system_stm32f3xx.o(.constdata) for AHBPrescTable
    stm32f3xx_hal_rcc.o(i.HAL_RCC_ClockConfig) refers to system_stm32f3xx.o(.data) for SystemCoreClock
    stm32f3xx_hal_rcc.o(i.HAL_RCC_DeInit) refers to system_stm32f3xx.o(.data) for SystemCoreClock
    stm32f3xx_hal_rcc.o(i.HAL_RCC_GetHCLKFreq) refers to system_stm32f3xx.o(.data) for SystemCoreClock
    stm32f3xx_hal_rcc.o(i.HAL_RCC_GetPCLK1Freq) refers to system_stm32f3xx.o(.data) for SystemCoreClock
    stm32f3xx_hal_rcc.o(i.HAL_RCC_GetPCLK1Freq) refers to system_stm32f3xx.o(.constdata) for APBPrescTable
    stm32f3xx_hal_rcc.o(i.HAL_RCC_GetPCLK2Freq) refers to system_stm32f3xx.o(.data) for SystemCoreClock
    stm32f3xx_hal_rcc.o(i.HAL_RCC_GetPCLK2Freq) refers to system_stm32f3xx.o(.constdata) for APBPrescTable
    stm32f3xx_hal_rcc.o(i.HAL_RCC_GetSysClockFreq) refers to stm32f3xx_hal_rcc.o(.constdata) for .constdata
    stm32f3xx_hal_rcc.o(i.HAL_RCC_MCOConfig) refers to memseta.o(.text) for __aeabi_memclr4
    stm32f3xx_hal_rcc.o(i.HAL_RCC_MCOConfig) refers to stm32f3xx_hal_gpio.o(i.HAL_GPIO_Init) for HAL_GPIO_Init
    stm32f3xx_hal_rcc.o(i.HAL_RCC_NMI_IRQHandler) refers to stm32f3xx_hal_rcc.o(i.HAL_RCC_CSSCallback) for HAL_RCC_CSSCallback
    stm32f3xx_hal_rcc.o(i.HAL_RCC_OscConfig) refers to stm32f3xx_hal.o(i.HAL_GetTick) for HAL_GetTick
    stm32f3xx_hal_flash_ex.o(i.FLASH_MassErase) refers to stm32f3xx_hal_flash.o(.bss) for pFlash
    stm32f3xx_hal_flash_ex.o(i.FLASH_OB_DisableWRP) refers to stm32f3xx_hal_flash.o(i.FLASH_WaitForLastOperation) for FLASH_WaitForLastOperation
    stm32f3xx_hal_flash_ex.o(i.FLASH_OB_DisableWRP) refers to stm32f3xx_hal_flash_ex.o(i.HAL_FLASHEx_OBErase) for HAL_FLASHEx_OBErase
    stm32f3xx_hal_flash_ex.o(i.FLASH_OB_DisableWRP) refers to stm32f3xx_hal_flash.o(.bss) for pFlash
    stm32f3xx_hal_flash_ex.o(i.FLASH_OB_EnableWRP) refers to stm32f3xx_hal_flash.o(i.FLASH_WaitForLastOperation) for FLASH_WaitForLastOperation
    stm32f3xx_hal_flash_ex.o(i.FLASH_OB_EnableWRP) refers to stm32f3xx_hal_flash_ex.o(i.HAL_FLASHEx_OBErase) for HAL_FLASHEx_OBErase
    stm32f3xx_hal_flash_ex.o(i.FLASH_OB_EnableWRP) refers to stm32f3xx_hal_flash.o(.bss) for pFlash
    stm32f3xx_hal_flash_ex.o(i.FLASH_OB_RDP_LevelConfig) refers to stm32f3xx_hal_flash.o(i.FLASH_WaitForLastOperation) for FLASH_WaitForLastOperation
    stm32f3xx_hal_flash_ex.o(i.FLASH_OB_RDP_LevelConfig) refers to stm32f3xx_hal_flash.o(.bss) for pFlash
    stm32f3xx_hal_flash_ex.o(i.FLASH_PageErase) refers to stm32f3xx_hal_flash.o(.bss) for pFlash
    stm32f3xx_hal_flash_ex.o(i.HAL_FLASHEx_Erase) refers to stm32f3xx_hal_flash.o(i.FLASH_WaitForLastOperation) for FLASH_WaitForLastOperation
    stm32f3xx_hal_flash_ex.o(i.HAL_FLASHEx_Erase) refers to stm32f3xx_hal_flash_ex.o(i.FLASH_MassErase) for FLASH_MassErase
    stm32f3xx_hal_flash_ex.o(i.HAL_FLASHEx_Erase) refers to stm32f3xx_hal_flash_ex.o(i.FLASH_PageErase) for FLASH_PageErase
    stm32f3xx_hal_flash_ex.o(i.HAL_FLASHEx_Erase) refers to stm32f3xx_hal_flash.o(.bss) for pFlash
    stm32f3xx_hal_flash_ex.o(i.HAL_FLASHEx_Erase_IT) refers to stm32f3xx_hal_flash_ex.o(i.FLASH_PageErase) for FLASH_PageErase
    stm32f3xx_hal_flash_ex.o(i.HAL_FLASHEx_Erase_IT) refers to stm32f3xx_hal_flash_ex.o(i.FLASH_MassErase) for FLASH_MassErase
    stm32f3xx_hal_flash_ex.o(i.HAL_FLASHEx_Erase_IT) refers to stm32f3xx_hal_flash.o(.bss) for pFlash
    stm32f3xx_hal_flash_ex.o(i.HAL_FLASHEx_OBErase) refers to stm32f3xx_hal_flash_ex.o(i.FLASH_OB_GetRDP) for FLASH_OB_GetRDP
    stm32f3xx_hal_flash_ex.o(i.HAL_FLASHEx_OBErase) refers to stm32f3xx_hal_flash.o(i.FLASH_WaitForLastOperation) for FLASH_WaitForLastOperation
    stm32f3xx_hal_flash_ex.o(i.HAL_FLASHEx_OBErase) refers to stm32f3xx_hal_flash_ex.o(i.FLASH_OB_RDP_LevelConfig) for FLASH_OB_RDP_LevelConfig
    stm32f3xx_hal_flash_ex.o(i.HAL_FLASHEx_OBErase) refers to stm32f3xx_hal_flash.o(.bss) for pFlash
    stm32f3xx_hal_flash_ex.o(i.HAL_FLASHEx_OBGetConfig) refers to stm32f3xx_hal_flash_ex.o(i.FLASH_OB_GetRDP) for FLASH_OB_GetRDP
    stm32f3xx_hal_flash_ex.o(i.HAL_FLASHEx_OBProgram) refers to stm32f3xx_hal_flash_ex.o(i.FLASH_OB_DisableWRP) for FLASH_OB_DisableWRP
[...]
    ..\Drivers\STM32F3xx_HAL_Driver\Src\stm32f3xx_hal_pwr.c 0x00000000   Number         0  stm32f3xx_hal_pwr.o ABSOLUTE
    ..\Drivers\STM32F3xx_HAL_Driver\Src\stm32f3xx_hal_pwr_ex.c 0x00000000   Number         0  stm32f3xx_hal_pwr_ex.o ABSOLUTE
    ..\Drivers\STM32F3xx_HAL_Driver\Src\stm32f3xx_hal_rcc.c 0x00000000   Number         0  stm32f3xx_hal_rcc.o ABSOLUTE
    ..\Drivers\STM32F3xx_HAL_Driver\Src\stm32f3xx_hal_rcc_ex.c 0x00000000   Number         0  stm32f3xx_hal_rcc_ex.o ABSOLUTE
    ..\Drivers\STM32F3xx_HAL_Driver\Src\stm32f3xx_hal_tim.c 0x00000000   Number         0  stm32f3xx_hal_tim.o ABSOLUTE
    ..\Drivers\STM32F3xx_HAL_Driver\Src\stm32f3xx_hal_tim_ex.c 0x00000000   Number         0  stm32f3xx_hal_tim_ex.o ABSOLUTE
    ..\Middlewares\ST\STM32_USB_Device_Library\Class\CDC\Src\usbd_cdc.c 0x00000000   Number         0  usbd_cdc.o ABSOLUTE
    ..\Middlewares\ST\STM32_USB_Device_Library\Core\Src\usbd_core.c 0x00000000   Number         0  usbd_core.o ABSOLUTE
    ..\Middlewares\ST\STM32_USB_Device_Library\Core\Src\usbd_ctlreq.c 0x00000000   Number         0  usbd_ctlreq.o ABSOLUTE
    ..\Middlewares\ST\STM32_USB_Device_Library\Core\Src\usbd_ioreq.c 0x00000000   Number         0  usbd_ioreq.o ABSOLUTE
    ..\Middlewares\Third_Party\FreeRTOS\Source\CMSIS_RTOS\cmsis_os.c 0x00000000   Number         0  cmsis_os.o ABSOLUTE
    ..\Middlewares\Third_Party\FreeRTOS\Source\portable\RVDS\ARM_CM4F\port.c 0x00000000   Number         0  port.o ABSOLUTE
    ..\Src\freertos.c                        0x00000000   Number         0  freertos.o ABSOLUTE
    ..\Src\gpio.c                            0x00000000   Number         0  gpio.o ABSOLUTE
    ..\Src\main.c                            0x00000000   Number         0  main.o ABSOLUTE
    ..\Src\stm32f3xx_hal_msp.c               0x00000000   Number         0  stm32f3xx_hal_msp.o ABSOLUTE
    ..\Src\stm32f3xx_it.c                    0x00000000   Number         0  stm32f3xx_it.o ABSOLUTE
    ..\Src\system_stm32f3xx.c                0x00000000   Number         0  system_stm32f3xx.o ABSOLUTE
    ..\Src\usb_device.c                      0x00000000   Number         0  usb_device.o ABSOLUTE
    ..\Src\usbd_cdc_if.c                     0x00000000   Number         0  usbd_cdc_if.o ABSOLUTE
    ..\Src\usbd_conf.c                       0x00000000   Number         0  usbd_conf.o ABSOLUTE
    ..\Src\usbd_desc.c                       0x00000000   Number         0  usbd_desc.o ABSOLUTE
    ..\\modbus\\modbus.c                     0x00000000   Number         0  modbus.o ABSOLUTE
    ..\modbus\modbus.c                       0x00000000   Number         0  modbus.o ABSOLUTE
    dc.s                                     0x00000000   Number         0  dc.o ABSOLUTE
    handlers.s                               0x00000000   Number         0  handlers.o ABSOLUTE
    init.s                                   0x00000000   Number         0  init.o ABSOLUTE
    startup_stm32f303xc.s                    0x00000000   Number         0  startup_stm32f303xc.o ABSOLUTE
    RESET                                    0x08000000   Section      392  startup_stm32f303xc.o(RESET)
    .ARM.Collect$$$$00000000                 0x08000188   Section        0  entry.o(.ARM.Collect$$$$00000000)
    .ARM.Collect$$$$00000001                 0x08000188   Section        4  entry2.o(.ARM.Collect$$$$00000001)
    .ARM.Collect$$$$00000004                 0x0800018c   Section        4  entry5.o(.ARM.Collect$$$$00000004)
    .ARM.Collect$$$$00000008                 0x08000190   Section        0  entry7b.o(.ARM.Collect$$$$00000008)
    .ARM.Collect$$$$0000000A                 0x08000190   Section        0  entry8b.o(.ARM.Collect$$$$0000000A)
    .ARM.Collect$$$$0000000B                 0x08000190   Section        8  entry9a.o(.ARM.Collect$$$$0000000B)
    .ARM.Collect$$$$0000000D                 0x08000198   Section        0  entry10a.o(.ARM.Collect$$$$0000000D)
    .ARM.Collect$$$$0000000F                 0x08000198   Section        0  entry11a.o(.ARM.Collect$$$$0000000F)
    .ARM.Collect$$$$00002712                 0x08000198   Section        4  entry2.o(.ARM.Collect$$$$00002712)
    __lit__00000000                          0x08000198   Data           4  entry2.o(.ARM.Collect$$$$00002712)
    .emb_text                                0x0800019c   Section      186  port.o(.emb_text)
    $v0                                      0x0800019c   Number         0  port.o(.emb_text)
    .text                                    0x08000258   Section       36  startup_stm32f303xc.o(.text)
    $v0                                      0x08000258   Number         0  startup_stm32f303xc.o(.text)
    .text                                    0x0800027c   Section        0  memcpya.o(.text)
    .text                                    0x080002a0   Section        0  memseta.o(.text)
    .text                                    0x080002c4   Section       36  init.o(.text)
    .text                                    0x080002e8   Section        0  __dczerorl2.o(.text)
    i.CDC_Control_FS                         0x0800033e   Section        0  usbd_cdc_if.o(i.CDC_Control_FS)
    CDC_Control_FS                           0x0800033f   Thumb Code     4  usbd_cdc_if.o(i.CDC_Control_FS)
    i.CDC_DeInit_FS                          0x08000342   Section        0  usbd_cdc_if.o(i.CDC_DeInit_FS)
    CDC_DeInit_FS                            0x08000343   Thumb Code     4  usbd_cdc_if.o(i.CDC_DeInit_FS)
    i.CDC_Init_FS                            0x08000348   Section        0  usbd_cdc_if.o(i.CDC_Init_FS)
    CDC_Init_FS                              0x08000349   Thumb Code    26  usbd_cdc_if.o(i.CDC_Init_FS)
    i.CDC_Receive_FS                         0x0800036c   Section        0  usbd_cdc_if.o(i.CDC_Receive_FS)
    CDC_Receive_FS                           0x0800036d   Thumb Code    52  usbd_cdc_if.o(i.CDC_Receive_FS)
    i.CDC_Transmit_FS                        0x080003a8   Section        0  usbd_cdc_if.o(i.CDC_Transmit_FS)
    i.CRC16_IN                               0x080003d4   Section        0  modbus.o(i.CRC16_IN)
    i.CRC16_OUT                              0x08000430   Section        0  modbus.o(i.CRC16_OUT)
    i.Error_Handler                          0x0800047c   Section        0  main.o(i.Error_Handler)
    i.HAL_GPIO_Init                          0x08000480   Section        0  stm32f3xx_hal_gpio.o(i.HAL_GPIO_Init)
    i.HAL_GPIO_ReadPin                       0x08000608   Section        0  stm32f3xx_hal_gpio.o(i.HAL_GPIO_ReadPin)
    i.HAL_GPIO_TogglePin                     0x08000612   Section        0  stm32f3xx_hal_gpio.o(i.HAL_GPIO_TogglePin)
    i.HAL_GPIO_WritePin                      0x0800061a   Section        0  stm32f3xx_hal_gpio.o(i.HAL_GPIO_WritePin)
    i.HAL_GetTick                            0x08000624   Section        0  stm32f3xx_hal.o(i.HAL_GetTick)
    i.HAL_IncTick                            0x08000630   Section        0  stm32f3xx_hal.o(i.HAL_IncTick)
    i.HAL_Init                               0x08000640   Section        0  stm32f3xx_hal.o(i.HAL_Init)
    i.HAL_InitTick                           0x08000664   Section        0  stm32f3xx_hal.o(i.HAL_InitTick)
    i.HAL_MspInit                            0x0800068c   Section        0  stm32f3xx_hal_msp.o(i.HAL_MspInit)
    i.HAL_NVIC_EnableIRQ                     0x080006fc   Section        0  stm32f3xx_hal_cortex.o(i.HAL_NVIC_EnableIRQ)
    i.HAL_NVIC_SetPriority                   0x08000714   Section        0  stm32f3xx_hal_cortex.o(i.HAL_NVIC_SetPriority)
    i.HAL_NVIC_SetPriorityGrouping           0x08000754   Section        0  stm32f3xx_hal_cortex.o(i.HAL_NVIC_SetPriorityGrouping)
    i.HAL_PCDEx_PMAConfig                    0x08000778   Section        0  stm32f3xx_hal_pcd_ex.o(i.HAL_PCDEx_PMAConfig)
    i.HAL_PCDEx_SetConnectionState           0x080007b4   Section        0  usbd_conf.o(i.HAL_PCDEx_SetConnectionState)
    i.HAL_PCD_DataInStageCallback            0x080007b6   Section        0  usbd_conf.o(i.HAL_PCD_DataInStageCallback)
    i.HAL_PCD_DataOutStageCallback           0x080007c8   Section        0  usbd_conf.o(i.HAL_PCD_DataOutStageCallback)
    i.HAL_PCD_EP_Close                       0x080007dc   Section        0  stm32f3xx_hal_pcd.o(i.HAL_PCD_EP_Close)
    i.HAL_PCD_EP_ClrStall                    0x08000938   Section        0  stm32f3xx_hal_pcd.o(i.HAL_PCD_EP_ClrStall)
    i.HAL_PCD_EP_GetRxCount                  0x080009ea   Section        0  stm32f3xx_hal_pcd.o(i.HAL_PCD_EP_GetRxCount)
    i.HAL_PCD_EP_Open                        0x080009fe   Section        0  stm32f3xx_hal_pcd.o(i.HAL_PCD_EP_Open)
    i.HAL_PCD_EP_Receive                     0x08000cd0   Section        0  stm32f3xx_hal_pcd.o(i.HAL_PCD_EP_Receive)
    i.HAL_PCD_EP_SetStall                    0x08000db6   Section        0  stm32f3xx_hal_pcd.o(i.HAL_PCD_EP_SetStall)
    i.HAL_PCD_EP_Transmit                    0x08000e40   Section        0  stm32f3xx_hal_pcd.o(i.HAL_PCD_EP_Transmit)
    i.HAL_PCD_IRQHandler                     0x08000f26   Section        0  stm32f3xx_hal_pcd.o(i.HAL_PCD_IRQHandler)
    i.HAL_PCD_Init                           0x08001022   Section        0  stm32f3xx_hal_pcd.o(i.HAL_PCD_Init)
    i.HAL_PCD_MspInit                        0x080010c8   Section        0  usbd_conf.o(i.HAL_PCD_MspInit)
    i.HAL_PCD_ResetCallback                  0x08001124   Section        0  usbd_conf.o(i.HAL_PCD_ResetCallback)
    i.HAL_PCD_ResumeCallback                 0x0800113e   Section        0  usbd_conf.o(i.HAL_PCD_ResumeCallback)
    i.HAL_PCD_SOFCallback                    0x08001146   Section        0  usbd_conf.o(i.HAL_PCD_SOFCallback)
    i.HAL_PCD_SetAddress                     0x0800114e   Section        0  stm32f3xx_hal_pcd.o(i.HAL_PCD_SetAddress)
    i.HAL_PCD_SetupStageCallback             0x0800117a   Section        0  usbd_conf.o(i.HAL_PCD_SetupStageCallback)
    i.HAL_PCD_Start                          0x08001188   Section        0  stm32f3xx_hal_pcd.o(i.HAL_PCD_Start)
    i.HAL_PCD_SuspendCallback                0x08001194   Section        0  usbd_conf.o(i.HAL_PCD_SuspendCallback)
    i.HAL_RCCEx_PeriphCLKConfig              0x080011b8   Section        0  stm32f3xx_hal_rcc_ex.o(i.HAL_RCCEx_PeriphCLKConfig)
    i.HAL_RCC_ClockConfig                    0x080013d0   Section        0  stm32f3xx_hal_rcc.o(i.HAL_RCC_ClockConfig)
    i.HAL_RCC_GetHCLKFreq                    0x08001558   Section        0  stm32f3xx_hal_rcc.o(i.HAL_RCC_GetHCLKFreq)
    i.HAL_RCC_GetSysClockFreq                0x08001564   Section        0  stm32f3xx_hal_rcc.o(i.HAL_RCC_GetSysClockFreq)
    i.HAL_RCC_OscConfig                      0x080015c8   Section        0  stm32f3xx_hal_rcc.o(i.HAL_RCC_OscConfig)
    i.HAL_SYSTICK_CLKSourceConfig            0x08001b74   Section        0  stm32f3xx_hal_cortex.o(i.HAL_SYSTICK_CLKSourceConfig)
    i.HAL_SYSTICK_Config                     0x08001b8c   Section        0  stm32f3xx_hal_cortex.o(i.HAL_SYSTICK_Config)
    i.MX_FREERTOS_Init                       0x08001bb4   Section        0  freertos.o(i.MX_FREERTOS_Init)
    i.MX_GPIO_Init                           0x08001bdc   Section        0  gpio.o(i.MX_GPIO_Init)
    i.MX_USB_DEVICE_Init                     0x08001d50   Section        0  usb_device.o(i.MX_USB_DEVICE_Init)
    i.ModBusParse                            0x08001d88   Section        0  modbus.o(i.ModBusParse)
    i.ModBusTask                             0x08001ee4   Section        0  modbus.o(i.ModBusTask)
    i.ModBus_GetRegister                     0x08001f2c   Section        0  modbus.o(i.ModBus_GetRegister)
    i.ModBus_Init                            0x08001f40   Section        0  modbus.o(i.ModBus_Init)
    i.ModBus_SetAddress                      0x08001fac   Section        0  modbus.o(i.ModBus_SetAddress)
    i.ModBus_SetRegister                     0x08001fb8   Section        0  modbus.o(i.ModBus_SetRegister)
    i.NVIC_SetPriority                       0x08001fc8   Section        0  stm32f3xx_hal_cortex.o(i.NVIC_SetPriority)
    NVIC_SetPriority                         0x08001fc9   Thumb Code    32  stm32f3xx_hal_cortex.o(i.NVIC_SetPriority)
    i.PCD_EP_ISR_Handler                     0x08001fe8   Section        0  stm32f3xx_hal_pcd.o(i.PCD_EP_ISR_Handler)
    PCD_EP_ISR_Handler                       0x08001fe9   Thumb Code   870  stm32f3xx_hal_pcd.o(i.PCD_EP_ISR_Handler)
    i.PCD_ReadPMA                            0x08002350   Section        0  stm32f3xx_hal_pcd_ex.o(i.PCD_ReadPMA)
    i.PCD_WritePMA                           0x0800237e   Section        0  stm32f3xx_hal_pcd_ex.o(i.PCD_WritePMA)
    i.StartDefaultTask                       0x080023a4   Section        0  freertos.o(i.StartDefaultTask)
    i.SysTick_Handler                        0x08002430   Section        0  stm32f3xx_it.o(i.SysTick_Handler)
    i.SystemClock_Config                     0x0800243e   Section        0  main.o(i.SystemClock_Config)
    i.SystemInit                             0x080024b8   Section        0  system_stm32f3xx.o(i.SystemInit)
    i.USBD_CDC_DataIn                        0x08002520   Section        0  usbd_cdc.o(i.USBD_CDC_DataIn)
    USBD_CDC_DataIn                          0x08002521   Thumb Code    20  usbd_cdc.o(i.USBD_CDC_DataIn)
    i.USBD_CDC_DataOut                       0x08002534   Section        0  usbd_cdc.o(i.USBD_CDC_DataOut)
    USBD_CDC_DataOut                         0x08002535   Thumb Code    46  usbd_cdc.o(i.USBD_CDC_DataOut)
    i.USBD_CDC_DeInit                        0x08002562   Section        0  usbd_cdc.o(i.USBD_CDC_DeInit)
    USBD_CDC_DeInit                          0x08002563   Thumb Code    60  usbd_cdc.o(i.USBD_CDC_DeInit)
    i.USBD_CDC_EP0_RxReady                   0x0800259e   Section        0  usbd_cdc.o(i.USBD_CDC_EP0_RxReady)
    USBD_CDC_EP0_RxReady                     0x0800259f   Thumb Code    36  usbd_cdc.o(i.USBD_CDC_EP0_RxReady)
    i.USBD_CDC_GetDeviceQualifierDescriptor  0x080025c4   Section        0  usbd_cdc.o(i.USBD_CDC_GetDeviceQualifierDescriptor)
    i.USBD_CDC_GetFSCfgDesc                  0x080025d0   Section        0  usbd_cdc.o(i.USBD_CDC_GetFSCfgDesc)
    USBD_CDC_GetFSCfgDesc                    0x080025d1   Thumb Code     8  usbd_cdc.o(i.USBD_CDC_GetFSCfgDesc)
    i.USBD_CDC_GetHSCfgDesc                  0x080025dc   Section        0  usbd_cdc.o(i.USBD_CDC_GetHSCfgDesc)
    USBD_CDC_GetHSCfgDesc                    0x080025dd   Thumb Code     8  usbd_cdc.o(i.USBD_CDC_GetHSCfgDesc)
    i.USBD_CDC_GetOtherSpeedCfgDesc          0x080025e8   Section        0  usbd_cdc.o(i.USBD_CDC_GetOtherSpeedCfgDesc)
    USBD_CDC_GetOtherSpeedCfgDesc            0x080025e9   Thumb Code     8  usbd_cdc.o(i.USBD_CDC_GetOtherSpeedCfgDesc)
    i.USBD_CDC_Init                          0x080025f4   Section        0  usbd_cdc.o(i.USBD_CDC_Init)
    USBD_CDC_Init                            0x080025f5   Thumb Code   136  usbd_cdc.o(i.USBD_CDC_Init)
    i.USBD_CDC_ReceivePacket                 0x0800267c   Section        0  usbd_cdc.o(i.USBD_CDC_ReceivePacket)
    i.USBD_CDC_RegisterInterface             0x080026a4   Section        0  usbd_cdc.o(i.USBD_CDC_RegisterInterface)
    i.USBD_CDC_SetRxBuffer                   0x080026b4   Section        0  usbd_cdc.o(i.USBD_CDC_SetRxBuffer)
    i.USBD_CDC_SetTxBuffer                   0x080026c0   Section        0  usbd_cdc.o(i.USBD_CDC_SetTxBuffer)
    i.USBD_CDC_Setup                         0x080026d0   Section        0  usbd_cdc.o(i.USBD_CDC_Setup)
    USBD_CDC_Setup                           0x080026d1   Thumb Code   106  usbd_cdc.o(i.USBD_CDC_Setup)
    i.USBD_CDC_TransmitPacket                0x08002740   Section        0  usbd_cdc.o(i.USBD_CDC_TransmitPacket)
    i.USBD_ClrClassConfig                    0x08002770   Section        0  usbd_core.o(i.USBD_ClrClassConfig)
    i.USBD_CtlContinueRx                     0x0800277e   Section        0  usbd_ioreq.o(i.USBD_CtlContinueRx)
    i.USBD_CtlContinueSendData               0x0800278e   Section        0  usbd_ioreq.o(i.USBD_CtlContinueSendData)
    i.USBD_CtlError                          0x0800279e   Section        0  usbd_ctlreq.o(i.USBD_CtlError)
    i.USBD_CtlPrepareRx                      0x080027b4   Section        0  usbd_ioreq.o(i.USBD_CtlPrepareRx)
    i.USBD_CtlReceiveStatus                  0x080027d2   Section        0  usbd_ioreq.o(i.USBD_CtlReceiveStatus)
    i.USBD_CtlSendData                       0x080027e8   Section        0  usbd_ioreq.o(i.USBD_CtlSendData)
    i.USBD_CtlSendStatus                     0x08002802   Section        0  usbd_ioreq.o(i.USBD_CtlSendStatus)
    i.USBD_FS_ConfigStrDescriptor            0x08002818   Section        0  usbd_desc.o(i.USBD_FS_ConfigStrDescriptor)
    i.USBD_FS_DeviceDescriptor               0x08002838   Section        0  usbd_desc.o(i.USBD_FS_DeviceDescriptor)
    i.USBD_FS_InterfaceStrDescriptor         0x08002844   Section        0  usbd_desc.o(i.USBD_FS_InterfaceStrDescriptor)
    i.USBD_FS_LangIDStrDescriptor            0x08002868   Section        0  usbd_desc.o(i.USBD_FS_LangIDStrDescriptor)
    i.USBD_FS_ManufacturerStrDescriptor      0x08002874   Section        0  usbd_desc.o(i.USBD_FS_ManufacturerStrDescriptor)
    i.USBD_FS_ProductStrDescriptor           0x0800289c   Section        0  usbd_desc.o(i.USBD_FS_ProductStrDescriptor)
    i.USBD_FS_SerialStrDescriptor            0x080028c8   Section        0  usbd_desc.o(i.USBD_FS_SerialStrDescriptor)
    i.USBD_GetDescriptor                     0x080028ec   Section        0  usbd_ctlreq.o(i.USBD_GetDescriptor)
    USBD_GetDescriptor                       0x080028ed   Thumb Code   224  usbd_ctlreq.o(i.USBD_GetDescriptor)
    i.USBD_GetString                         0x080029cc   Section        0  usbd_ctlreq.o(i.USBD_GetString)
    i.USBD_Init                              0x08002a12   Section        0  usbd_core.o(i.USBD_Init)
    i.USBD_LL_ClearStallEP                   0x08002a3c   Section        0  usbd_conf.o(i.USBD_LL_ClearStallEP)
    i.USBD_LL_CloseEP                        0x08002a5c   Section        0  usbd_conf.o(i.USBD_LL_CloseEP)
    i.USBD_LL_DataInStage                    0x08002a7c   Section        0  usbd_core.o(i.USBD_LL_DataInStage)
    i.USBD_LL_DataOutStage                   0x08002b26   Section        0  usbd_core.o(i.USBD_LL_DataOutStage)
    i.USBD_LL_GetRxDataSize                  0x08002b90   Section        0  usbd_conf.o(i.USBD_LL_GetRxDataSize)
    i.USBD_LL_Init                           0x08002b98   Section        0  usbd_conf.o(i.USBD_LL_Init)
    i.USBD_LL_IsStallEP                      0x08002c1c   Section        0  usbd_conf.o(i.USBD_LL_IsStallEP)
    i.USBD_LL_OpenEP                         0x08002c3c   Section        0  usbd_conf.o(i.USBD_LL_OpenEP)
    i.USBD_LL_PrepareReceive                 0x08002c62   Section        0  usbd_conf.o(i.USBD_LL_PrepareReceive)
    i.USBD_LL_Reset                          0x08002c82   Section        0  usbd_core.o(i.USBD_LL_Reset)
    i.USBD_LL_Resume                         0x08002cc0   Section        0  usbd_core.o(i.USBD_LL_Resume)
    i.USBD_LL_SOF                            0x08002ccc   Section        0  usbd_core.o(i.USBD_LL_SOF)
    i.USBD_LL_SetSpeed                       0x08002ce4   Section        0  usbd_core.o(i.USBD_LL_SetSpeed)
    i.USBD_LL_SetUSBAddress                  0x08002cea   Section        0  usbd_conf.o(i.USBD_LL_SetUSBAddress)
    i.USBD_LL_SetupStage                     0x08002d0a   Section        0  usbd_core.o(i.USBD_LL_SetupStage)
    i.USBD_LL_StallEP                        0x08002d64   Section        0  usbd_conf.o(i.USBD_LL_StallEP)
    i.USBD_LL_Start                          0x08002d84   Section        0  usbd_conf.o(i.USBD_LL_Start)
    i.USBD_LL_Suspend                        0x08002da4   Section        0  usbd_core.o(i.USBD_LL_Suspend)
    i.USBD_LL_Transmit                       0x08002db6   Section        0  usbd_conf.o(i.USBD_LL_Transmit)
    i.USBD_ParseSetupRequest                 0x08002dd6   Section        0  usbd_ctlreq.o(i.USBD_ParseSetupRequest)
    i.USBD_RegisterClass                     0x08002dfe   Section        0  usbd_core.o(i.USBD_RegisterClass)
    i.USBD_SetClassConfig                    0x08002e0e   Section        0  usbd_core.o(i.USBD_SetClassConfig)
    i.USBD_SetConfig                         0x08002e24   Section        0  usbd_ctlreq.o(i.USBD_SetConfig)
    USBD_SetConfig                           0x08002e25   Thumb Code   110  usbd_ctlreq.o(i.USBD_SetConfig)
    i.USBD_Start                             0x08002e98   Section        0  usbd_core.o(i.USBD_Start)
    i.USBD_StdDevReq                         0x08002ea2   Section        0  usbd_ctlreq.o(i.USBD_StdDevReq)
    i.USBD_StdEPReq                          0x08002f94   Section        0  usbd_ctlreq.o(i.USBD_StdEPReq)
    i.USBD_StdItfReq                         0x08003070   Section        0  usbd_ctlreq.o(i.USBD_StdItfReq)
    i.USBD_static_free                       0x080030a4   Section        0  usbd_conf.o(i.USBD_static_free)
    i.USBD_static_malloc                     0x080030a8   Section        0  usbd_conf.o(i.USBD_static_malloc)
    i.USB_LP_CAN_RX0_IRQHandler              0x080030b0   Section        0  stm32f3xx_it.o(i.USB_LP_CAN_RX0_IRQHandler)
    i.__scatterload_copy                     0x080030bc   Section       14  handlers.o(i.__scatterload_copy)
    i.__scatterload_null                     0x080030ca   Section        2  handlers.o(i.__scatterload_null)
    i.__scatterload_zeroinit                 0x080030cc   Section       14  handlers.o(i.__scatterload_zeroinit)
    i.inHandlerMode                          0x080030da   Section        0  cmsis_os.o(i.inHandlerMode)
    inHandlerMode                            0x080030db   Thumb Code    12  cmsis_os.o(i.inHandlerMode)
    i.main                                   0x080030e6   Section        0  main.o(i.main)
    i.makeFreeRtosPriority                   0x08003106   Section        0  cmsis_os.o(i.makeFreeRtosPriority)
    makeFreeRtosPriority                     0x08003107   Thumb Code    12  cmsis_os.o(i.makeFreeRtosPriority)
    i.osKernelStart                          0x08003112   Section        0  cmsis_os.o(i.osKernelStart)
    i.osMessageCreate                        0x0800311c   Section        0  cmsis_os.o(i.osMessageCreate)
    i.osMessageGet                           0x08003124   Section        0  cmsis_os.o(i.osMessageGet)
    i.osMessagePut                           0x080031bc   Section        0  cmsis_os.o(i.osMessagePut)
    i.osSystickHandler                       0x08003218   Section        0  cmsis_os.o(i.osSystickHandler)
    i.osThreadCreate                         0x0800322c   Section        0  cmsis_os.o(i.osThreadCreate)
    i.prvAddCurrentTaskToDelayedList         0x0800325c   Section        0  tasks.o(i.prvAddCurrentTaskToDelayedList)
    prvAddCurrentTaskToDelayedList           0x0800325d   Thumb Code   102  tasks.o(i.prvAddCurrentTaskToDelayedList)
    i.prvAddNewTaskToReadyList               0x080032cc   Section        0  tasks.o(i.prvAddNewTaskToReadyList)
    prvAddNewTaskToReadyList                 0x080032cd   Thumb Code   196  tasks.o(i.prvAddNewTaskToReadyList)
    i.prvCheckTasksWaitingTermination        0x0800339c   Section        0  tasks.o(i.prvCheckTasksWaitingTermination)
    prvCheckTasksWaitingTermination          0x0800339d   Thumb Code    70  tasks.o(i.prvCheckTasksWaitingTermination)
    i.prvCopyDataFromQueue                   0x080033ec   Section        0  queue.o(i.prvCopyDataFromQueue)
    prvCopyDataFromQueue                     0x080033ed   Thumb Code    38  queue.o(i.prvCopyDataFromQueue)
    i.prvCopyDataToQueue                     0x08003412   Section        0  queue.o(i.prvCopyDataToQueue)
    prvCopyDataToQueue                       0x08003413   Thumb Code   108  queue.o(i.prvCopyDataToQueue)
    i.prvDeleteTCB                           0x0800347e   Section        0  tasks.o(i.prvDeleteTCB)
    prvDeleteTCB                             0x0800347f   Thumb Code    20  tasks.o(i.prvDeleteTCB)
    i.prvHeapInit                            0x08003494   Section        0  heap_4.o(i.prvHeapInit)
    prvHeapInit                              0x08003495   Thumb Code    66  heap_4.o(i.prvHeapInit)
    i.prvIdleTask                            0x080034e0   Section        0  tasks.o(i.prvIdleTask)
    prvIdleTask                              0x080034e1   Thumb Code    30  tasks.o(i.prvIdleTask)
    i.prvInitialiseNewTask                   0x08003508   Section        0  tasks.o(i.prvInitialiseNewTask)
    prvInitialiseNewTask                     0x08003509   Thumb Code   156  tasks.o(i.prvInitialiseNewTask)
    i.prvInsertBlockIntoFreeList             0x080035a4   Section        0  heap_4.o(i.prvInsertBlockIntoFreeList)
    prvInsertBlockIntoFreeList               0x080035a5   Thumb Code    72  heap_4.o(i.prvInsertBlockIntoFreeList)
    i.prvIsQueueEmpty                        0x080035f0   Section        0  queue.o(i.prvIsQueueEmpty)
    prvIsQueueEmpty                          0x080035f1   Thumb Code    28  queue.o(i.prvIsQueueEmpty)
    i.prvResetNextTaskUnblockTime            0x0800360c   Section        0  tasks.o(i.prvResetNextTaskUnblockTime)
    prvResetNextTaskUnblockTime              0x0800360d   Thumb Code    26  tasks.o(i.prvResetNextTaskUnblockTime)
    i.prvTaskExitError                       0x0800362c   Section        0  port.o(i.prvTaskExitError)
    prvTaskExitError                         0x0800362d   Thumb Code    36  port.o(i.prvTaskExitError)
    i.prvUnlockQueue                         0x08003654   Section        0  queue.o(i.prvUnlockQueue)
    prvUnlockQueue                           0x08003655   Thumb Code   106  queue.o(i.prvUnlockQueue)
    i.pvPortMalloc                           0x080036c0   Section        0  heap_4.o(i.pvPortMalloc)
    i.pvTaskIncrementMutexHeldCount          0x08003798   Section        0  tasks.o(i.pvTaskIncrementMutexHeldCount)
    i.pxPortInitialiseStack                  0x080037b0   Section        0  port.o(i.pxPortInitialiseStack)
    i.uxListRemove                           0x080037dc   Section        0  list.o(i.uxListRemove)
    i.vListInitialise                        0x08003800   Section        0  list.o(i.vListInitialise)
    i.vListInitialiseItem                    0x08003816   Section        0  list.o(i.vListInitialiseItem)
    i.vListInsert                            0x0800381c   Section        0  list.o(i.vListInsert)
    i.vListInsertEnd                         0x0800384c   Section        0  list.o(i.vListInsertEnd)
    i.vPortEnterCritical                     0x08003864   Section        0  port.o(i.vPortEnterCritical)
    i.vPortExitCritical                      0x080038a4   Section        0  port.o(i.vPortExitCritical)
    i.vPortFree                              0x080038cc   Section        0  heap_4.o(i.vPortFree)
    i.vPortSetupTimerInterrupt               0x08003928   Section        0  port.o(i.vPortSetupTimerInterrupt)
    i.vPortValidateInterruptPriority         0x08003948   Section        0  port.o(i.vPortValidateInterruptPriority)
    i.vTaskMissedYield                       0x0800399c   Section        0  tasks.o(i.vTaskMissedYield)
    i.vTaskPlaceOnEventList                  0x080039a8   Section        0  tasks.o(i.vTaskPlaceOnEventList)
    i.vTaskPriorityInherit                   0x080039d8   Section        0  tasks.o(i.vTaskPriorityInherit)
    i.vTaskSetTimeOutState                   0x08003a5c   Section        0  tasks.o(i.vTaskSetTimeOutState)
    i.vTaskStartScheduler                    0x08003a80   Section        0  tasks.o(i.vTaskStartScheduler)
    i.vTaskSuspendAll                        0x08003ae8   Section        0  tasks.o(i.vTaskSuspendAll)
    i.vTaskSwitchContext                     0x08003af8   Section        0  tasks.o(i.vTaskSwitchContext)
    i.xPortStartScheduler                    0x08003b54   Section        0  port.o(i.xPortStartScheduler)
    i.xPortSysTickHandler                    0x08003c34   Section        0  port.o(i.xPortSysTickHandler)
    i.xQueueGenericCreate                    0x08003c60   Section        0  queue.o(i.xQueueGenericCreate)
    i.xQueueGenericReceive                   0x08003cb4   Section        0  queue.o(i.xQueueGenericReceive)
    i.xQueueGenericReset                     0x08003e20   Section        0  queue.o(i.xQueueGenericReset)
    i.xQueueGenericSend                      0x08003ea8   Section        0  queue.o(i.xQueueGenericSend)
    i.xQueueGenericSendFromISR               0x08004008   Section        0  queue.o(i.xQueueGenericSendFromISR)
    i.xQueueReceiveFromISR                   0x080040c4   Section        0  queue.o(i.xQueueReceiveFromISR)
    i.xTaskCheckForTimeOut                   0x08004160   Section        0  tasks.o(i.xTaskCheckForTimeOut)
    i.xTaskCreate                            0x080041cc   Section        0  tasks.o(i.xTaskCreate)
    i.xTaskGetSchedulerState                 0x08004224   Section        0  tasks.o(i.xTaskGetSchedulerState)
    i.xTaskIncrementTick                     0x08004240   Section        0  tasks.o(i.xTaskIncrementTick)
    i.xTaskPriorityDisinherit                0x08004308   Section        0  tasks.o(i.xTaskPriorityDisinherit)
    i.xTaskRemoveFromEventList               0x080043a0   Section        0  tasks.o(i.xTaskRemoveFromEventList)
    i.xTaskResumeAll                         0x08004414   Section        0  tasks.o(i.xTaskResumeAll)
    .constdata                               0x080044d8   Section       32  stm32f3xx_hal_rcc.o(.constdata)
    .constdata                               0x080044f8   Section       20  freertos.o(.constdata)
    .constdata                               0x0800450c   Section       36  modbus.o(.constdata)
    .constdata                               0x08004530   Section       16  system_stm32f3xx.o(.constdata)
    .conststring                             0x08004540   Section       12  freertos.o(.conststring)
    .conststring                             0x0800454c   Section       11  modbus.o(.conststring)
    .data                                    0x20000000   Section        4  stm32f3xx_hal.o(.data)
    .data                                    0x20000004   Section       16  usbd_cdc_if.o(.data)
    .data                                    0x20000014   Section        8  usbd_cdc_if.o(.data)
    .data                                    0x2000001c   Section        4  freertos.o(.data)
    .data                                    0x20000020   Section       28  usbd_desc.o(.data)
    .data                                    0x2000003c   Section       22  usbd_desc.o(.data)
    .data                                    0x20000054   Section       16  modbus.o(.data)
    .data                                    0x20000064   Section        1  usbd_ctlreq.o(.data)
    cfgidx                                   0x20000064   Data           1  usbd_ctlreq.o(.data)
    .data                                    0x20000068   Section      219  usbd_cdc.o(.data)
    ifalt                                    0x20000068   Data           1  usbd_cdc.o(.data)
    USBD_CDC_DeviceQualifierDesc             0x2000006c   Data          10  usbd_cdc.o(.data)
    .data                                    0x20000144   Section       56  usbd_cdc.o(.data)
    .data                                    0x2000017c   Section       24  heap_4.o(.data)
    pxEnd                                    0x2000017c   Data           4  heap_4.o(.data)
    xFreeBytesRemaining                      0x20000180   Data           4  heap_4.o(.data)
    xMinimumEverFreeBytesRemaining           0x20000184   Data           4  heap_4.o(.data)
    xBlockAllocatedBit                       0x20000188   Data           4  heap_4.o(.data)
    xStart                                   0x2000018c   Data           8  heap_4.o(.data)
    .data                                    0x20000194   Section       60  tasks.o(.data)
    uxDeletedTasksWaitingCleanUp             0x20000198   Data           4  tasks.o(.data)
    uxCurrentNumberOfTasks                   0x2000019c   Data           4  tasks.o(.data)
    xTickCount                               0x200001a0   Data           4  tasks.o(.data)
    uxTopReadyPriority                       0x200001a4   Data           4  tasks.o(.data)
    xSchedulerRunning                        0x200001a8   Data           4  tasks.o(.data)
    uxPendedTicks                            0x200001ac   Data           4  tasks.o(.data)
    xYieldPending                            0x200001b0   Data           4  tasks.o(.data)
    xNumOfOverflows                          0x200001b4   Data           4  tasks.o(.data)
    uxTaskNumber                             0x200001b8   Data           4  tasks.o(.data)
    xNextTaskUnblockTime                     0x200001bc   Data           4  tasks.o(.data)
    xIdleTaskHandle                          0x200001c0   Data           4  tasks.o(.data)
    uxSchedulerSuspended                     0x200001c4   Data           4  tasks.o(.data)
    pxDelayedTaskList                        0x200001c8   Data           4  tasks.o(.data)
    pxOverflowDelayedTaskList                0x200001cc   Data           4  tasks.o(.data)
    .data                                    0x200001d0   Section       12  port.o(.data)
    ucMaxSysCallPriority                     0x200001d0   Data           1  port.o(.data)
    uxCriticalNesting                        0x200001d4   Data           4  port.o(.data)
    ulMaxPRIGROUPValue                       0x200001d8   Data           4  port.o(.data)
    .data                                    0x200001dc   Section        4  system_stm32f3xx.o(.data)
    .bss                                     0x200001e0   Section     1480  usbd_conf.o(.bss)
    mem                                      0x200001e0   Data         544  usbd_conf.o(.bss)
    .bss                                     0x200007a8   Section      548  usb_device.o(.bss)
    .bss                                     0x200009cc   Section      512  usbd_desc.o(.bss)
    .bss                                     0x20000bcc   Section      532  modbus.o(.bss)
    .bss                                     0x20000de0   Section     3072  heap_4.o(.bss)
    ucHeap                                   0x20000de0   Data        3072  heap_4.o(.bss)
    .bss                                     0x200019e0   Section      240  tasks.o(.bss)
    pxReadyTasksLists                        0x200019e0   Data         140  tasks.o(.bss)
    xDelayedTaskList1                        0x20001a6c   Data          20  tasks.o(.bss)
    xDelayedTaskList2                        0x20001a80   Data          20  tasks.o(.bss)
    xPendingReadyList                        0x20001a94   Data          20  tasks.o(.bss)
    xTasksWaitingTermination                 0x20001aa8   Data          20  tasks.o(.bss)
    xSuspendedTaskList                       0x20001abc   Data          20  tasks.o(.bss)
    STACK                                    0x20001ad0   Section     1024  startup_stm32f303xc.o(STACK)

    Global Symbols

    Symbol Name                              Value     Ov Type        Size  Object(Section)

    BuildAttributes$$THM_ISAv4$E$P$D$K$B$S$7EM$VFPi3$EXTD16$VFPS$VFMA$PE$A:L22UL41UL21$X:L11$S22US41US21$IEEE1$IW$USESV6$~STKCKD$USESV7$~SHL$OSPACE$EBA8$MICROLIB$REQ8$PRES8$EABIv2 0x00000000   Number         0  anon$$obj.o ABSOLUTE
    __ARM_use_no_argv                        0x00000000   Number         0  main.o ABSOLUTE
    __cpp_initialize__aeabi_                  - Undefined Weak Reference
    __cxa_finalize                            - Undefined Weak Reference
    _clock_init                               - Undefined Weak Reference
    _microlib_exit                            - Undefined Weak Reference
    __Vectors_Size                           0x00000188   Number         0  startup_stm32f303xc.o ABSOLUTE
    __Vectors                                0x08000000   Data           4  startup_stm32f303xc.o(RESET)
    __Vectors_End                            0x08000188   Data           0  startup_stm32f303xc.o(RESET)
    __main                                   0x08000189   Thumb Code     0  entry.o(.ARM.Collect$$$$00000000)
    _main_stk                                0x08000189   Thumb Code     0  entry2.o(.ARM.Collect$$$$00000001)
    _main_scatterload                        0x0800018d   Thumb Code     0  entry5.o(.ARM.Collect$$$$00000004)
    __main_after_scatterload                 0x08000191   Thumb Code     0  entry5.o(.ARM.Collect$$$$00000004)
    _main_clock                              0x08000191   Thumb Code     0  entry7b.o(.ARM.Collect$$$$00000008)
    _main_cpp_init                           0x08000191   Thumb Code     0  entry8b.o(.ARM.Collect$$$$0000000A)
    _main_init                               0x08000191   Thumb Code     0  entry9a.o(.ARM.Collect$$$$0000000B)
    __rt_final_cpp                           0x08000199   Thumb Code     0  entry10a.o(.ARM.Collect$$$$0000000D)
    __rt_final_exit                          0x08000199   Thumb Code     0  entry11a.o(.ARM.Collect$$$$0000000F)
    SVC_Handler                              0x0800019d   Thumb Code    28  port.o(.emb_text)
    __asm___6_port_c_39a90d8d__prvStartFirstTask 0x080001bd   Thumb Code    28  port.o(.emb_text)
    __asm___6_port_c_39a90d8d__prvEnableVFP  0x080001dd   Thumb Code    16  port.o(.emb_text)
    PendSV_Handler                           0x080001f1   Thumb Code    92  port.o(.emb_text)
    vPortGetIPSR                             0x08000251   Thumb Code     6  port.o(.emb_text)
    Reset_Handler                            0x08000259   Thumb Code     8  startup_stm32f303xc.o(.text)
    NMI_Handler                              0x08000261   Thumb Code     2  startup_stm32f303xc.o(.text)
    HardFault_Handler                        0x08000263   Thumb Code     2  startup_stm32f303xc.o(.text)
    MemManage_Handler                        0x08000265   Thumb Code     2  startup_stm32f303xc.o(.text)
    BusFault_Handler                         0x08000267   Thumb Code     2  startup_stm32f303xc.o(.text)
    UsageFault_Handler                       0x08000269   Thumb Code     2  startup_stm32f303xc.o(.text)
    DebugMon_Handler                         0x0800026d   Thumb Code     2  startup_stm32f303xc.o(.text)
    ADC1_2_IRQHandler                        0x08000273   Thumb Code     0  startup_stm32f303xc.o(.text)
    ADC3_IRQHandler                          0x08000273   Thumb Code     0  startup_stm32f303xc.o(.text)
    ADC4_IRQHandler                          0x08000273   Thumb Code     0  startup_stm32f303xc.o(.text)
    CAN_RX1_IRQHandler                       0x08000273   Thumb Code     0  startup_stm32f303xc.o(.text)
    CAN_SCE_IRQHandler                       0x08000273   Thumb Code     0  startup_stm32f303xc.o(.text)
    COMP1_2_3_IRQHandler                     0x08000273   Thumb Code     0  startup_stm32f303xc.o(.text)
    COMP4_5_6_IRQHandler                     0x08000273   Thumb Code     0  startup_stm32f303xc.o(.text)
    COMP7_IRQHandler                         0x08000273   Thumb Code     0  startup_stm32f303xc.o(.text)
    DMA1_Channel1_IRQHandler                 0x08000273   Thumb Code     0  startup_stm32f303xc.o(.text)
    DMA1_Channel2_IRQHandler                 0x08000273   Thumb Code     0  startup_stm32f303xc.o(.text)
    DMA1_Channel3_IRQHandler                 0x08000273   Thumb Code     0  startup_stm32f303xc.o(.text)
    DMA1_Channel4_IRQHandler                 0x08000273   Thumb Code     0  startup_stm32f303xc.o(.text)
    DMA1_Channel5_IRQHandler                 0x08000273   Thumb Code     0  startup_stm32f303xc.o(.text)
    DMA1_Channel6_IRQHandler                 0x08000273   Thumb Code     0  startup_stm32f303xc.o(.text)
    DMA1_Channel7_IRQHandler                 0x08000273   Thumb Code     0  startup_stm32f303xc.o(.text)
    DMA2_Channel1_IRQHandler                 0x08000273   Thumb Code     0  startup_stm32f303xc.o(.text)
    DMA2_Channel2_IRQHandler                 0x08000273   Thumb Code     0  startup_stm32f303xc.o(.text)
    DMA2_Channel3_IRQHandler                 0x08000273   Thumb Code     0  startup_stm32f303xc.o(.text)
    DMA2_Channel4_IRQHandler                 0x08000273   Thumb Code     0  startup_stm32f303xc.o(.text)
    DMA2_Channel5_IRQHandler                 0x08000273   Thumb Code     0  startup_stm32f303xc.o(.text)
    EXTI0_IRQHandler                         0x08000273   Thumb Code     0  startup_stm32f303xc.o(.text)
    EXTI15_10_IRQHandler                     0x08000273   Thumb Code     0  startup_stm32f303xc.o(.text)
    EXTI1_IRQHandler                         0x08000273   Thumb Code     0  startup_stm32f303xc.o(.text)
    EXTI2_TSC_IRQHandler                     0x08000273   Thumb Code     0  startup_stm32f303xc.o(.text)
    EXTI3_IRQHandler                         0x08000273   Thumb Code     0  startup_stm32f303xc.o(.text)
    EXTI4_IRQHandler                         0x08000273   Thumb Code     0  startup_stm32f303xc.o(.text)
    EXTI9_5_IRQHandler                       0x08000273   Thumb Code     0  startup_stm32f303xc.o(.text)
    FLASH_IRQHandler                         0x08000273   Thumb Code     0  startup_stm32f303xc.o(.text)
    FPU_IRQHandler                           0x08000273   Thumb Code     0  startup_stm32f303xc.o(.text)
    I2C1_ER_IRQHandler                       0x08000273   Thumb Code     0  startup_stm32f303xc.o(.text)
    I2C1_EV_IRQHandler                       0x08000273   Thumb Code     0  startup_stm32f303xc.o(.text)
    I2C2_ER_IRQHandler                       0x08000273   Thumb Code     0  startup_stm32f303xc.o(.text)
    I2C2_EV_IRQHandler                       0x08000273   Thumb Code     0  startup_stm32f303xc.o(.text)
    PVD_IRQHandler                           0x08000273   Thumb Code     0  startup_stm32f303xc.o(.text)
    RCC_IRQHandler                           0x08000273   Thumb Code     0  startup_stm32f303xc.o(.text)
    RTC_Alarm_IRQHandler                     0x08000273   Thumb Code     0  startup_stm32f303xc.o(.text)
    RTC_WKUP_IRQHandler                      0x08000273   Thumb Code     0  startup_stm32f303xc.o(.text)
    SPI1_IRQHandler                          0x08000273   Thumb Code     0  startup_stm32f303xc.o(.text)
    SPI2_IRQHandler                          0x08000273   Thumb Code     0  startup_stm32f303xc.o(.text)
    SPI3_IRQHandler                          0x08000273   Thumb Code     0  startup_stm32f303xc.o(.text)
    TAMP_STAMP_IRQHandler                    0x08000273   Thumb Code     0  startup_stm32f303xc.o(.text)
    TIM1_BRK_TIM15_IRQHandler                0x08000273   Thumb Code     0  startup_stm32f303xc.o(.text)
    TIM1_CC_IRQHandler                       0x08000273   Thumb Code     0  startup_stm32f303xc.o(.text)
    TIM1_TRG_COM_TIM17_IRQHandler            0x08000273   Thumb Code     0  startup_stm32f303xc.o(.text)
    TIM1_UP_TIM16_IRQHandler                 0x08000273   Thumb Code     0  startup_stm32f303xc.o(.text)
    TIM2_IRQHandler                          0x08000273   Thumb Code     0  startup_stm32f303xc.o(.text)
    TIM3_IRQHandler                          0x08000273   Thumb Code     0  startup_stm32f303xc.o(.text)
    TIM4_IRQHandler                          0x08000273   Thumb Code     0  startup_stm32f303xc.o(.text)
    TIM6_DAC_IRQHandler                      0x08000273   Thumb Code     0  startup_stm32f303xc.o(.text)
    TIM7_IRQHandler                          0x08000273   Thumb Code     0  startup_stm32f303xc.o(.text)
    TIM8_BRK_IRQHandler                      0x08000273   Thumb Code     0  startup_stm32f303xc.o(.text)
    TIM8_CC_IRQHandler                       0x08000273   Thumb Code     0  startup_stm32f303xc.o(.text)
    TIM8_TRG_COM_IRQHandler                  0x08000273   Thumb Code     0  startup_stm32f303xc.o(.text)
    TIM8_UP_IRQHandler                       0x08000273   Thumb Code     0  startup_stm32f303xc.o(.text)
    UART4_IRQHandler                         0x08000273   Thumb Code     0  startup_stm32f303xc.o(.text)
    UART5_IRQHandler                         0x08000273   Thumb Code     0  startup_stm32f303xc.o(.text)
    USART1_IRQHandler                        0x08000273   Thumb Code     0  startup_stm32f303xc.o(.text)
    USART2_IRQHandler                        0x08000273   Thumb Code     0  startup_stm32f303xc.o(.text)
    USART3_IRQHandler                        0x08000273   Thumb Code     0  startup_stm32f303xc.o(.text)
    USBWakeUp_IRQHandler                     0x08000273   Thumb Code     0  startup_stm32f303xc.o(.text)
    USBWakeUp_RMP_IRQHandler                 0x08000273   Thumb Code     0  startup_stm32f303xc.o(.text)
    USB_HP_CAN_TX_IRQHandler                 0x08000273   Thumb Code     0  startup_stm32f303xc.o(.text)
    USB_HP_IRQHandler                        0x08000273   Thumb Code     0  startup_stm32f303xc.o(.text)
    USB_LP_IRQHandler                        0x08000273   Thumb Code     0  startup_stm32f303xc.o(.text)
    WWDG_IRQHandler                          0x08000273   Thumb Code     0  startup_stm32f303xc.o(.text)
    __aeabi_memcpy                           0x0800027d   Thumb Code    36  memcpya.o(.text)
    __aeabi_memcpy4                          0x0800027d   Thumb Code     0  memcpya.o(.text)
    __aeabi_memcpy8                          0x0800027d   Thumb Code     0  memcpya.o(.text)
    __aeabi_memset                           0x080002a1   Thumb Code    14  memseta.o(.text)
    __aeabi_memset4                          0x080002a1   Thumb Code     0  memseta.o(.text)
    __aeabi_memset8                          0x080002a1   Thumb Code     0  memseta.o(.text)
    __aeabi_memclr                           0x080002af   Thumb Code     4  memseta.o(.text)
    __aeabi_memclr4                          0x080002af   Thumb Code     0  memseta.o(.text)
    __aeabi_memclr8                          0x080002af   Thumb Code     0  memseta.o(.text)
    _memset$wrapper                          0x080002b3   Thumb Code    18  memseta.o(.text)
    __scatterload                            0x080002c5   Thumb Code    28  init.o(.text)
    __scatterload_rt2                        0x080002c5   Thumb Code     0  init.o(.text)
    __decompress                             0x080002e9   Thumb Code     0  __dczerorl2.o(.text)
    __decompress1                            0x080002e9   Thumb Code    86  __dczerorl2.o(.text)
    CDC_Transmit_FS                          0x080003a9   Thumb Code    38  usbd_cdc_if.o(i.CDC_Transmit_FS)
    CRC16_IN                                 0x080003d5   Thumb Code    84  modbus.o(i.CRC16_IN)
    CRC16_OUT                                0x08000431   Thumb Code    68  modbus.o(i.CRC16_OUT)
    Error_Handler                            0x0800047d   Thumb Code     2  main.o(i.Error_Handler)
    HAL_GPIO_Init                            0x08000481   Thumb Code   364  stm32f3xx_hal_gpio.o(i.HAL_GPIO_Init)
    HAL_GPIO_ReadPin                         0x08000609   Thumb Code    10  stm32f3xx_hal_gpio.o(i.HAL_GPIO_ReadPin)
    HAL_GPIO_TogglePin                       0x08000613   Thumb Code     8  stm32f3xx_hal_gpio.o(i.HAL_GPIO_TogglePin)
    HAL_GPIO_WritePin                        0x0800061b   Thumb Code    10  stm32f3xx_hal_gpio.o(i.HAL_GPIO_WritePin)
    HAL_GetTick                              0x08000625   Thumb Code     6  stm32f3xx_hal.o(i.HAL_GetTick)
    HAL_IncTick                              0x08000631   Thumb Code    10  stm32f3xx_hal.o(i.HAL_IncTick)
    HAL_Init                                 0x08000641   Thumb Code    32  stm32f3xx_hal.o(i.HAL_Init)
    HAL_InitTick                             0x08000665   Thumb Code    34  stm32f3xx_hal.o(i.HAL_InitTick)
    HAL_MspInit                              0x0800068d   Thumb Code   106  stm32f3xx_hal_msp.o(i.HAL_MspInit)
    HAL_NVIC_EnableIRQ                       0x080006fd   Thumb Code    22  stm32f3xx_hal_cortex.o(i.HAL_NVIC_EnableIRQ)
    HAL_NVIC_SetPriority                     0x08000715   Thumb Code    60  stm32f3xx_hal_cortex.o(i.HAL_NVIC_SetPriority)
    HAL_NVIC_SetPriorityGrouping             0x08000755   Thumb Code    26  stm32f3xx_hal_cortex.o(i.HAL_NVIC_SetPriorityGrouping)
    HAL_PCDEx_PMAConfig                      0x08000779   Thumb Code    60  stm32f3xx_hal_pcd_ex.o(i.HAL_PCDEx_PMAConfig)
    HAL_PCDEx_SetConnectionState             0x080007b5   Thumb Code     2  usbd_conf.o(i.HAL_PCDEx_SetConnectionState)
    HAL_PCD_DataInStageCallback              0x080007b7   Thumb Code    18  usbd_conf.o(i.HAL_PCD_DataInStageCallback)
    HAL_PCD_DataOutStageCallback             0x080007c9   Thumb Code    20  usbd_conf.o(i.HAL_PCD_DataOutStageCallback)
    HAL_PCD_EP_Close                         0x080007dd   Thumb Code   348  stm32f3xx_hal_pcd.o(i.HAL_PCD_EP_Close)
    HAL_PCD_EP_ClrStall                      0x08000939   Thumb Code   178  stm32f3xx_hal_pcd.o(i.HAL_PCD_EP_ClrStall)
    HAL_PCD_EP_GetRxCount                    0x080009eb   Thumb Code    20  stm32f3xx_hal_pcd.o(i.HAL_PCD_EP_GetRxCount)
    HAL_PCD_EP_Open                          0x080009ff   Thumb Code   720  stm32f3xx_hal_pcd.o(i.HAL_PCD_EP_Open)
    HAL_PCD_EP_Receive                       0x08000cd1   Thumb Code   230  stm32f3xx_hal_pcd.o(i.HAL_PCD_EP_Receive)
    HAL_PCD_EP_SetStall                      0x08000db7   Thumb Code   138  stm32f3xx_hal_pcd.o(i.HAL_PCD_EP_SetStall)
    HAL_PCD_EP_Transmit                      0x08000e41   Thumb Code   230  stm32f3xx_hal_pcd.o(i.HAL_PCD_EP_Transmit)
    HAL_PCD_IRQHandler                       0x08000f27   Thumb Code   252  stm32f3xx_hal_pcd.o(i.HAL_PCD_IRQHandler)
    HAL_PCD_Init                             0x08001023   Thumb Code   166  stm32f3xx_hal_pcd.o(i.HAL_PCD_Init)
    HAL_PCD_MspInit                          0x080010c9   Thumb Code    82  usbd_conf.o(i.HAL_PCD_MspInit)
    HAL_PCD_ResetCallback                    0x08001125   Thumb Code    26  usbd_conf.o(i.HAL_PCD_ResetCallback)
    HAL_PCD_ResumeCallback                   0x0800113f   Thumb Code     8  usbd_conf.o(i.HAL_PCD_ResumeCallback)
    HAL_PCD_SOFCallback                      0x08001147   Thumb Code     8  usbd_conf.o(i.HAL_PCD_SOFCallback)
    HAL_PCD_SetAddress                       0x0800114f   Thumb Code    44  stm32f3xx_hal_pcd.o(i.HAL_PCD_SetAddress)
    HAL_PCD_SetupStageCallback               0x0800117b   Thumb Code    14  usbd_conf.o(i.HAL_PCD_SetupStageCallback)
    HAL_PCD_Start                            0x08001189   Thumb Code    12  stm32f3xx_hal_pcd.o(i.HAL_PCD_Start)
    HAL_PCD_SuspendCallback                  0x08001195   Thumb Code    30  usbd_conf.o(i.HAL_PCD_SuspendCallback)
    HAL_RCCEx_PeriphCLKConfig                0x080011b9   Thumb Code   522  stm32f3xx_hal_rcc_ex.o(i.HAL_RCCEx_PeriphCLKConfig)
    HAL_RCC_ClockConfig                      0x080013d1   Thumb Code   374  stm32f3xx_hal_rcc.o(i.HAL_RCC_ClockConfig)
    HAL_RCC_GetHCLKFreq                      0x08001559   Thumb Code     6  stm32f3xx_hal_rcc.o(i.HAL_RCC_GetHCLKFreq)
    HAL_RCC_GetSysClockFreq                  0x08001565   Thumb Code    84  stm32f3xx_hal_rcc.o(i.HAL_RCC_GetSysClockFreq)
    HAL_RCC_OscConfig                        0x080015c9   Thumb Code  1452  stm32f3xx_hal_rcc.o(i.HAL_RCC_OscConfig)
    HAL_SYSTICK_CLKSourceConfig              0x08001b75   Thumb Code    24  stm32f3xx_hal_cortex.o(i.HAL_SYSTICK_CLKSourceConfig)
    HAL_SYSTICK_Config                       0x08001b8d   Thumb Code    40  stm32f3xx_hal_cortex.o(i.HAL_SYSTICK_Config)
    MX_FREERTOS_Init                         0x08001bb5   Thumb Code    30  freertos.o(i.MX_FREERTOS_Init)
    MX_GPIO_Init                             0x08001bdd   Thumb Code   342  gpio.o(i.MX_GPIO_Init)
    MX_USB_DEVICE_Init                       0x08001d51   Thumb Code    38  usb_device.o(i.MX_USB_DEVICE_Init)
    ModBusParse                              0x08001d89   Thumb Code   340  modbus.o(i.ModBusParse)
    ModBusTask                               0x08001ee5   Thumb Code    62  modbus.o(i.ModBusTask)
    ModBus_GetRegister                       0x08001f2d   Thumb Code    16  modbus.o(i.ModBus_GetRegister)
    ModBus_Init                              0x08001f41   Thumb Code    94  modbus.o(i.ModBus_Init)
    ModBus_SetAddress                        0x08001fad   Thumb Code     6  modbus.o(i.ModBus_SetAddress)
    ModBus_SetRegister                       0x08001fb9   Thumb Code    12  modbus.o(i.ModBus_SetRegister)
    PCD_ReadPMA                              0x08002351   Thumb Code    46  stm32f3xx_hal_pcd_ex.o(i.PCD_ReadPMA)
    PCD_WritePMA                             0x0800237f   Thumb Code    38  stm32f3xx_hal_pcd_ex.o(i.PCD_WritePMA)
    StartDefaultTask                         0x080023a5   Thumb Code   132  freertos.o(i.StartDefaultTask)
    SysTick_Handler                          0x08002431   Thumb Code    14  stm32f3xx_it.o(i.SysTick_Handler)
    SystemClock_Config                       0x0800243f   Thumb Code   122  main.o(i.SystemClock_Config)
    SystemInit                               0x080024b9   Thumb Code    82  system_stm32f3xx.o(i.SystemInit)
    USBD_CDC_GetDeviceQualifierDescriptor    0x080025c5   Thumb Code     8  usbd_cdc.o(i.USBD_CDC_GetDeviceQualifierDescriptor)
    USBD_CDC_ReceivePacket                   0x0800267d   Thumb Code    40  usbd_cdc.o(i.USBD_CDC_ReceivePacket)
    USBD_CDC_RegisterInterface               0x080026a5   Thumb Code    16  usbd_cdc.o(i.USBD_CDC_RegisterInterface)
    USBD_CDC_SetRxBuffer                     0x080026b5   Thumb Code    12  usbd_cdc.o(i.USBD_CDC_SetRxBuffer)
    USBD_CDC_SetTxBuffer                     0x080026c1   Thumb Code    16  usbd_cdc.o(i.USBD_CDC_SetTxBuffer)
    USBD_CDC_TransmitPacket                  0x08002741   Thumb Code    48  usbd_cdc.o(i.USBD_CDC_TransmitPacket)
    USBD_ClrClassConfig                      0x08002771   Thumb Code    14  usbd_core.o(i.USBD_ClrClassConfig)
    USBD_CtlContinueRx                       0x0800277f   Thumb Code    16  usbd_ioreq.o(i.USBD_CtlContinueRx)
    USBD_CtlContinueSendData                 0x0800278f   Thumb Code    16  usbd_ioreq.o(i.USBD_CtlContinueSendData)
    USBD_CtlError                            0x0800279f   Thumb Code    22  usbd_ctlreq.o(i.USBD_CtlError)
    USBD_CtlPrepareRx                        0x080027b5   Thumb Code    30  usbd_ioreq.o(i.USBD_CtlPrepareRx)
    USBD_CtlReceiveStatus                    0x080027d3   Thumb Code    22  usbd_ioreq.o(i.USBD_CtlReceiveStatus)
    USBD_CtlSendData                         0x080027e9   Thumb Code    26  usbd_ioreq.o(i.USBD_CtlSendData)
    USBD_CtlSendStatus                       0x08002803   Thumb Code    22  usbd_ioreq.o(i.USBD_CtlSendStatus)
    USBD_FS_ConfigStrDescriptor              0x08002819   Thumb Code    16  usbd_desc.o(i.USBD_FS_ConfigStrDescriptor)
    USBD_FS_DeviceDescriptor                 0x08002839   Thumb Code     8  usbd_desc.o(i.USBD_FS_DeviceDescriptor)
    USBD_FS_InterfaceStrDescriptor           0x08002845   Thumb Code    16  usbd_desc.o(i.USBD_FS_InterfaceStrDescriptor)
    USBD_FS_LangIDStrDescriptor              0x08002869   Thumb Code     8  usbd_desc.o(i.USBD_FS_LangIDStrDescriptor)
    USBD_FS_ManufacturerStrDescriptor        0x08002875   Thumb Code    16  usbd_desc.o(i.USBD_FS_ManufacturerStrDescriptor)
    USBD_FS_ProductStrDescriptor             0x0800289d   Thumb Code    16  usbd_desc.o(i.USBD_FS_ProductStrDescriptor)
    USBD_FS_SerialStrDescriptor              0x080028c9   Thumb Code    16  usbd_desc.o(i.USBD_FS_SerialStrDescriptor)
    USBD_GetString                           0x080029cd   Thumb Code    70  usbd_ctlreq.o(i.USBD_GetString)
    USBD_Init                                0x08002a13   Thumb Code    42  usbd_core.o(i.USBD_Init)
    USBD_LL_ClearStallEP                     0x08002a3d   Thumb Code    32  usbd_conf.o(i.USBD_LL_ClearStallEP)
    USBD_LL_CloseEP                          0x08002a5d   Thumb Code    32  usbd_conf.o(i.USBD_LL_CloseEP)
    USBD_LL_DataInStage                      0x08002a7d   Thumb Code   170  usbd_core.o(i.USBD_LL_DataInStage)
    USBD_LL_DataOutStage                     0x08002b27   Thumb Code   106  usbd_core.o(i.USBD_LL_DataOutStage)
    USBD_LL_GetRxDataSize                    0x08002b91   Thumb Code     8  usbd_conf.o(i.USBD_LL_GetRxDataSize)
    USBD_LL_Init                             0x08002b99   Thumb Code   122  usbd_conf.o(i.USBD_LL_Init)
    USBD_LL_IsStallEP                        0x08002c1d   Thumb Code    32  usbd_conf.o(i.USBD_LL_IsStallEP)
    USBD_LL_OpenEP                           0x08002c3d   Thumb Code    38  usbd_conf.o(i.USBD_LL_OpenEP)
    USBD_LL_PrepareReceive                   0x08002c63   Thumb Code    32  usbd_conf.o(i.USBD_LL_PrepareReceive)
    USBD_LL_Reset                            0x08002c83   Thumb Code    62  usbd_core.o(i.USBD_LL_Reset)
    USBD_LL_Resume                           0x08002cc1   Thumb Code    12  usbd_core.o(i.USBD_LL_Resume)
    USBD_LL_SOF                              0x08002ccd   Thumb Code    24  usbd_core.o(i.USBD_LL_SOF)
    USBD_LL_SetSpeed                         0x08002ce5   Thumb Code     6  usbd_core.o(i.USBD_LL_SetSpeed)
    USBD_LL_SetUSBAddress                    0x08002ceb   Thumb Code    32  usbd_conf.o(i.USBD_LL_SetUSBAddress)
    USBD_LL_SetupStage                       0x08002d0b   Thumb Code    90  usbd_core.o(i.USBD_LL_SetupStage)
    USBD_LL_StallEP                          0x08002d65   Thumb Code    32  usbd_conf.o(i.USBD_LL_StallEP)
    USBD_LL_Start                            0x08002d85   Thumb Code    32  usbd_conf.o(i.USBD_LL_Start)
    USBD_LL_Suspend                          0x08002da5   Thumb Code    18  usbd_core.o(i.USBD_LL_Suspend)
    USBD_LL_Transmit                         0x08002db7   Thumb Code    32  usbd_conf.o(i.USBD_LL_Transmit)
    USBD_ParseSetupRequest                   0x08002dd7   Thumb Code    40  usbd_ctlreq.o(i.USBD_ParseSetupRequest)
    USBD_RegisterClass                       0x08002dff   Thumb Code    16  usbd_core.o(i.USBD_RegisterClass)
    USBD_SetClassConfig                      0x08002e0f   Thumb Code    22  usbd_core.o(i.USBD_SetClassConfig)
    USBD_Start                               0x08002e99   Thumb Code    10  usbd_core.o(i.USBD_Start)
    USBD_StdDevReq                           0x08002ea3   Thumb Code   242  usbd_ctlreq.o(i.USBD_StdDevReq)
    USBD_StdEPReq                            0x08002f95   Thumb Code   220  usbd_ctlreq.o(i.USBD_StdEPReq)
    USBD_StdItfReq                           0x08003071   Thumb Code    52  usbd_ctlreq.o(i.USBD_StdItfReq)
    USBD_static_free                         0x080030a5   Thumb Code     2  usbd_conf.o(i.USBD_static_free)
    USBD_static_malloc                       0x080030a9   Thumb Code     4  usbd_conf.o(i.USBD_static_malloc)
    USB_LP_CAN_RX0_IRQHandler                0x080030b1   Thumb Code     6  stm32f3xx_it.o(i.USB_LP_CAN_RX0_IRQHandler)
    __scatterload_copy                       0x080030bd   Thumb Code    14  handlers.o(i.__scatterload_copy)
    __scatterload_null                       0x080030cb   Thumb Code     2  handlers.o(i.__scatterload_null)
    __scatterload_zeroinit                   0x080030cd   Thumb Code    14  handlers.o(i.__scatterload_zeroinit)
    main                                     0x080030e7   Thumb Code    32  main.o(i.main)
    osKernelStart                            0x08003113   Thumb Code    10  cmsis_os.o(i.osKernelStart)
    osMessageCreate                          0x0800311d   Thumb Code     8  cmsis_os.o(i.osMessageCreate)
    osMessageGet                             0x08003125   Thumb Code   146  cmsis_os.o(i.osMessageGet)
    osMessagePut                             0x080031bd   Thumb Code    86  cmsis_os.o(i.osMessagePut)
    osSystickHandler                         0x08003219   Thumb Code    20  cmsis_os.o(i.osSystickHandler)
    osThreadCreate                           0x0800322d   Thumb Code    46  cmsis_os.o(i.osThreadCreate)
    pvPortMalloc                             0x080036c1   Thumb Code   210  heap_4.o(i.pvPortMalloc)
    pvTaskIncrementMutexHeldCount            0x08003799   Thumb Code    18  tasks.o(i.pvTaskIncrementMutexHeldCount)
    pxPortInitialiseStack                    0x080037b1   Thumb Code    40  port.o(i.pxPortInitialiseStack)
    uxListRemove                             0x080037dd   Thumb Code    36  list.o(i.uxListRemove)
    vListInitialise                          0x08003801   Thumb Code    22  list.o(i.vListInitialise)
    vListInitialiseItem                      0x08003817   Thumb Code     6  list.o(i.vListInitialiseItem)
    vListInsert                              0x0800381d   Thumb Code    48  list.o(i.vListInsert)
    vListInsertEnd                           0x0800384d   Thumb Code    24  list.o(i.vListInsertEnd)
    vPortEnterCritical                       0x08003865   Thumb Code    54  port.o(i.vPortEnterCritical)
    vPortExitCritical                        0x080038a5   Thumb Code    34  port.o(i.vPortExitCritical)
    vPortFree                                0x080038cd   Thumb Code    88  heap_4.o(i.vPortFree)
    vPortSetupTimerInterrupt                 0x08003929   Thumb Code    26  port.o(i.vPortSetupTimerInterrupt)
    vPortValidateInterruptPriority           0x08003949   Thumb Code    74  port.o(i.vPortValidateInterruptPriority)
    vTaskMissedYield                         0x0800399d   Thumb Code     8  tasks.o(i.vTaskMissedYield)
    vTaskPlaceOnEventList                    0x080039a9   Thumb Code    44  tasks.o(i.vTaskPlaceOnEventList)
    vTaskPriorityInherit                     0x080039d9   Thumb Code   124  tasks.o(i.vTaskPriorityInherit)
    vTaskSetTimeOutState                     0x08003a5d   Thumb Code    30  tasks.o(i.vTaskSetTimeOutState)
    vTaskStartScheduler                      0x08003a81   Thumb Code    86  tasks.o(i.vTaskStartScheduler)
    vTaskSuspendAll                          0x08003ae9   Thumb Code    10  tasks.o(i.vTaskSuspendAll)
    vTaskSwitchContext                       0x08003af9   Thumb Code    82  tasks.o(i.vTaskSwitchContext)
    xPortStartScheduler                      0x08003b55   Thumb Code   202  port.o(i.xPortStartScheduler)
    xPortSysTickHandler                      0x08003c35   Thumb Code    38  port.o(i.xPortSysTickHandler)
    xQueueGenericCreate                      0x08003c61   Thumb Code    82  queue.o(i.xQueueGenericCreate)
    xQueueGenericReceive                     0x08003cb5   Thumb Code   360  queue.o(i.xQueueGenericReceive)
    xQueueGenericReset                       0x08003e21   Thumb Code   132  queue.o(i.xQueueGenericReset)
    xQueueGenericSend                        0x08003ea9   Thumb Code   346  queue.o(i.xQueueGenericSend)
    xQueueGenericSendFromISR                 0x08004009   Thumb Code   188  queue.o(i.xQueueGenericSendFromISR)
    xQueueReceiveFromISR                     0x080040c5   Thumb Code   154  queue.o(i.xQueueReceiveFromISR)
    xTaskCheckForTimeOut                     0x08004161   Thumb Code   102  tasks.o(i.xTaskCheckForTimeOut)
    xTaskCreate                              0x080041cd   Thumb Code    86  tasks.o(i.xTaskCreate)
    xTaskGetSchedulerState                   0x08004225   Thumb Code    22  tasks.o(i.xTaskGetSchedulerState)
    xTaskIncrementTick                       0x08004241   Thumb Code   192  tasks.o(i.xTaskIncrementTick)
    xTaskPriorityDisinherit                  0x08004309   Thumb Code   144  tasks.o(i.xTaskPriorityDisinherit)
    xTaskRemoveFromEventList                 0x080043a1   Thumb Code   108  tasks.o(i.xTaskRemoveFromEventList)
    xTaskResumeAll                           0x08004415   Thumb Code   182  tasks.o(i.xTaskResumeAll)
    aPLLMULFactorTable                       0x080044d8   Data          16  stm32f3xx_hal_rcc.o(.constdata)
    aPredivFactorTable                       0x080044e8   Data          16  stm32f3xx_hal_rcc.o(.constdata)
    AHBPrescTable                            0x08004530   Data          16  system_stm32f3xx.o(.constdata)
    Region$$Table$$Base                      0x08004558   Number         0  anon$$obj.o(Region$$Table)
    Region$$Table$$Limit                     0x08004578   Number         0  anon$$obj.o(Region$$Table)
    uwTick                                   0x20000000   Data           4  stm32f3xx_hal.o(.data)
    USBD_Interface_fops_FS                   0x20000004   Data          16  usbd_cdc_if.o(.data)
    UserRxBufferFS                           0x20000014   Data           4  usbd_cdc_if.o(.data)
    UserTxBufferFS                           0x20000018   Data           4  usbd_cdc_if.o(.data)
    defaultTaskHandle                        0x2000001c   Data           4  freertos.o(.data)
    FS_Desc                                  0x20000020   Data          28  usbd_desc.o(.data)
    USBD_LangIDDesc                          0x2000003c   Data           4  usbd_desc.o(.data)
    USBD_FS_DeviceDesc                       0x20000040   Data          18  usbd_desc.o(.data)
    mb_buf_in_count                          0x20000054   Data           1  modbus.o(.data)
    mb_addr                                  0x20000055   Data           1  modbus.o(.data)
    mb_buf_out_count                         0x20000056   Data           1  modbus.o(.data)
    ModBusInHandle                           0x20000058   Data           4  modbus.o(.data)
    ModBusOutHandle                          0x2000005c   Data           4  modbus.o(.data)
    ModBusTaskHandle                         0x20000060   Data           4  modbus.o(.data)
    USBD_CDC_CfgHSDesc                       0x20000078   Data          67  usbd_cdc.o(.data)
    USBD_CDC_CfgFSDesc                       0x200000bc   Data          67  usbd_cdc.o(.data)
    USBD_CDC_OtherSpeedCfgDesc               0x20000100   Data          67  usbd_cdc.o(.data)
    USBD_CDC                                 0x20000144   Data          56  usbd_cdc.o(.data)
    pxCurrentTCB                             0x20000194   Data           4  tasks.o(.data)
    SystemCoreClock                          0x200001dc   Data           4  system_stm32f3xx.o(.data)
    hpcd_USB_FS                              0x20000400   Data         936  usbd_conf.o(.bss)
    hUsbDeviceFS                             0x200007a8   Data         548  usb_device.o(.bss)
    USBD_StrDesc                             0x200009cc   Data         512  usbd_desc.o(.bss)
    mb_reg                                   0x20000bcc   Data          20  modbus.o(.bss)
    mb_buf_in                                0x20000be0   Data         256  modbus.o(.bss)
    mb_buf_out                               0x20000ce0   Data         256  modbus.o(.bss)
    __initial_sp                             0x20001ed0   Data           0  startup_stm32f303xc.o(STACK)



==============================================================================

Memory Map of the image

  Image Entry point : 0x08000189

  Load Region LR_IROM1 (Base: 0x08000000, Size: 0x00004758, Max: 0x00040000, ABSOLUTE, COMPRESSED[0x00004638])

    Execution Region ER_IROM1 (Base: 0x08000000, Size: 0x00004578, Max: 0x00040000, ABSOLUTE)

    Base Addr    Size         Type   Attr      Idx    E Section Name        Object

    0x08000000   0x00000188   Data   RO         4025    RESET               startup_stm32f303xc.o
    0x08000188   0x00000000   Code   RO         4030  * .ARM.Collect$$$$00000000  mc_w.l(entry.o)
    0x08000188   0x00000004   Code   RO         4041    .ARM.Collect$$$$00000001  mc_w.l(entry2.o)
    0x0800018c   0x00000004   Code   RO         4044    .ARM.Collect$$$$00000004  mc_w.l(entry5.o)
    0x08000190   0x00000000   Code   RO         4046    .ARM.Collect$$$$00000008  mc_w.l(entry7b.o)
    0x08000190   0x00000000   Code   RO         4048    .ARM.Collect$$$$0000000A  mc_w.l(entry8b.o)
    0x08000190   0x00000008   Code   RO         4049    .ARM.Collect$$$$0000000B  mc_w.l(entry9a.o)
    0x08000198   0x00000000   Code   RO         4051    .ARM.Collect$$$$0000000D  mc_w.l(entry10a.o)
    0x08000198   0x00000000   Code   RO         4053    .ARM.Collect$$$$0000000F  mc_w.l(entry11a.o)
    0x08000198   0x00000004   Code   RO         4042    .ARM.Collect$$$$00002712  mc_w.l(entry2.o)
    0x0800019c   0x000000ba   Code   RO         3899    .emb_text           port.o
    0x08000256   0x00000002   PAD
    0x08000258   0x00000024   Code   RO         4026    .text               startup_stm32f303xc.o
    0x0800027c   0x00000024   Code   RO         4035    .text               mc_w.l(memcpya.o)
    0x080002a0   0x00000024   Code   RO         4037    .text               mc_w.l(memseta.o)
    0x080002c4   0x00000024   Code   RO         4055    .text               mc_w.l(init.o)
    0x080002e8   0x00000056   Code   RO         4065    .text               mc_w.l(__dczerorl2.o)
    0x0800033e   0x00000004   Code   RO         1783    i.CDC_Control_FS    usbd_cdc_if.o
    0x08000342   0x00000004   Code   RO         1784    i.CDC_DeInit_FS     usbd_cdc_if.o
    0x08000346   0x00000002   PAD
    0x08000348   0x00000024   Code   RO         1785    i.CDC_Init_FS       usbd_cdc_if.o
    0x0800036c   0x0000003c   Code   RO         1786    i.CDC_Receive_FS    usbd_cdc_if.o
    0x080003a8   0x0000002c   Code   RO         1787    i.CDC_Transmit_FS   usbd_cdc_if.o
    0x080003d4   0x0000005c   Code   RO         2413    i.CRC16_IN          modbus.o
    0x08000430   0x0000004c   Code   RO         2414    i.CRC16_OUT         modbus.o
    0x0800047c   0x00000002   Code   RO         2014    i.Error_Handler     main.o
    0x0800047e   0x00000002   PAD
    0x08000480   0x00000188   Code   RO            7    i.HAL_GPIO_Init     stm32f3xx_hal_gpio.o
    0x08000608   0x0000000a   Code   RO            9    i.HAL_GPIO_ReadPin  stm32f3xx_hal_gpio.o
    0x08000612   0x00000008   Code   RO           10    i.HAL_GPIO_TogglePin  stm32f3xx_hal_gpio.o
    0x0800061a   0x0000000a   Code   RO           11    i.HAL_GPIO_WritePin  stm32f3xx_hal_gpio.o
    0x08000624   0x0000000c   Code   RO          604    i.HAL_GetTick       stm32f3xx_hal.o
    0x08000630   0x00000010   Code   RO          605    i.HAL_IncTick       stm32f3xx_hal.o
    0x08000640   0x00000024   Code   RO          606    i.HAL_Init          stm32f3xx_hal.o
    0x08000664   0x00000028   Code   RO          607    i.HAL_InitTick      stm32f3xx_hal.o
    0x0800068c   0x00000070   Code   RO         2057    i.HAL_MspInit       stm32f3xx_hal_msp.o
    0x080006fc   0x00000016   Code   RO          463    i.HAL_NVIC_EnableIRQ  stm32f3xx_hal_cortex.o
    0x08000712   0x00000002   PAD
    0x08000714   0x00000040   Code   RO          469    i.HAL_NVIC_SetPriority  stm32f3xx_hal_cortex.o
    0x08000754   0x00000024   Code   RO          470    i.HAL_NVIC_SetPriorityGrouping  stm32f3xx_hal_cortex.o
    0x08000778   0x0000003c   Code   RO          764    i.HAL_PCDEx_PMAConfig  stm32f3xx_hal_pcd_ex.o
    0x080007b4   0x00000002   Code   RO         2105    i.HAL_PCDEx_SetConnectionState  usbd_conf.o
    0x080007b6   0x00000012   Code   RO         2107    i.HAL_PCD_DataInStageCallback  usbd_conf.o
    0x080007c8   0x00000014   Code   RO         2108    i.HAL_PCD_DataOutStageCallback  usbd_conf.o
    0x080007dc   0x0000015c   Code   RO         1047    i.HAL_PCD_EP_Close  stm32f3xx_hal_pcd.o
    0x08000938   0x000000b2   Code   RO         1048    i.HAL_PCD_EP_ClrStall  stm32f3xx_hal_pcd.o
    0x080009ea   0x00000014   Code   RO         1050    i.HAL_PCD_EP_GetRxCount  stm32f3xx_hal_pcd.o
    0x080009fe   0x000002d0   Code   RO         1051    i.HAL_PCD_EP_Open   stm32f3xx_hal_pcd.o
    0x08000cce   0x00000002   PAD
    0x08000cd0   0x000000e6   Code   RO         1052    i.HAL_PCD_EP_Receive  stm32f3xx_hal_pcd.o
    0x08000db6   0x0000008a   Code   RO         1053    i.HAL_PCD_EP_SetStall  stm32f3xx_hal_pcd.o
    0x08000e40   0x000000e6   Code   RO         1054    i.HAL_PCD_EP_Transmit  stm32f3xx_hal_pcd.o
    0x08000f26   0x000000fc   Code   RO         1056    i.HAL_PCD_IRQHandler  stm32f3xx_hal_pcd.o
    0x08001022   0x000000a6   Code   RO         1059    i.HAL_PCD_Init      stm32f3xx_hal_pcd.o
    0x080010c8   0x0000005c   Code   RO         2113    i.HAL_PCD_MspInit   usbd_conf.o
    0x08001124   0x0000001a   Code   RO         2114    i.HAL_PCD_ResetCallback  usbd_conf.o
    0x0800113e   0x00000008   Code   RO         2115    i.HAL_PCD_ResumeCallback  usbd_conf.o
    0x08001146   0x00000008   Code   RO         2116    i.HAL_PCD_SOFCallback  usbd_conf.o
    0x0800114e   0x0000002c   Code   RO         1065    i.HAL_PCD_SetAddress  stm32f3xx_hal_pcd.o
    0x0800117a   0x0000000e   Code   RO         2117    i.HAL_PCD_SetupStageCallback  usbd_conf.o
    0x08001188   0x0000000c   Code   RO         1067    i.HAL_PCD_Start     stm32f3xx_hal_pcd.o
    0x08001194   0x00000024   Code   RO         2118    i.HAL_PCD_SuspendCallback  usbd_conf.o
    0x080011b8   0x00000218   Code   RO          998    i.HAL_RCCEx_PeriphCLKConfig  stm32f3xx_hal_rcc_ex.o
    0x080013d0   0x00000188   Code   RO          269    i.HAL_RCC_ClockConfig  stm32f3xx_hal_rcc.o
    0x08001558   0x0000000c   Code   RO          274    i.HAL_RCC_GetHCLKFreq  stm32f3xx_hal_rcc.o
    0x08001564   0x00000064   Code   RO          278    i.HAL_RCC_GetSysClockFreq  stm32f3xx_hal_rcc.o
    0x080015c8   0x000005ac   Code   RO          281    i.HAL_RCC_OscConfig  stm32f3xx_hal_rcc.o
    0x08001b74   0x00000018   Code   RO          472    i.HAL_SYSTICK_CLKSourceConfig  stm32f3xx_hal_cortex.o
    0x08001b8c   0x00000028   Code   RO          474    i.HAL_SYSTICK_Config  stm32f3xx_hal_cortex.o
    0x08001bb4   0x00000028   Code   RO         1948    i.MX_FREERTOS_Init  freertos.o
    0x08001bdc   0x00000174   Code   RO         2081    i.MX_GPIO_Init      gpio.o
    0x08001d50   0x00000038   Code   RO         2312    i.MX_USB_DEVICE_Init  usb_device.o
    0x08001d88   0x0000015c   Code   RO         2415    i.ModBusParse       modbus.o
    0x08001ee4   0x00000048   Code   RO         2416    i.ModBusTask        modbus.o
    0x08001f2c   0x00000014   Code   RO         2417    i.ModBus_GetRegister  modbus.o
    0x08001f40   0x0000006c   Code   RO         2418    i.ModBus_Init       modbus.o
    0x08001fac   0x0000000c   Code   RO         2419    i.ModBus_SetAddress  modbus.o
    0x08001fb8   0x00000010   Code   RO         2420    i.ModBus_SetRegister  modbus.o
    0x08001fc8   0x00000020   Code   RO          476    i.NVIC_SetPriority  stm32f3xx_hal_cortex.o
    0x08001fe8   0x00000366   Code   RO         1070    i.PCD_EP_ISR_Handler  stm32f3xx_hal_pcd.o
    0x0800234e   0x00000002   PAD
    0x08002350   0x0000002e   Code   RO          766    i.PCD_ReadPMA       stm32f3xx_hal_pcd_ex.o
    0x0800237e   0x00000026   Code   RO          767    i.PCD_WritePMA      stm32f3xx_hal_pcd_ex.o
    0x080023a4   0x0000008c   Code   RO         1949    i.StartDefaultTask  freertos.o
    0x08002430   0x0000000e   Code   RO         1909    i.SysTick_Handler   stm32f3xx_it.o
    0x0800243e   0x0000007a   Code   RO         2015    i.SystemClock_Config  main.o
    0x080024b8   0x00000068   Code   RO         3989    i.SystemInit        system_stm32f3xx.o
    0x08002520   0x00000014   Code   RO         2748    i.USBD_CDC_DataIn   usbd_cdc.o
    0x08002534   0x0000002e   Code   RO         2749    i.USBD_CDC_DataOut  usbd_cdc.o
    0x08002562   0x0000003c   Code   RO         2750    i.USBD_CDC_DeInit   usbd_cdc.o
    0x0800259e   0x00000024   Code   RO         2751    i.USBD_CDC_EP0_RxReady  usbd_cdc.o
    0x080025c2   0x00000002   PAD
    0x080025c4   0x0000000c   Code   RO         2752    i.USBD_CDC_GetDeviceQualifierDescriptor  usbd_cdc.o
    0x080025d0   0x0000000c   Code   RO         2753    i.USBD_CDC_GetFSCfgDesc  usbd_cdc.o
    0x080025dc   0x0000000c   Code   RO         2754    i.USBD_CDC_GetHSCfgDesc  usbd_cdc.o
    0x080025e8   0x0000000c   Code   RO         2755    i.USBD_CDC_GetOtherSpeedCfgDesc  usbd_cdc.o
    0x080025f4   0x00000088   Code   RO         2756    i.USBD_CDC_Init     usbd_cdc.o
    0x0800267c   0x00000028   Code   RO         2757    i.USBD_CDC_ReceivePacket  usbd_cdc.o
    0x080026a4   0x00000010   Code   RO         2758    i.USBD_CDC_RegisterInterface  usbd_cdc.o
    0x080026b4   0x0000000c   Code   RO         2759    i.USBD_CDC_SetRxBuffer  usbd_cdc.o
    0x080026c0   0x00000010   Code   RO         2760    i.USBD_CDC_SetTxBuffer  usbd_cdc.o
    0x080026d0   0x00000070   Code   RO         2761    i.USBD_CDC_Setup    usbd_cdc.o
    0x08002740   0x00000030   Code   RO         2762    i.USBD_CDC_TransmitPacket  usbd_cdc.o
    0x08002770   0x0000000e   Code   RO         2545    i.USBD_ClrClassConfig  usbd_core.o
    0x0800277e   0x00000010   Code   RO         2485    i.USBD_CtlContinueRx  usbd_ioreq.o
    0x0800278e   0x00000010   Code   RO         2486    i.USBD_CtlContinueSendData  usbd_ioreq.o
    0x0800279e   0x00000016   Code   RO         2683    i.USBD_CtlError     usbd_ctlreq.o
    0x080027b4   0x0000001e   Code   RO         2487    i.USBD_CtlPrepareRx  usbd_ioreq.o
    0x080027d2   0x00000016   Code   RO         2488    i.USBD_CtlReceiveStatus  usbd_ioreq.o
    0x080027e8   0x0000001a   Code   RO         2489    i.USBD_CtlSendData  usbd_ioreq.o
    0x08002802   0x00000016   Code   RO         2490    i.USBD_CtlSendStatus  usbd_ioreq.o
    0x08002818   0x00000020   Code   RO         2346    i.USBD_FS_ConfigStrDescriptor  usbd_desc.o
    0x08002838   0x0000000c   Code   RO         2347    i.USBD_FS_DeviceDescriptor  usbd_desc.o
    0x08002844   0x00000024   Code   RO         2348    i.USBD_FS_InterfaceStrDescriptor  usbd_desc.o
    0x08002868   0x0000000c   Code   RO         2349    i.USBD_FS_LangIDStrDescriptor  usbd_desc.o
    0x08002874   0x00000028   Code   RO         2350    i.USBD_FS_ManufacturerStrDescriptor  usbd_desc.o
    0x0800289c   0x0000002c   Code   RO         2351    i.USBD_FS_ProductStrDescriptor  usbd_desc.o
    0x080028c8   0x00000024   Code   RO         2352    i.USBD_FS_SerialStrDescriptor  usbd_desc.o
    0x080028ec   0x000000e0   Code   RO         2684    i.USBD_GetDescriptor  usbd_ctlreq.o
    0x080029cc   0x00000046   Code   RO         2685    i.USBD_GetString    usbd_ctlreq.o
    0x08002a12   0x0000002a   Code   RO         2547    i.USBD_Init         usbd_core.o
    0x08002a3c   0x00000020   Code   RO         2119    i.USBD_LL_ClearStallEP  usbd_conf.o
    0x08002a5c   0x00000020   Code   RO         2120    i.USBD_LL_CloseEP   usbd_conf.o
    0x08002a7c   0x000000aa   Code   RO         2548    i.USBD_LL_DataInStage  usbd_core.o
    0x08002b26   0x0000006a   Code   RO         2549    i.USBD_LL_DataOutStage  usbd_core.o
    0x08002b90   0x00000008   Code   RO         2124    i.USBD_LL_GetRxDataSize  usbd_conf.o
    0x08002b98   0x00000084   Code   RO         2125    i.USBD_LL_Init      usbd_conf.o
    0x08002c1c   0x00000020   Code   RO         2126    i.USBD_LL_IsStallEP  usbd_conf.o
    0x08002c3c   0x00000026   Code   RO         2127    i.USBD_LL_OpenEP    usbd_conf.o
    0x08002c62   0x00000020   Code   RO         2128    i.USBD_LL_PrepareReceive  usbd_conf.o
    0x08002c82   0x0000003e   Code   RO         2554    i.USBD_LL_Reset     usbd_core.o
    0x08002cc0   0x0000000c   Code   RO         2555    i.USBD_LL_Resume    usbd_core.o
    0x08002ccc   0x00000018   Code   RO         2556    i.USBD_LL_SOF       usbd_core.o
    0x08002ce4   0x00000006   Code   RO         2557    i.USBD_LL_SetSpeed  usbd_core.o
    0x08002cea   0x00000020   Code   RO         2129    i.USBD_LL_SetUSBAddress  usbd_conf.o
    0x08002d0a   0x0000005a   Code   RO         2558    i.USBD_LL_SetupStage  usbd_core.o
    0x08002d64   0x00000020   Code   RO         2130    i.USBD_LL_StallEP   usbd_conf.o
    0x08002d84   0x00000020   Code   RO         2131    i.USBD_LL_Start     usbd_conf.o
    0x08002da4   0x00000012   Code   RO         2559    i.USBD_LL_Suspend   usbd_core.o
    0x08002db6   0x00000020   Code   RO         2133    i.USBD_LL_Transmit  usbd_conf.o
    0x08002dd6   0x00000028   Code   RO         2686    i.USBD_ParseSetupRequest  usbd_ctlreq.o
    0x08002dfe   0x00000010   Code   RO         2560    i.USBD_RegisterClass  usbd_core.o
    0x08002e0e   0x00000016   Code   RO         2562    i.USBD_SetClassConfig  usbd_core.o
    0x08002e24   0x00000074   Code   RO         2687    i.USBD_SetConfig    usbd_ctlreq.o
    0x08002e98   0x0000000a   Code   RO         2563    i.USBD_Start        usbd_core.o
    0x08002ea2   0x000000f2   Code   RO         2688    i.USBD_StdDevReq    usbd_ctlreq.o
    0x08002f94   0x000000dc   Code   RO         2689    i.USBD_StdEPReq     usbd_ctlreq.o
    0x08003070   0x00000034   Code   RO         2690    i.USBD_StdItfReq    usbd_ctlreq.o
    0x080030a4   0x00000002   Code   RO         2134    i.USBD_static_free  usbd_conf.o
    0x080030a6   0x00000002   PAD
    0x080030a8   0x00000008   Code   RO         2135    i.USBD_static_malloc  usbd_conf.o
    0x080030b0   0x0000000c   Code   RO         1910    i.USB_LP_CAN_RX0_IRQHandler  stm32f3xx_it.o
    0x080030bc   0x0000000e   Code   RO         4059    i.__scatterload_copy  mc_w.l(handlers.o)
    0x080030ca   0x00000002   Code   RO         4060    i.__scatterload_null  mc_w.l(handlers.o)
    0x080030cc   0x0000000e   Code   RO         4061    i.__scatterload_zeroinit  mc_w.l(handlers.o)
    0x080030da   0x0000000c   Code   RO         2923    i.inHandlerMode     cmsis_os.o
    0x080030e6   0x00000020   Code   RO         2016    i.main              main.o
    0x08003106   0x0000000c   Code   RO         2925    i.makeFreeRtosPriority  cmsis_os.o
    0x08003112   0x0000000a   Code   RO         2930    i.osKernelStart     cmsis_os.o
    0x0800311c   0x00000008   Code   RO         2939    i.osMessageCreate   cmsis_os.o
    0x08003124   0x00000098   Code   RO         2941    i.osMessageGet      cmsis_os.o
    0x080031bc   0x0000005c   Code   RO         2943    i.osMessagePut      cmsis_os.o
    0x08003218   0x00000014   Code   RO         2963    i.osSystickHandler  cmsis_os.o
    0x0800322c   0x0000002e   Code   RO         2964    i.osThreadCreate    cmsis_os.o
    0x0800325a   0x00000002   PAD
    0x0800325c   0x00000070   Code   RO         3336    i.prvAddCurrentTaskToDelayedList  tasks.o
    0x080032cc   0x000000d0   Code   RO         3337    i.prvAddNewTaskToReadyList  tasks.o
    0x0800339c   0x00000050   Code   RO         3338    i.prvCheckTasksWaitingTermination  tasks.o
    0x080033ec   0x00000026   Code   RO         3745    i.prvCopyDataFromQueue  queue.o
    0x08003412   0x0000006c   Code   RO         3746    i.prvCopyDataToQueue  queue.o
    0x0800347e   0x00000014   Code   RO         3339    i.prvDeleteTCB      tasks.o
    0x08003492   0x00000002   PAD
    0x08003494   0x0000004c   Code   RO         2851    i.prvHeapInit       heap_4.o
    0x080034e0   0x00000028   Code   RO         3340    i.prvIdleTask       tasks.o
    0x08003508   0x0000009c   Code   RO         3341    i.prvInitialiseNewTask  tasks.o
    0x080035a4   0x0000004c   Code   RO         2852    i.prvInsertBlockIntoFreeList  heap_4.o
    0x080035f0   0x0000001c   Code   RO         3747    i.prvIsQueueEmpty   queue.o
    0x0800360c   0x00000020   Code   RO         3343    i.prvResetNextTaskUnblockTime  tasks.o
    0x0800362c   0x00000028   Code   RO         3900    i.prvTaskExitError  port.o
    0x08003654   0x0000006a   Code   RO         3748    i.prvUnlockQueue    queue.o
    0x080036be   0x00000002   PAD
    0x080036c0   0x000000d8   Code   RO         2853    i.pvPortMalloc      heap_4.o
    0x08003798   0x00000018   Code   RO         3345    i.pvTaskIncrementMutexHeldCount  tasks.o
    0x080037b0   0x0000002c   Code   RO         3901    i.pxPortInitialiseStack  port.o
    0x080037dc   0x00000024   Code   RO         3298    i.uxListRemove      list.o
    0x08003800   0x00000016   Code   RO         3299    i.vListInitialise   list.o
    0x08003816   0x00000006   Code   RO         3300    i.vListInitialiseItem  list.o
    0x0800381c   0x00000030   Code   RO         3301    i.vListInsert       list.o
    0x0800384c   0x00000018   Code   RO         3302    i.vListInsertEnd    list.o
    0x08003864   0x00000040   Code   RO         3903    i.vPortEnterCritical  port.o
    0x080038a4   0x00000028   Code   RO         3904    i.vPortExitCritical  port.o
    0x080038cc   0x0000005c   Code   RO         2854    i.vPortFree         heap_4.o
    0x08003928   0x00000020   Code   RO         3905    i.vPortSetupTimerInterrupt  port.o
    0x08003948   0x00000054   Code   RO         3906    i.vPortValidateInterruptPriority  port.o
    0x0800399c   0x0000000c   Code   RO         3357    i.vTaskMissedYield  tasks.o
    0x080039a8   0x00000030   Code   RO         3359    i.vTaskPlaceOnEventList  tasks.o
    0x080039d8   0x00000084   Code   RO         3361    i.vTaskPriorityInherit  tasks.o
    0x08003a5c   0x00000024   Code   RO         3365    i.vTaskSetTimeOutState  tasks.o
    0x08003a80   0x00000068   Code   RO         3366    i.vTaskStartScheduler  tasks.o
    0x08003ae8   0x00000010   Code   RO         3368    i.vTaskSuspendAll   tasks.o
    0x08003af8   0x0000005c   Code   RO         3369    i.vTaskSwitchContext  tasks.o
    0x08003b54   0x000000e0   Code   RO         3907    i.xPortStartScheduler  port.o
    0x08003c34   0x0000002c   Code   RO         3908    i.xPortSysTickHandler  port.o
    0x08003c60   0x00000052   Code   RO         3759    i.xQueueGenericCreate  queue.o
    0x08003cb2   0x00000002   PAD
    0x08003cb4   0x0000016c   Code   RO         3760    i.xQueueGenericReceive  queue.o
    0x08003e20   0x00000088   Code   RO         3761    i.xQueueGenericReset  queue.o
    0x08003ea8   0x00000160   Code   RO         3762    i.xQueueGenericSend  queue.o
    0x08004008   0x000000bc   Code   RO         3763    i.xQueueGenericSendFromISR  queue.o
    0x080040c4   0x0000009a   Code   RO         3768    i.xQueueReceiveFromISR  queue.o
    0x0800415e   0x00000002   PAD
    0x08004160   0x0000006c   Code   RO         3370    i.xTaskCheckForTimeOut  tasks.o
    0x080041cc   0x00000056   Code   RO         3371    i.xTaskCreate       tasks.o
    0x08004222   0x00000002   PAD
    0x08004224   0x0000001c   Code   RO         3375    i.xTaskGetSchedulerState  tasks.o
    0x08004240   0x000000c8   Code   RO         3378    i.xTaskIncrementTick  tasks.o
    0x08004308   0x00000098   Code   RO         3381    i.xTaskPriorityDisinherit  tasks.o
    0x080043a0   0x00000074   Code   RO         3382    i.xTaskRemoveFromEventList  tasks.o
    0x08004414   0x000000c4   Code   RO         3384    i.xTaskResumeAll    tasks.o
    0x080044d8   0x00000020   Data   RO          282    .constdata          stm32f3xx_hal_rcc.o
    0x080044f8   0x00000014   Data   RO         1950    .constdata          freertos.o
    0x0800450c   0x00000024   Data   RO         2422    .constdata          modbus.o
    0x08004530   0x00000010   Data   RO         3990    .constdata          system_stm32f3xx.o
    0x08004540   0x0000000c   Data   RO         1951    .conststring        freertos.o
    0x0800454c   0x0000000b   Data   RO         2423    .conststring        modbus.o
    0x08004557   0x00000001   PAD
    0x08004558   0x00000020   Data   RO         4057    Region$$Table       anon$$obj.o


    Execution Region RW_IRAM1 (Base: 0x20000000, Size: 0x00001ed0, Max: 0x0000a000, ABSOLUTE, COMPRESSED[0x000000c0])

    Base Addr    Size         Type   Attr      Idx    E Section Name        Object

    0x20000000   0x00000004   Data   RW          612    .data               stm32f3xx_hal.o
    0x20000004   0x00000010   Data   RW         1788    .data               usbd_cdc_if.o
    0x20000014   0x00000008   Data   RW         1789    .data               usbd_cdc_if.o
    0x2000001c   0x00000004   Data   RW         1952    .data               freertos.o
    0x20000020   0x0000001c   Data   RW         2354    .data               usbd_desc.o
    0x2000003c   0x00000016   Data   RW         2355    .data               usbd_desc.o
    0x20000052   0x00000002   PAD
    0x20000054   0x00000010   Data   RW         2424    .data               modbus.o
    0x20000064   0x00000001   Data   RW         2691    .data               usbd_ctlreq.o
    0x20000065   0x00000003   PAD
    0x20000068   0x000000db   Data   RW         2763    .data               usbd_cdc.o
    0x20000143   0x00000001   PAD
    0x20000144   0x00000038   Data   RW         2764    .data               usbd_cdc.o
    0x2000017c   0x00000018   Data   RW         2859    .data               heap_4.o
    0x20000194   0x0000003c   Data   RW         3387    .data               tasks.o
    0x200001d0   0x0000000c   Data   RW         3909    .data               port.o
    0x200001dc   0x00000004   Data   RW         3992    .data               system_stm32f3xx.o
    0x200001e0   0x000005c8   Zero   RW         2136    .bss                usbd_conf.o
    0x200007a8   0x00000224   Zero   RW         2313    .bss                usb_device.o
    0x200009cc   0x00000200   Zero   RW         2353    .bss                usbd_desc.o
    0x20000bcc   0x00000214   Zero   RW         2421    .bss                modbus.o
    0x20000de0   0x00000c00   Zero   RW         2858    .bss                heap_4.o
    0x200019e0   0x000000f0   Zero   RW         3386    .bss                tasks.o
    0x20001ad0   0x00000400   Zero   RW         4023    STACK               startup_stm32f303xc.o


==============================================================================

Image component sizes


      Code (inc. data)   RO Data    RW Data    ZI Data      Debug   Object Name

       352         12          0          0          0      17286   cmsis_os.o
       180         18         32          4          0       1946   freertos.o
       372         30          0          0          0       1111   gpio.o
       460         24          0         24       3072       8811   heap_4.o
       136          0          0          0          0       3514   list.o
       156          0          0          0          0       2080   main.o
       744         62         47         16        532       6289   modbus.o
       758         84          0         12          0      11873   port.o
      1556         14          0          0          0      13880   queue.o
        36          8        392          0       1024        800   startup_stm32f303xc.o
       104         22          0          4          0       3159   stm32f3xx_hal.o
       218         14          0          0          0      30993   stm32f3xx_hal_cortex.o
       420         28          0          0          0     533296   stm32f3xx_hal_gpio.o
       112          6          0          0          0        858   stm32f3xx_hal_msp.o
      3208          0          0          0          0      11994   stm32f3xx_hal_pcd.o
       144          0          0          0          0       2855   stm32f3xx_hal_pcd_ex.o
      1956         52         32          0          0       5078   stm32f3xx_hal_rcc.o
       536         14          0          0          0       1584   stm32f3xx_hal_rcc_ex.o
        26          6          0          0          0        962   stm32f3xx_it.o
       104         22         16          4          0       1147   system_stm32f3xx.o
      1998        160          0         60        240      29704   tasks.o
        56         18          0          0        548        712   usb_device.o
       590         22          0        275          0      13014   usbd_cdc.o
       148         24          0         24          0      30407   usbd_cdc_if.o
       668         30          0          0       1480      13773   usbd_conf.o
       592          0          0          0          0       9500   usbd_core.o
       986         30          0          1          0       7944   usbd_ctlreq.o
       212        116          0         50        512       5071   usbd_desc.o
       132          0          0          0          0       4472   usbd_ioreq.o

    ----------------------------------------------------------------------
     16988        816        552        480       7408     774113   Object Totals
         0          0         32          0          0          0   (incl. Generated)
        28          0          1          6          0          0   (incl. Padding)

    ----------------------------------------------------------------------

      Code (inc. data)   RO Data    RW Data    ZI Data      Debug   Library Member Name

        86          0          0          0          0          0   __dczerorl2.o
         0          0          0          0          0          0   entry.o
         0          0          0          0          0          0   entry10a.o
         0          0          0          0          0          0   entry11a.o
         8          4          0          0          0          0   entry2.o
         4          0          0          0          0          0   entry5.o
         0          0          0          0          0          0   entry7b.o
         0          0          0          0          0          0   entry8b.o
         8          4          0          0          0          0   entry9a.o
        30          0          0          0          0          0   handlers.o
        36          8          0          0          0         68   init.o
        36          0          0          0          0         68   memcpya.o
        36          0          0          0          0        108   memseta.o

    ----------------------------------------------------------------------
       244         16          0          0          0        244   Library Totals
         0          0          0          0          0          0   (incl. Padding)

    ----------------------------------------------------------------------

      Code (inc. data)   RO Data    RW Data    ZI Data      Debug   Library Name

       244         16          0          0          0        244   mc_w.l

    ----------------------------------------------------------------------
       244         16          0          0          0        244   Library Totals

    ----------------------------------------------------------------------

==============================================================================


      Code (inc. data)   RO Data    RW Data    ZI Data      Debug   

     17232        832        552        480       7408     756589   Grand Totals
     17232        832        552        192       7408     756589   ELF Image Totals (compressed)
     17232        832        552        192          0          0   ROM Totals

==============================================================================

    Total RO  Size (Code + RO Data)                17784 (  17.37kB)
    Total RW  Size (RW Data + ZI Data)              7888 (   7.70kB)
    Total ROM Size (Code + RO Data + RW Data)      17976 (  17.55kB)

==============================================================================

