Component: ARM Compiler 5.06 update 4 (build 422) Tool: armlink [4d35d2]

==============================================================================

Section Cross References

    stm32f3xx_hal_gpio.o(i.HAL_GPIO_EXTI_IRQHandler) refers to stm32f3xx_hal_gpio.o(i.HAL_GPIO_EXTI_Callback) for HAL_GPIO_EXTI_Callback
    stm32f3xx_hal_pwr_ex.o(i.HAL_PWR_PVD_IRQHandler) refers to stm32f3xx_hal_pwr_ex.o(i.HAL_PWR_PVDCallback) for HAL_PWR_PVDCallback
    stm32f3xx_hal_rcc.o(i.HAL_RCC_ClockConfig) refers to stm32f3xx_hal.o(i.HAL_GetTick) for HAL_GetTick
    stm32f3xx_hal_rcc.o(i.HAL_RCC_ClockConfig) refers to stm32f3xx_hal_rcc.o(i.HAL_RCC_GetSysClockFreq) for HAL_RCC_GetSysClockFreq
    stm32f3xx_hal_rcc.o(i.HAL_RCC_ClockConfig) refers to stm32f3xx_hal.o(i.HAL_InitTick) for HAL_InitTick
    stm32f3xx_hal_rcc.o(i.HAL_RCC_ClockConfig) refers to system_stm32f3xx.o(.constdata) for AHBPrescTable
    stm32f3xx_hal_rcc.o(i.HAL_RCC_ClockConfig) refers to system_stm32f3xx.o(.data) for SystemCoreClock
    stm32f3xx_hal_rcc.o(i.HAL_RCC_DeInit) refers to system_stm32f3xx.o(.data) for SystemCoreClock
    stm32f3xx_hal_rcc.o(i.HAL_RCC_GetHCLKFreq) refers to system_stm32f3xx.o(.data) for SystemCoreClock
    stm32f3xx_hal_rcc.o(i.HAL_RCC_GetPCLK1Freq) refers to system_stm32f3xx.o(.data) for SystemCoreClock
    stm32f3xx_hal_rcc.o(i.HAL_RCC_GetPCLK1Freq) refers to system_stm32f3xx.o(.constdata) for APBPrescTable
    stm32f3xx_hal_rcc.o(i.HAL_RCC_GetPCLK2Freq) refers to system_stm32f3xx.o(.data) for SystemCoreClock
    stm32f3xx_hal_rcc.o(i.HAL_RCC_GetPCLK2Freq) refers to system_stm32f3xx.o(.constdata) for APBPrescTable
    stm32f3xx_hal_rcc.o(i.HAL_RCC_GetSysClockFreq) refers to stm32f3xx_hal_rcc.o(.constdata) for .constdata
    stm32f3xx_hal_rcc.o(i.HAL_RCC_MCOConfig) refers to memseta.o(.text) for __aeabi_memclr4
    stm32f3xx_hal_rcc.o(i.HAL_RCC_MCOConfig) refers to stm32f3xx_hal_gpio.o(i.HAL_GPIO_Init) for HAL_GPIO_Init
    stm32f3xx_hal_rcc.o(i.HAL_RCC_NMI_IRQHandler) refers to stm32f3xx_hal_rcc.o(i.HAL_RCC_CSSCallback) for HAL_RCC_CSSCallback
    stm32f3xx_hal_rcc.o(i.HAL_RCC_OscConfig) refers to stm32f3xx_hal.o(i.HAL_GetTick) for HAL_GetTick
    stm32f3xx_hal_flash_ex.o(i.FLASH_MassErase) refers to stm32f3xx_hal_flash.o(.bss) for pFlash
    stm32f3xx_hal_flash_ex.o(i.FLASH_OB_DisableWRP) refers to stm32f3xx_hal_flash.o(i.FLASH_WaitForLastOperation) for FLASH_WaitForLastOperation
    stm32f3xx_hal_flash_ex.o(i.FLASH_OB_DisableWRP) refers to stm32f3xx_hal_flash_ex.o(i.HAL_FLASHEx_OBErase) for HAL_FLASHEx_OBErase
    stm32f3xx_hal_flash_ex.o(i.FLASH_OB_DisableWRP) refers to stm32f3xx_hal_flash.o(.bss) for pFlash
    stm32f3xx_hal_flash_ex.o(i.FLASH_OB_EnableWRP) refers to stm32f3xx_hal_flash.o(i.FLASH_WaitForLastOperation) for FLASH_WaitForLastOperation
    stm32f3xx_hal_flash_ex.o(i.FLASH_OB_EnableWRP) refers to stm32f3xx_hal_flash_ex.o(i.HAL_FLASHEx_OBErase) for HAL_FLASHEx_OBErase
    stm32f3xx_hal_flash_ex.o(i.FLASH_OB_EnableWRP) refers to stm32f3xx_hal_flash.o(.bss) for pFlash
    stm32f3xx_hal_flash_ex.o(i.FLASH_OB_RDP_LevelConfig) refers to stm32f3xx_hal_flash.o(i.FLASH_WaitForLastOperation) for FLASH_WaitForLastOperation
    stm32f3xx_hal_flash_ex.o(i.FLASH_OB_RDP_LevelConfig) refers to stm32f3xx_hal_flash.o(.bss) for pFlash
    stm32f3xx_hal_flash_ex.o(i.FLASH_PageErase) refers to stm32f3xx_hal_flash.o(.bss) for pFlash
    stm32f3xx_hal_flash_ex.o(i.HAL_FLASHEx_Erase) refers to stm32f3xx_hal_flash.o(i.FLASH_WaitForLastOperation) for FLASH_WaitForLastOperation
    stm32f3xx_hal_flash_ex.o(i.HAL_FLASHEx_Erase) refers to stm32f3xx_hal_flash_ex.o(i.FLASH_MassErase) for FLASH_MassErase
    stm32f3xx_hal_flash_ex.o(i.HAL_FLASHEx_Erase) refers to stm32f3xx_hal_flash_ex.o(i.FLASH_PageErase) for FLASH_PageErase
    stm32f3xx_hal_flash_ex.o(i.HAL_FLASHEx_Erase) refers to stm32f3xx_hal_flash.o(.bss) for pFlash
    stm32f3xx_hal_flash_ex.o(i.HAL_FLASHEx_Erase_IT) refers to stm32f3xx_hal_flash_ex.o(i.FLASH_PageErase) for FLASH_PageErase
    stm32f3xx_hal_flash_ex.o(i.HAL_FLASHEx_Erase_IT) refers to stm32f3xx_hal_flash_ex.o(i.FLASH_MassErase) for FLASH_MassErase
    stm32f3xx_hal_flash_ex.o(i.HAL_FLASHEx_Erase_IT) refers to stm32f3xx_hal_flash.o(.bss) for pFlash
    stm32f3xx_hal_flash_ex.o(i.HAL_FLASHEx_OBErase) refers to stm32f3xx_hal_flash_ex.o(i.FLASH_OB_GetRDP) for FLASH_OB_GetRDP
    stm32f3xx_hal_flash_ex.o(i.HAL_FLASHEx_OBErase) refers to stm32f3xx_hal_flash.o(i.FLASH_WaitForLastOperation) for FLASH_WaitForLastOperation
    stm32f3xx_hal_flash_ex.o(i.HAL_FLASHEx_OBErase) refers to stm32f3xx_hal_flash_ex.o(i.FLASH_OB_RDP_LevelConfig) for FLASH_OB_RDP_LevelConfig
    stm32f3xx_hal_flash_ex.o(i.HAL_FLASHEx_OBErase) refers to stm32f3xx_hal_flash.o(.bss) for pFlash
    stm32f3xx_hal_flash_ex.o(i.HAL_FLASHEx_OBGetConfig) refers to stm32f3xx_hal_flash_ex.o(i.FLASH_OB_GetRDP) for FLASH_OB_GetRDP
    stm32f3xx_hal_flash_ex.o(i.HAL_FLASHEx_OBProgram) refers to stm32f3xx_hal_flash_ex.o(i.FLASH_OB_DisableWRP) for FLASH_OB_DisableWRP
[...]
    Removing tasks.o(i.vTaskSetTimeOutState), (36 bytes).
    Removing tasks.o(i.vTaskSuspend), (176 bytes).
    Removing tasks.o(i.xTaskCheckForTimeOut), (108 bytes).
    Removing tasks.o(i.xTaskGenericNotify), (204 bytes).
    Removing tasks.o(i.xTaskGenericNotifyFromISR), (240 bytes).
    Removing tasks.o(i.xTaskGetCurrentTaskHandle), (12 bytes).
    Removing tasks.o(i.xTaskGetTickCount), (12 bytes).
    Removing tasks.o(i.xTaskGetTickCountFromISR), (16 bytes).
    Removing tasks.o(i.xTaskNotifyStateClear), (52 bytes).
    Removing tasks.o(i.xTaskNotifyWait), (140 bytes).
    Removing tasks.o(i.xTaskPriorityDisinherit), (152 bytes).
    Removing tasks.o(i.xTaskRemoveFromEventList), (116 bytes).
    Removing tasks.o(i.xTaskRemoveFromUnorderedEventList), (120 bytes).
    Removing tasks.o(i.xTaskResumeFromISR), (136 bytes).
    Removing event_groups.o(i.prvTestWaitCondition), (20 bytes).
    Removing event_groups.o(i.uxEventGroupGetNumber), (8 bytes).
    Removing event_groups.o(i.vEventGroupClearBitsCallback), (4 bytes).
    Removing event_groups.o(i.vEventGroupDelete), (70 bytes).
    Removing event_groups.o(i.vEventGroupSetBitsCallback), (4 bytes).
    Removing event_groups.o(i.xEventGroupClearBits), (64 bytes).
    Removing event_groups.o(i.xEventGroupCreate), (26 bytes).
    Removing event_groups.o(i.xEventGroupGetBitsFromISR), (26 bytes).
    Removing event_groups.o(i.xEventGroupSetBits), (140 bytes).
    Removing event_groups.o(i.xEventGroupSync), (204 bytes).
    Removing event_groups.o(i.xEventGroupWaitBits), (264 bytes).
    Removing queue.o(i.pcQueueGetName), (40 bytes).
    Removing queue.o(i.prvCopyDataFromQueue), (38 bytes).
    Removing queue.o(i.prvCopyDataToQueue), (108 bytes).
    Removing queue.o(i.prvIsQueueEmpty), (28 bytes).
    Removing queue.o(i.prvUnlockQueue), (106 bytes).
    Removing queue.o(i.ucQueueGetQueueType), (6 bytes).
    Removing queue.o(i.uxQueueGetQueueNumber), (4 bytes).
    Removing queue.o(i.uxQueueMessagesWaiting), (36 bytes).
    Removing queue.o(i.uxQueueMessagesWaitingFromISR), (22 bytes).
    Removing queue.o(i.uxQueueSpacesAvailable), (40 bytes).
    Removing queue.o(i.vQueueAddToRegistry), (40 bytes).
    Removing queue.o(i.vQueueDelete), (36 bytes).
    Removing queue.o(i.vQueueSetQueueNumber), (4 bytes).
    Removing queue.o(i.vQueueUnregisterQueue), (40 bytes).
    Removing queue.o(i.xQueueCreateMutex), (36 bytes).
    Removing queue.o(i.xQueueGenericCreate), (82 bytes).
    Removing queue.o(i.xQueueGenericReceive), (364 bytes).
    Removing queue.o(i.xQueueGenericReset), (136 bytes).
    Removing queue.o(i.xQueueGenericSend), (352 bytes).
    Removing queue.o(i.xQueueGenericSendFromISR), (188 bytes).
    Removing queue.o(i.xQueueGiveFromISR), (156 bytes).
    Removing queue.o(i.xQueueIsQueueEmptyFromISR), (30 bytes).
    Removing queue.o(i.xQueueIsQueueFullFromISR), (34 bytes).
    Removing queue.o(i.xQueuePeekFromISR), (116 bytes).
    Removing queue.o(i.xQueueReceiveFromISR), (154 bytes).
    Removing queue.o(.bss), (64 bytes).
    Removing port.o(i.vPortEndScheduler), (32 bytes).
    Removing port.o(i.vPortValidateInterruptPriority), (84 bytes).
    Removing system_stm32f3xx.o(.rev16_text), (4 bytes).
    Removing system_stm32f3xx.o(.revsh_text), (4 bytes).
    Removing system_stm32f3xx.o(.rrx_text), (6 bytes).
    Removing system_stm32f3xx.o(i.SystemCoreClockUpdate), (112 bytes).
    Removing system_stm32f3xx.o(.constdata), (8 bytes).
    Removing startup_stm32f303xc.o(HEAP), (512 bytes).

447 unused section(s) (total 25072 bytes) removed from the image.

==============================================================================

Image Symbol Table

    Local Symbols

    Symbol Name                              Value     Ov Type        Size  Object(Section)

    ../Drivers/STM32F3xx_HAL_Driver/Src/stm32f3xx_hal.c 0x00000000   Number         0  stm32f3xx_hal.o ABSOLUTE
    ../Drivers/STM32F3xx_HAL_Driver/Src/stm32f3xx_hal_cortex.c 0x00000000   Number         0  stm32f3xx_hal_cortex.o ABSOLUTE
    ../Drivers/STM32F3xx_HAL_Driver/Src/stm32f3xx_hal_dma.c 0x00000000   Number         0  stm32f3xx_hal_dma.o ABSOLUTE
    ../Drivers/STM32F3xx_HAL_Driver/Src/stm32f3xx_hal_flash.c 0x00000000   Number         0  stm32f3xx_hal_flash.o ABSOLUTE
    ../Drivers/STM32F3xx_HAL_Driver/Src/stm32f3xx_hal_flash_ex.c 0x00000000   Number         0  stm32f3xx_hal_flash_ex.o ABSOLUTE
    ../Drivers/STM32F3xx_HAL_Driver/Src/stm32f3xx_hal_gpio.c 0x00000000   Number         0  stm32f3xx_hal_gpio.o ABSOLUTE
    ../Drivers/STM32F3xx_HAL_Driver/Src/stm32f3xx_hal_i2c.c 0x00000000   Number         0  stm32f3xx_hal_i2c.o ABSOLUTE
    ../Drivers/STM32F3xx_HAL_Driver/Src/stm32f3xx_hal_i2c_ex.c 0x00000000   Number         0  stm32f3xx_hal_i2c_ex.o ABSOLUTE
    ../Drivers/STM32F3xx_HAL_Driver/Src/stm32f3xx_hal_pcd.c 0x00000000   Number         0  stm32f3xx_hal_pcd.o ABSOLUTE
    ../Drivers/STM32F3xx_HAL_Driver/Src/stm32f3xx_hal_pcd_ex.c 0x00000000   Number         0  stm32f3xx_hal_pcd_ex.o ABSOLUTE
    ../Drivers/STM32F3xx_HAL_Driver/Src/stm32f3xx_hal_pwr.c 0x00000000   Number         0  stm32f3xx_hal_pwr.o ABSOLUTE
    ../Drivers/STM32F3xx_HAL_Driver/Src/stm32f3xx_hal_pwr_ex.c 0x00000000   Number         0  stm32f3xx_hal_pwr_ex.o ABSOLUTE
    ../Drivers/STM32F3xx_HAL_Driver/Src/stm32f3xx_hal_rcc.c 0x00000000   Number         0  stm32f3xx_hal_rcc.o ABSOLUTE
    ../Drivers/STM32F3xx_HAL_Driver/Src/stm32f3xx_hal_rcc_ex.c 0x00000000   Number         0  stm32f3xx_hal_rcc_ex.o ABSOLUTE
    ../Drivers/STM32F3xx_HAL_Driver/Src/stm32f3xx_hal_tim.c 0x00000000   Number         0  stm32f3xx_hal_tim.o ABSOLUTE
    ../Drivers/STM32F3xx_HAL_Driver/Src/stm32f3xx_hal_tim_ex.c 0x00000000   Number         0  stm32f3xx_hal_tim_ex.o ABSOLUTE
    ../Middlewares/ST/STM32_USB_Device_Library/Class/CDC/Src/usbd_cdc.c 0x00000000   Number         0  usbd_cdc.o ABSOLUTE
    ../Middlewares/ST/STM32_USB_Device_Library/Core/Src/usbd_core.c 0x00000000   Number         0  usbd_core.o ABSOLUTE
    ../Middlewares/ST/STM32_USB_Device_Library/Core/Src/usbd_ctlreq.c 0x00000000   Number         0  usbd_ctlreq.o ABSOLUTE
    ../Middlewares/ST/STM32_USB_Device_Library/Core/Src/usbd_ioreq.c 0x00000000   Number         0  usbd_ioreq.o ABSOLUTE
    ../Middlewares/Third_Party/FreeRTOS/Source/CMSIS_RTOS/cmsis_os.c 0x00000000   Number         0  cmsis_os.o ABSOLUTE
    ../Middlewares/Third_Party/FreeRTOS/Source/croutine.c 0x00000000   Number         0  croutine.o ABSOLUTE
    ../Middlewares/Third_Party/FreeRTOS/Source/event_groups.c 0x00000000   Number         0  event_groups.o ABSOLUTE
    ../Middlewares/Third_Party/FreeRTOS/Source/list.c 0x00000000   Number         0  list.o ABSOLUTE
    ../Middlewares/Third_Party/FreeRTOS/Source/portable/MemMang/heap_4.c 0x00000000   Number         0  heap_4.o ABSOLUTE
    ../Middlewares/Third_Party/FreeRTOS/Source/portable/RVDS/ARM_CM4F/port.c 0x00000000   Number         0  port.o ABSOLUTE
    ../Middlewares/Third_Party/FreeRTOS/Source/queue.c 0x00000000   Number         0  queue.o ABSOLUTE
    ../Middlewares/Third_Party/FreeRTOS/Source/tasks.c 0x00000000   Number         0  tasks.o ABSOLUTE
    ../Middlewares/Third_Party/FreeRTOS/Source/timers.c 0x00000000   Number         0  timers.o ABSOLUTE
    ../Src/freertos.c                        0x00000000   Number         0  freertos.o ABSOLUTE
    ../Src/gpio.c                            0x00000000   Number         0  gpio.o ABSOLUTE
    ../Src/main.c                            0x00000000   Number         0  main.o ABSOLUTE
    ../Src/stm32f3xx_hal_msp.c               0x00000000   Number         0  stm32f3xx_hal_msp.o ABSOLUTE
    ../Src/stm32f3xx_it.c                    0x00000000   Number         0  stm32f3xx_it.o ABSOLUTE
    ../Src/system_stm32f3xx.c                0x00000000   Number         0  system_stm32f3xx.o ABSOLUTE
    ../Src/usb_device.c                      0x00000000   Number         0  usb_device.o ABSOLUTE
    ../Src/usbd_cdc_if.c                     0x00000000   Number         0  usbd_cdc_if.o ABSOLUTE
    ../Src/usbd_conf.c                       0x00000000   Number         0  usbd_conf.o ABSOLUTE
    ../Src/usbd_desc.c                       0x00000000   Number         0  usbd_desc.o ABSOLUTE
    ../clib/../cmprslib/zerorunl2.c          0x00000000   Number         0  __dczerorl2.o ABSOLUTE
    ../clib/microlib/init/entry.s            0x00000000   Number         0  entry5.o ABSOLUTE
    ../clib/microlib/init/entry.s            0x00000000   Number         0  entry9a.o ABSOLUTE
    ../clib/microlib/init/entry.s            0x00000000   Number         0  entry8b.o ABSOLUTE
    ../clib/microlib/init/entry.s            0x00000000   Number         0  entry8a.o ABSOLUTE
    ../clib/microlib/init/entry.s            0x00000000   Number         0  entry7b.o ABSOLUTE
    ../clib/microlib/init/entry.s            0x00000000   Number         0  entry7a.o ABSOLUTE
    ../clib/microlib/init/entry.s            0x00000000   Number         0  entry9b.o ABSOLUTE
    ../clib/microlib/init/entry.s            0x00000000   Number         0  entry11b.o ABSOLUTE
    ../clib/microlib/init/entry.s            0x00000000   Number         0  entry11a.o ABSOLUTE
    ../clib/microlib/init/entry.s            0x00000000   Number         0  entry10b.o ABSOLUTE
    ../clib/microlib/init/entry.s            0x00000000   Number         0  entry2.o ABSOLUTE
    ../clib/microlib/init/entry.s            0x00000000   Number         0  entry10a.o ABSOLUTE
    ../clib/microlib/init/entry.s            0x00000000   Number         0  entry.o ABSOLUTE
    ../clib/microlib/longlong.c              0x00000000   Number         0  llushr.o ABSOLUTE
    ../clib/microlib/string/memcpy.c         0x00000000   Number         0  memcpyb.o ABSOLUTE
    ../clib/microlib/string/memcpy.c         0x00000000   Number         0  memcpya.o ABSOLUTE
    ../clib/microlib/string/memset.c         0x00000000   Number         0  memseta.o ABSOLUTE
    ..\Drivers\STM32F3xx_HAL_Driver\Src\stm32f3xx_hal.c 0x00000000   Number         0  stm32f3xx_hal.o ABSOLUTE
    ..\Drivers\STM32F3xx_HAL_Driver\Src\stm32f3xx_hal_cortex.c 0x00000000   Number         0  stm32f3xx_hal_cortex.o ABSOLUTE
    ..\Drivers\STM32F3xx_HAL_Driver\Src\stm32f3xx_hal_dma.c 0x00000000   Number         0  stm32f3xx_hal_dma.o ABSOLUTE
    ..\Drivers\STM32F3xx_HAL_Driver\Src\stm32f3xx_hal_flash.c 0x00000000   Number         0  stm32f3xx_hal_flash.o ABSOLUTE
    ..\Drivers\STM32F3xx_HAL_Driver\Src\stm32f3xx_hal_flash_ex.c 0x00000000   Number         0  stm32f3xx_hal_flash_ex.o ABSOLUTE
    ..\Drivers\STM32F3xx_HAL_Driver\Src\stm32f3xx_hal_gpio.c 0x00000000   Number         0  stm32f3xx_hal_gpio.o ABSOLUTE
    ..\Drivers\STM32F3xx_HAL_Driver\Src\stm32f3xx_hal_i2c.c 0x00000000   Number         0  stm32f3xx_hal_i2c.o ABSOLUTE
    ..\Drivers\STM32F3xx_HAL_Driver\Src\stm32f3xx_hal_i2c_ex.c 0x00000000   Number         0  stm32f3xx_hal_i2c_ex.o ABSOLUTE
    ..\Drivers\STM32F3xx_HAL_Driver\Src\stm32f3xx_hal_pcd.c 0x00000000   Number         0  stm32f3xx_hal_pcd.o ABSOLUTE
    ..\Drivers\STM32F3xx_HAL_Driver\Src\stm32f3xx_hal_pcd_ex.c 0x00000000   Number         0  stm32f3xx_hal_pcd_ex.o ABSOLUTE
    ..\Drivers\STM32F3xx_HAL_Driver\Src\stm32f3xx_hal_pwr.c 0x00000000   Number         0  stm32f3xx_hal_pwr.o ABSOLUTE
    ..\Drivers\STM32F3xx_HAL_Driver\Src\stm32f3xx_hal_pwr_ex.c 0x00000000   Number         0  stm32f3xx_hal_pwr_ex.o ABSOLUTE
    ..\Drivers\STM32F3xx_HAL_Driver\Src\stm32f3xx_hal_rcc.c 0x00000000   Number         0  stm32f3xx_hal_rcc.o ABSOLUTE
    ..\Drivers\STM32F3xx_HAL_Driver\Src\stm32f3xx_hal_rcc_ex.c 0x00000000   Number         0  stm32f3xx_hal_rcc_ex.o ABSOLUTE
    ..\Drivers\STM32F3xx_HAL_Driver\Src\stm32f3xx_hal_tim.c 0x00000000   Number         0  stm32f3xx_hal_tim.o ABSOLUTE
    ..\Drivers\STM32F3xx_HAL_Driver\Src\stm32f3xx_hal_tim_ex.c 0x00000000   Number         0  stm32f3xx_hal_tim_ex.o ABSOLUTE
    ..\Middlewares\ST\STM32_USB_Device_Library\Class\CDC\Src\usbd_cdc.c 0x00000000   Number         0  usbd_cdc.o ABSOLUTE
    ..\Middlewares\ST\STM32_USB_Device_Library\Core\Src\usbd_core.c 0x00000000   Number         0  usbd_core.o ABSOLUTE
    ..\Middlewares\ST\STM32_USB_Device_Library\Core\Src\usbd_ctlreq.c 0x00000000   Number         0  usbd_ctlreq.o ABSOLUTE
    ..\Middlewares\ST\STM32_USB_Device_Library\Core\Src\usbd_ioreq.c 0x00000000   Number         0  usbd_ioreq.o ABSOLUTE
    ..\Middlewares\Third_Party\FreeRTOS\Source\CMSIS_RTOS\cmsis_os.c 0x00000000   Number         0  cmsis_os.o ABSOLUTE
    ..\Middlewares\Third_Party\FreeRTOS\Source\portable\RVDS\ARM_CM4F\port.c 0x00000000   Number         0  port.o ABSOLUTE
    ..\Src\freertos.c                        0x00000000   Number         0  freertos.o ABSOLUTE
    ..\Src\gpio.c                            0x00000000   Number         0  gpio.o ABSOLUTE
    ..\Src\main.c                            0x00000000   Number         0  main.o ABSOLUTE
    ..\Src\stm32f3xx_hal_msp.c               0x00000000   Number         0  stm32f3xx_hal_msp.o ABSOLUTE
    ..\Src\stm32f3xx_it.c                    0x00000000   Number         0  stm32f3xx_it.o ABSOLUTE
    ..\Src\system_stm32f3xx.c                0x00000000   Number         0  system_stm32f3xx.o ABSOLUTE
    ..\Src\usb_device.c                      0x00000000   Number         0  usb_device.o ABSOLUTE
    ..\Src\usbd_cdc_if.c                     0x00000000   Number         0  usbd_cdc_if.o ABSOLUTE
    ..\Src\usbd_conf.c                       0x00000000   Number         0  usbd_conf.o ABSOLUTE
    ..\Src\usbd_desc.c                       0x00000000   Number         0  usbd_desc.o ABSOLUTE
    dc.s                                     0x00000000   Number         0  dc.o ABSOLUTE
    handlers.s                               0x00000000   Number         0  handlers.o ABSOLUTE
    init.s                                   0x00000000   Number         0  init.o ABSOLUTE
    startup_stm32f303xc.s                    0x00000000   Number         0  startup_stm32f303xc.o ABSOLUTE
    RESET                                    0x08000000   Section      392  startup_stm32f303xc.o(RESET)
    .ARM.Collect$$$$00000000                 0x08000188   Section        0  entry.o(.ARM.Collect$$$$00000000)
    .ARM.Collect$$$$00000001                 0x08000188   Section        4  entry2.o(.ARM.Collect$$$$00000001)
    .ARM.Collect$$$$00000004                 0x0800018c   Section        4  entry5.o(.ARM.Collect$$$$00000004)
    .ARM.Collect$$$$00000008                 0x08000190   Section        0  entry7b.o(.ARM.Collect$$$$00000008)
    .ARM.Collect$$$$0000000A                 0x08000190   Section        0  entry8b.o(.ARM.Collect$$$$0000000A)
    .ARM.Collect$$$$0000000B                 0x08000190   Section        8  entry9a.o(.ARM.Collect$$$$0000000B)
    .ARM.Collect$$$$0000000D                 0x08000198   Section        0  entry10a.o(.ARM.Collect$$$$0000000D)
    .ARM.Collect$$$$0000000F                 0x08000198   Section        0  entry11a.o(.ARM.Collect$$$$0000000F)
    .ARM.Collect$$$$00002712                 0x08000198   Section        4  entry2.o(.ARM.Collect$$$$00002712)
    __lit__00000000                          0x08000198   Data           4  entry2.o(.ARM.Collect$$$$00002712)
    .emb_text                                0x0800019c   Section      186  port.o(.emb_text)
    $v0                                      0x0800019c   Number         0  port.o(.emb_text)
    .text                                    0x08000258   Section       36  startup_stm32f303xc.o(.text)
    $v0                                      0x08000258   Number         0  startup_stm32f303xc.o(.text)
    .text                                    0x0800027c   Section        0  memcpya.o(.text)
    .text                                    0x080002a0   Section        0  memseta.o(.text)
    .text                                    0x080002c4   Section       36  init.o(.text)
    .text                                    0x080002e8   Section        0  __dczerorl2.o(.text)
    i.CDC_Control_FS                         0x0800033e   Section        0  usbd_cdc_if.o(i.CDC_Control_FS)
    CDC_Control_FS                           0x0800033f   Thumb Code     4  usbd_cdc_if.o(i.CDC_Control_FS)
    i.CDC_DeInit_FS                          0x08000342   Section        0  usbd_cdc_if.o(i.CDC_DeInit_FS)
    CDC_DeInit_FS                            0x08000343   Thumb Code     4  usbd_cdc_if.o(i.CDC_DeInit_FS)
    i.CDC_Init_FS                            0x08000348   Section        0  usbd_cdc_if.o(i.CDC_Init_FS)
    CDC_Init_FS                              0x08000349   Thumb Code    26  usbd_cdc_if.o(i.CDC_Init_FS)
    i.CDC_Receive_FS                         0x0800036c   Section        0  usbd_cdc_if.o(i.CDC_Receive_FS)
    CDC_Receive_FS                           0x0800036d   Thumb Code    34  usbd_cdc_if.o(i.CDC_Receive_FS)
    i.CDC_Transmit_FS                        0x08000394   Section        0  usbd_cdc_if.o(i.CDC_Transmit_FS)
    i.Error_Handler                          0x080003c0   Section        0  main.o(i.Error_Handler)
    i.HAL_GPIO_Init                          0x080003c4   Section        0  stm32f3xx_hal_gpio.o(i.HAL_GPIO_Init)
    i.HAL_GPIO_TogglePin                     0x0800054c   Section        0  stm32f3xx_hal_gpio.o(i.HAL_GPIO_TogglePin)
    i.HAL_GPIO_WritePin                      0x08000554   Section        0  stm32f3xx_hal_gpio.o(i.HAL_GPIO_WritePin)
    i.HAL_GetTick                            0x08000560   Section        0  stm32f3xx_hal.o(i.HAL_GetTick)
    i.HAL_IncTick                            0x0800056c   Section        0  stm32f3xx_hal.o(i.HAL_IncTick)
    i.HAL_Init                               0x0800057c   Section        0  stm32f3xx_hal.o(i.HAL_Init)
    i.HAL_InitTick                           0x080005a0   Section        0  stm32f3xx_hal.o(i.HAL_InitTick)
    i.HAL_MspInit                            0x080005c8   Section        0  stm32f3xx_hal_msp.o(i.HAL_MspInit)
    i.HAL_NVIC_EnableIRQ                     0x08000638   Section        0  stm32f3xx_hal_cortex.o(i.HAL_NVIC_EnableIRQ)
    i.HAL_NVIC_SetPriority                   0x08000650   Section        0  stm32f3xx_hal_cortex.o(i.HAL_NVIC_SetPriority)
    i.HAL_NVIC_SetPriorityGrouping           0x08000690   Section        0  stm32f3xx_hal_cortex.o(i.HAL_NVIC_SetPriorityGrouping)
    i.HAL_PCDEx_PMAConfig                    0x080006b4   Section        0  stm32f3xx_hal_pcd_ex.o(i.HAL_PCDEx_PMAConfig)
    i.HAL_PCDEx_SetConnectionState           0x080006f0   Section        0  usbd_conf.o(i.HAL_PCDEx_SetConnectionState)
    i.HAL_PCD_DataInStageCallback            0x080006f2   Section        0  usbd_conf.o(i.HAL_PCD_DataInStageCallback)
    i.HAL_PCD_DataOutStageCallback           0x08000704   Section        0  usbd_conf.o(i.HAL_PCD_DataOutStageCallback)
    i.HAL_PCD_EP_Close                       0x08000718   Section        0  stm32f3xx_hal_pcd.o(i.HAL_PCD_EP_Close)
    i.HAL_PCD_EP_ClrStall                    0x08000874   Section        0  stm32f3xx_hal_pcd.o(i.HAL_PCD_EP_ClrStall)
    i.HAL_PCD_EP_GetRxCount                  0x08000926   Section        0  stm32f3xx_hal_pcd.o(i.HAL_PCD_EP_GetRxCount)
    i.HAL_PCD_EP_Open                        0x0800093a   Section        0  stm32f3xx_hal_pcd.o(i.HAL_PCD_EP_Open)
    i.HAL_PCD_EP_Receive                     0x08000c0c   Section        0  stm32f3xx_hal_pcd.o(i.HAL_PCD_EP_Receive)
    i.HAL_PCD_EP_SetStall                    0x08000cf2   Section        0  stm32f3xx_hal_pcd.o(i.HAL_PCD_EP_SetStall)
    i.HAL_PCD_EP_Transmit                    0x08000d7c   Section        0  stm32f3xx_hal_pcd.o(i.HAL_PCD_EP_Transmit)
    i.HAL_PCD_IRQHandler                     0x08000e62   Section        0  stm32f3xx_hal_pcd.o(i.HAL_PCD_IRQHandler)
    i.HAL_PCD_Init                           0x08000f5e   Section        0  stm32f3xx_hal_pcd.o(i.HAL_PCD_Init)
    i.HAL_PCD_MspInit                        0x08001004   Section        0  usbd_conf.o(i.HAL_PCD_MspInit)
    i.HAL_PCD_ResetCallback                  0x08001060   Section        0  usbd_conf.o(i.HAL_PCD_ResetCallback)
    i.HAL_PCD_ResumeCallback                 0x0800107a   Section        0  usbd_conf.o(i.HAL_PCD_ResumeCallback)
    i.HAL_PCD_SOFCallback                    0x08001082   Section        0  usbd_conf.o(i.HAL_PCD_SOFCallback)
    i.HAL_PCD_SetAddress                     0x0800108a   Section        0  stm32f3xx_hal_pcd.o(i.HAL_PCD_SetAddress)
    i.HAL_PCD_SetupStageCallback             0x080010b6   Section        0  usbd_conf.o(i.HAL_PCD_SetupStageCallback)
    i.HAL_PCD_Start                          0x080010c4   Section        0  stm32f3xx_hal_pcd.o(i.HAL_PCD_Start)
    i.HAL_PCD_SuspendCallback                0x080010d0   Section        0  usbd_conf.o(i.HAL_PCD_SuspendCallback)
    i.HAL_RCCEx_PeriphCLKConfig              0x080010f4   Section        0  stm32f3xx_hal_rcc_ex.o(i.HAL_RCCEx_PeriphCLKConfig)
    i.HAL_RCC_ClockConfig                    0x0800130c   Section        0  stm32f3xx_hal_rcc.o(i.HAL_RCC_ClockConfig)
    i.HAL_RCC_GetHCLKFreq                    0x08001494   Section        0  stm32f3xx_hal_rcc.o(i.HAL_RCC_GetHCLKFreq)
    i.HAL_RCC_GetSysClockFreq                0x080014a0   Section        0  stm32f3xx_hal_rcc.o(i.HAL_RCC_GetSysClockFreq)
    i.HAL_RCC_OscConfig                      0x08001504   Section        0  stm32f3xx_hal_rcc.o(i.HAL_RCC_OscConfig)
    i.HAL_SYSTICK_CLKSourceConfig            0x08001ab0   Section        0  stm32f3xx_hal_cortex.o(i.HAL_SYSTICK_CLKSourceConfig)
    i.HAL_SYSTICK_Config                     0x08001ac8   Section        0  stm32f3xx_hal_cortex.o(i.HAL_SYSTICK_Config)
    i.MX_FREERTOS_Init                       0x08001af0   Section        0  freertos.o(i.MX_FREERTOS_Init)
    i.MX_GPIO_Init                           0x08001b18   Section        0  gpio.o(i.MX_GPIO_Init)
    i.MX_USB_DEVICE_Init                     0x08001c8c   Section        0  usb_device.o(i.MX_USB_DEVICE_Init)
    i.NVIC_SetPriority                       0x08001cc4   Section        0  stm32f3xx_hal_cortex.o(i.NVIC_SetPriority)
    NVIC_SetPriority                         0x08001cc5   Thumb Code    32  stm32f3xx_hal_cortex.o(i.NVIC_SetPriority)
    i.PCD_EP_ISR_Handler                     0x08001ce4   Section        0  stm32f3xx_hal_pcd.o(i.PCD_EP_ISR_Handler)
    PCD_EP_ISR_Handler                       0x08001ce5   Thumb Code   870  stm32f3xx_hal_pcd.o(i.PCD_EP_ISR_Handler)
    i.PCD_ReadPMA                            0x0800204c   Section        0  stm32f3xx_hal_pcd_ex.o(i.PCD_ReadPMA)
    i.PCD_WritePMA                           0x0800207a   Section        0  stm32f3xx_hal_pcd_ex.o(i.PCD_WritePMA)
    i.StartDefaultTask                       0x080020a0   Section        0  freertos.o(i.StartDefaultTask)
    i.SysTick_Handler                        0x080020c4   Section        0  stm32f3xx_it.o(i.SysTick_Handler)
    i.SystemClock_Config                     0x080020d2   Section        0  main.o(i.SystemClock_Config)
    i.SystemInit                             0x0800214c   Section        0  system_stm32f3xx.o(i.SystemInit)
    i.USBD_CDC_DataIn                        0x080021b4   Section        0  usbd_cdc.o(i.USBD_CDC_DataIn)
    USBD_CDC_DataIn                          0x080021b5   Thumb Code    20  usbd_cdc.o(i.USBD_CDC_DataIn)
    i.USBD_CDC_DataOut                       0x080021c8   Section        0  usbd_cdc.o(i.USBD_CDC_DataOut)
    USBD_CDC_DataOut                         0x080021c9   Thumb Code    46  usbd_cdc.o(i.USBD_CDC_DataOut)
    i.USBD_CDC_DeInit                        0x080021f6   Section        0  usbd_cdc.o(i.USBD_CDC_DeInit)
    USBD_CDC_DeInit                          0x080021f7   Thumb Code    60  usbd_cdc.o(i.USBD_CDC_DeInit)
    i.USBD_CDC_EP0_RxReady                   0x08002232   Section        0  usbd_cdc.o(i.USBD_CDC_EP0_RxReady)
    USBD_CDC_EP0_RxReady                     0x08002233   Thumb Code    36  usbd_cdc.o(i.USBD_CDC_EP0_RxReady)
    i.USBD_CDC_GetDeviceQualifierDescriptor  0x08002258   Section        0  usbd_cdc.o(i.USBD_CDC_GetDeviceQualifierDescriptor)
    i.USBD_CDC_GetFSCfgDesc                  0x08002264   Section        0  usbd_cdc.o(i.USBD_CDC_GetFSCfgDesc)
    USBD_CDC_GetFSCfgDesc                    0x08002265   Thumb Code     8  usbd_cdc.o(i.USBD_CDC_GetFSCfgDesc)
    i.USBD_CDC_GetHSCfgDesc                  0x08002270   Section        0  usbd_cdc.o(i.USBD_CDC_GetHSCfgDesc)
    USBD_CDC_GetHSCfgDesc                    0x08002271   Thumb Code     8  usbd_cdc.o(i.USBD_CDC_GetHSCfgDesc)
    i.USBD_CDC_GetOtherSpeedCfgDesc          0x0800227c   Section        0  usbd_cdc.o(i.USBD_CDC_GetOtherSpeedCfgDesc)
    USBD_CDC_GetOtherSpeedCfgDesc            0x0800227d   Thumb Code     8  usbd_cdc.o(i.USBD_CDC_GetOtherSpeedCfgDesc)
    i.USBD_CDC_Init                          0x08002288   Section        0  usbd_cdc.o(i.USBD_CDC_Init)
    USBD_CDC_Init                            0x08002289   Thumb Code   136  usbd_cdc.o(i.USBD_CDC_Init)
    i.USBD_CDC_ReceivePacket                 0x08002310   Section        0  usbd_cdc.o(i.USBD_CDC_ReceivePacket)
    i.USBD_CDC_RegisterInterface             0x08002338   Section        0  usbd_cdc.o(i.USBD_CDC_RegisterInterface)
    i.USBD_CDC_SetRxBuffer                   0x08002348   Section        0  usbd_cdc.o(i.USBD_CDC_SetRxBuffer)
    i.USBD_CDC_SetTxBuffer                   0x08002354   Section        0  usbd_cdc.o(i.USBD_CDC_SetTxBuffer)
    i.USBD_CDC_Setup                         0x08002364   Section        0  usbd_cdc.o(i.USBD_CDC_Setup)
    USBD_CDC_Setup                           0x08002365   Thumb Code   106  usbd_cdc.o(i.USBD_CDC_Setup)
    i.USBD_CDC_TransmitPacket                0x080023d4   Section        0  usbd_cdc.o(i.USBD_CDC_TransmitPacket)
    i.USBD_ClrClassConfig                    0x08002404   Section        0  usbd_core.o(i.USBD_ClrClassConfig)
    i.USBD_CtlContinueRx                     0x08002412   Section        0  usbd_ioreq.o(i.USBD_CtlContinueRx)
    i.USBD_CtlContinueSendData               0x08002422   Section        0  usbd_ioreq.o(i.USBD_CtlContinueSendData)
    i.USBD_CtlError                          0x08002432   Section        0  usbd_ctlreq.o(i.USBD_CtlError)
    i.USBD_CtlPrepareRx                      0x08002448   Section        0  usbd_ioreq.o(i.USBD_CtlPrepareRx)
    i.USBD_CtlReceiveStatus                  0x08002466   Section        0  usbd_ioreq.o(i.USBD_CtlReceiveStatus)
    i.USBD_CtlSendData                       0x0800247c   Section        0  usbd_ioreq.o(i.USBD_CtlSendData)
    i.USBD_CtlSendStatus                     0x08002496   Section        0  usbd_ioreq.o(i.USBD_CtlSendStatus)
    i.USBD_FS_ConfigStrDescriptor            0x080024ac   Section        0  usbd_desc.o(i.USBD_FS_ConfigStrDescriptor)
    i.USBD_FS_DeviceDescriptor               0x080024cc   Section        0  usbd_desc.o(i.USBD_FS_DeviceDescriptor)
    i.USBD_FS_InterfaceStrDescriptor         0x080024d8   Section        0  usbd_desc.o(i.USBD_FS_InterfaceStrDescriptor)
    i.USBD_FS_LangIDStrDescriptor            0x080024fc   Section        0  usbd_desc.o(i.USBD_FS_LangIDStrDescriptor)
    i.USBD_FS_ManufacturerStrDescriptor      0x08002508   Section        0  usbd_desc.o(i.USBD_FS_ManufacturerStrDescriptor)
    i.USBD_FS_ProductStrDescriptor           0x08002530   Section        0  usbd_desc.o(i.USBD_FS_ProductStrDescriptor)
    i.USBD_FS_SerialStrDescriptor            0x0800255c   Section        0  usbd_desc.o(i.USBD_FS_SerialStrDescriptor)
    i.USBD_GetDescriptor                     0x08002580   Section        0  usbd_ctlreq.o(i.USBD_GetDescriptor)
    USBD_GetDescriptor                       0x08002581   Thumb Code   224  usbd_ctlreq.o(i.USBD_GetDescriptor)
    i.USBD_GetString                         0x08002660   Section        0  usbd_ctlreq.o(i.USBD_GetString)
    i.USBD_Init                              0x080026a6   Section        0  usbd_core.o(i.USBD_Init)
    i.USBD_LL_ClearStallEP                   0x080026d0   Section        0  usbd_conf.o(i.USBD_LL_ClearStallEP)
    i.USBD_LL_CloseEP                        0x080026f0   Section        0  usbd_conf.o(i.USBD_LL_CloseEP)
    i.USBD_LL_DataInStage                    0x08002710   Section        0  usbd_core.o(i.USBD_LL_DataInStage)
    i.USBD_LL_DataOutStage                   0x080027ba   Section        0  usbd_core.o(i.USBD_LL_DataOutStage)
    i.USBD_LL_GetRxDataSize                  0x08002824   Section        0  usbd_conf.o(i.USBD_LL_GetRxDataSize)
    i.USBD_LL_Init                           0x0800282c   Section        0  usbd_conf.o(i.USBD_LL_Init)
    i.USBD_LL_IsStallEP                      0x080028b0   Section        0  usbd_conf.o(i.USBD_LL_IsStallEP)
    i.USBD_LL_OpenEP                         0x080028d0   Section        0  usbd_conf.o(i.USBD_LL_OpenEP)
    i.USBD_LL_PrepareReceive                 0x080028f6   Section        0  usbd_conf.o(i.USBD_LL_PrepareReceive)
    i.USBD_LL_Reset                          0x08002916   Section        0  usbd_core.o(i.USBD_LL_Reset)
    i.USBD_LL_Resume                         0x08002954   Section        0  usbd_core.o(i.USBD_LL_Resume)
    i.USBD_LL_SOF                            0x08002960   Section        0  usbd_core.o(i.USBD_LL_SOF)
    i.USBD_LL_SetSpeed                       0x08002978   Section        0  usbd_core.o(i.USBD_LL_SetSpeed)
    i.USBD_LL_SetUSBAddress                  0x0800297e   Section        0  usbd_conf.o(i.USBD_LL_SetUSBAddress)
    i.USBD_LL_SetupStage                     0x0800299e   Section        0  usbd_core.o(i.USBD_LL_SetupStage)
    i.USBD_LL_StallEP                        0x080029f8   Section        0  usbd_conf.o(i.USBD_LL_StallEP)
    i.USBD_LL_Start                          0x08002a18   Section        0  usbd_conf.o(i.USBD_LL_Start)
    i.USBD_LL_Suspend                        0x08002a38   Section        0  usbd_core.o(i.USBD_LL_Suspend)
    i.USBD_LL_Transmit                       0x08002a4a   Section        0  usbd_conf.o(i.USBD_LL_Transmit)
    i.USBD_ParseSetupRequest                 0x08002a6a   Section        0  usbd_ctlreq.o(i.USBD_ParseSetupRequest)
    i.USBD_RegisterClass                     0x08002a92   Section        0  usbd_core.o(i.USBD_RegisterClass)
    i.USBD_SetClassConfig                    0x08002aa2   Section        0  usbd_core.o(i.USBD_SetClassConfig)
    i.USBD_SetConfig                         0x08002ab8   Section        0  usbd_ctlreq.o(i.USBD_SetConfig)
    USBD_SetConfig                           0x08002ab9   Thumb Code   110  usbd_ctlreq.o(i.USBD_SetConfig)
    i.USBD_Start                             0x08002b2c   Section        0  usbd_core.o(i.USBD_Start)
    i.USBD_StdDevReq                         0x08002b36   Section        0  usbd_ctlreq.o(i.USBD_StdDevReq)
    i.USBD_StdEPReq                          0x08002c28   Section        0  usbd_ctlreq.o(i.USBD_StdEPReq)
    i.USBD_StdItfReq                         0x08002d04   Section        0  usbd_ctlreq.o(i.USBD_StdItfReq)
    i.USBD_static_free                       0x08002d38   Section        0  usbd_conf.o(i.USBD_static_free)
    i.USBD_static_malloc                     0x08002d3c   Section        0  usbd_conf.o(i.USBD_static_malloc)
    i.USB_LP_CAN_RX0_IRQHandler              0x08002d44   Section        0  stm32f3xx_it.o(i.USB_LP_CAN_RX0_IRQHandler)
    i.__scatterload_copy                     0x08002d50   Section       14  handlers.o(i.__scatterload_copy)
    i.__scatterload_null                     0x08002d5e   Section        2  handlers.o(i.__scatterload_null)
    i.__scatterload_zeroinit                 0x08002d60   Section       14  handlers.o(i.__scatterload_zeroinit)
    i.main                                   0x08002d6e   Section        0  main.o(i.main)
    i.makeFreeRtosPriority                   0x08002d84   Section        0  cmsis_os.o(i.makeFreeRtosPriority)
    makeFreeRtosPriority                     0x08002d85   Thumb Code    12  cmsis_os.o(i.makeFreeRtosPriority)
    i.osDelay                                0x08002d90   Section        0  cmsis_os.o(i.osDelay)
    i.osKernelStart                          0x08002d9e   Section        0  cmsis_os.o(i.osKernelStart)
    i.osSystickHandler                       0x08002da8   Section        0  cmsis_os.o(i.osSystickHandler)
    i.osThreadCreate                         0x08002dbc   Section        0  cmsis_os.o(i.osThreadCreate)
    i.prvAddCurrentTaskToDelayedList         0x08002dec   Section        0  tasks.o(i.prvAddCurrentTaskToDelayedList)
    prvAddCurrentTaskToDelayedList           0x08002ded   Thumb Code   102  tasks.o(i.prvAddCurrentTaskToDelayedList)
    i.prvAddNewTaskToReadyList               0x08002e5c   Section        0  tasks.o(i.prvAddNewTaskToReadyList)
    prvAddNewTaskToReadyList                 0x08002e5d   Thumb Code   196  tasks.o(i.prvAddNewTaskToReadyList)
    i.prvCheckTasksWaitingTermination        0x08002f2c   Section        0  tasks.o(i.prvCheckTasksWaitingTermination)
    prvCheckTasksWaitingTermination          0x08002f2d   Thumb Code    70  tasks.o(i.prvCheckTasksWaitingTermination)
    i.prvDeleteTCB                           0x08002f7c   Section        0  tasks.o(i.prvDeleteTCB)
    prvDeleteTCB                             0x08002f7d   Thumb Code    20  tasks.o(i.prvDeleteTCB)
    i.prvHeapInit                            0x08002f90   Section        0  heap_4.o(i.prvHeapInit)
    prvHeapInit                              0x08002f91   Thumb Code    66  heap_4.o(i.prvHeapInit)
    i.prvIdleTask                            0x08002fdc   Section        0  tasks.o(i.prvIdleTask)
    prvIdleTask                              0x08002fdd   Thumb Code    30  tasks.o(i.prvIdleTask)
    i.prvInitialiseNewTask                   0x08003004   Section        0  tasks.o(i.prvInitialiseNewTask)
    prvInitialiseNewTask                     0x08003005   Thumb Code   156  tasks.o(i.prvInitialiseNewTask)
    i.prvInsertBlockIntoFreeList             0x080030a0   Section        0  heap_4.o(i.prvInsertBlockIntoFreeList)
    prvInsertBlockIntoFreeList               0x080030a1   Thumb Code    72  heap_4.o(i.prvInsertBlockIntoFreeList)
    i.prvResetNextTaskUnblockTime            0x080030ec   Section        0  tasks.o(i.prvResetNextTaskUnblockTime)
    prvResetNextTaskUnblockTime              0x080030ed   Thumb Code    26  tasks.o(i.prvResetNextTaskUnblockTime)
    i.prvTaskExitError                       0x0800310c   Section        0  port.o(i.prvTaskExitError)
    prvTaskExitError                         0x0800310d   Thumb Code    36  port.o(i.prvTaskExitError)
    i.pvPortMalloc                           0x08003134   Section        0  heap_4.o(i.pvPortMalloc)
    i.pxPortInitialiseStack                  0x0800320c   Section        0  port.o(i.pxPortInitialiseStack)
    i.uxListRemove                           0x08003238   Section        0  list.o(i.uxListRemove)
    i.vListInitialise                        0x0800325c   Section        0  list.o(i.vListInitialise)
    i.vListInitialiseItem                    0x08003272   Section        0  list.o(i.vListInitialiseItem)
    i.vListInsert                            0x08003278   Section        0  list.o(i.vListInsert)
    i.vListInsertEnd                         0x080032a8   Section        0  list.o(i.vListInsertEnd)
    i.vPortEnterCritical                     0x080032c0   Section        0  port.o(i.vPortEnterCritical)
    i.vPortExitCritical                      0x08003300   Section        0  port.o(i.vPortExitCritical)
    i.vPortFree                              0x08003328   Section        0  heap_4.o(i.vPortFree)
    i.vPortSetupTimerInterrupt               0x08003384   Section        0  port.o(i.vPortSetupTimerInterrupt)
    i.vTaskDelay                             0x080033a4   Section        0  tasks.o(i.vTaskDelay)
    i.vTaskStartScheduler                    0x080033f0   Section        0  tasks.o(i.vTaskStartScheduler)
    i.vTaskSuspendAll                        0x08003458   Section        0  tasks.o(i.vTaskSuspendAll)
    i.vTaskSwitchContext                     0x08003468   Section        0  tasks.o(i.vTaskSwitchContext)
    i.xPortStartScheduler                    0x080034c4   Section        0  port.o(i.xPortStartScheduler)
    i.xPortSysTickHandler                    0x080035a4   Section        0  port.o(i.xPortSysTickHandler)
    i.xTaskCreate                            0x080035d0   Section        0  tasks.o(i.xTaskCreate)
    i.xTaskGetSchedulerState                 0x08003628   Section        0  tasks.o(i.xTaskGetSchedulerState)
    i.xTaskIncrementTick                     0x08003644   Section        0  tasks.o(i.xTaskIncrementTick)
    i.xTaskResumeAll                         0x0800370c   Section        0  tasks.o(i.xTaskResumeAll)
    .constdata                               0x080037d0   Section       32  stm32f3xx_hal_rcc.o(.constdata)
    .constdata                               0x080037f0   Section       20  freertos.o(.constdata)
    .constdata                               0x08003804   Section       16  system_stm32f3xx.o(.constdata)
    .conststring                             0x08003814   Section       12  freertos.o(.conststring)
    .data                                    0x20000000   Section        4  stm32f3xx_hal.o(.data)
    .data                                    0x20000004   Section       16  usbd_cdc_if.o(.data)
    .data                                    0x20000014   Section        8  usbd_cdc_if.o(.data)
    .data                                    0x2000001c   Section        4  freertos.o(.data)
    .data                                    0x20000020   Section       28  usbd_desc.o(.data)
    .data                                    0x2000003c   Section       22  usbd_desc.o(.data)
    .data                                    0x20000052   Section        1  usbd_ctlreq.o(.data)
    cfgidx                                   0x20000052   Data           1  usbd_ctlreq.o(.data)
    .data                                    0x20000054   Section      219  usbd_cdc.o(.data)
    ifalt                                    0x20000054   Data           1  usbd_cdc.o(.data)
    USBD_CDC_DeviceQualifierDesc             0x20000058   Data          10  usbd_cdc.o(.data)
    .data                                    0x20000130   Section       56  usbd_cdc.o(.data)
    .data                                    0x20000168   Section       24  heap_4.o(.data)
    pxEnd                                    0x20000168   Data           4  heap_4.o(.data)
    xFreeBytesRemaining                      0x2000016c   Data           4  heap_4.o(.data)
    xMinimumEverFreeBytesRemaining           0x20000170   Data           4  heap_4.o(.data)
    xBlockAllocatedBit                       0x20000174   Data           4  heap_4.o(.data)
    xStart                                   0x20000178   Data           8  heap_4.o(.data)
    .data                                    0x20000180   Section       60  tasks.o(.data)
    uxDeletedTasksWaitingCleanUp             0x20000184   Data           4  tasks.o(.data)
    uxCurrentNumberOfTasks                   0x20000188   Data           4  tasks.o(.data)
    xTickCount                               0x2000018c   Data           4  tasks.o(.data)
    uxTopReadyPriority                       0x20000190   Data           4  tasks.o(.data)
    xSchedulerRunning                        0x20000194   Data           4  tasks.o(.data)
    uxPendedTicks                            0x20000198   Data           4  tasks.o(.data)
    xYieldPending                            0x2000019c   Data           4  tasks.o(.data)
    xNumOfOverflows                          0x200001a0   Data           4  tasks.o(.data)
    uxTaskNumber                             0x200001a4   Data           4  tasks.o(.data)
    xNextTaskUnblockTime                     0x200001a8   Data           4  tasks.o(.data)
    xIdleTaskHandle                          0x200001ac   Data           4  tasks.o(.data)
    uxSchedulerSuspended                     0x200001b0   Data           4  tasks.o(.data)
    pxDelayedTaskList                        0x200001b4   Data           4  tasks.o(.data)
    pxOverflowDelayedTaskList                0x200001b8   Data           4  tasks.o(.data)
    .data                                    0x200001bc   Section       12  port.o(.data)
    ucMaxSysCallPriority                     0x200001bc   Data           1  port.o(.data)
    uxCriticalNesting                        0x200001c0   Data           4  port.o(.data)
    ulMaxPRIGROUPValue                       0x200001c4   Data           4  port.o(.data)
    .data                                    0x200001c8   Section        4  system_stm32f3xx.o(.data)
    .bss                                     0x200001cc   Section     1480  usbd_conf.o(.bss)
    mem                                      0x200001cc   Data         544  usbd_conf.o(.bss)
    .bss                                     0x20000794   Section      548  usb_device.o(.bss)
    .bss                                     0x200009b8   Section      512  usbd_desc.o(.bss)
    .bss                                     0x20000bb8   Section     3072  heap_4.o(.bss)
    ucHeap                                   0x20000bb8   Data        3072  heap_4.o(.bss)
    .bss                                     0x200017b8   Section      240  tasks.o(.bss)
    pxReadyTasksLists                        0x200017b8   Data         140  tasks.o(.bss)
    xDelayedTaskList1                        0x20001844   Data          20  tasks.o(.bss)
    xDelayedTaskList2                        0x20001858   Data          20  tasks.o(.bss)
    xPendingReadyList                        0x2000186c   Data          20  tasks.o(.bss)
    xTasksWaitingTermination                 0x20001880   Data          20  tasks.o(.bss)
    xSuspendedTaskList                       0x20001894   Data          20  tasks.o(.bss)
    STACK                                    0x200018a8   Section     1024  startup_stm32f303xc.o(STACK)

    Global Symbols

    Symbol Name                              Value     Ov Type        Size  Object(Section)

    BuildAttributes$$THM_ISAv4$E$P$D$K$B$S$7EM$VFPi3$EXTD16$VFPS$VFMA$PE$A:L22UL41UL21$X:L11$S22US41US21$IEEE1$IW$USESV6$~STKCKD$USESV7$~SHL$OSPACE$EBA8$MICROLIB$REQ8$PRES8$EABIv2 0x00000000   Number         0  anon$$obj.o ABSOLUTE
    __ARM_use_no_argv                        0x00000000   Number         0  main.o ABSOLUTE
    __cpp_initialize__aeabi_                  - Undefined Weak Reference
    __cxa_finalize                            - Undefined Weak Reference
    _clock_init                               - Undefined Weak Reference
    _microlib_exit                            - Undefined Weak Reference
    __Vectors_Size                           0x00000188   Number         0  startup_stm32f303xc.o ABSOLUTE
    __Vectors                                0x08000000   Data           4  startup_stm32f303xc.o(RESET)
    __Vectors_End                            0x08000188   Data           0  startup_stm32f303xc.o(RESET)
    __main                                   0x08000189   Thumb Code     0  entry.o(.ARM.Collect$$$$00000000)
    _main_stk                                0x08000189   Thumb Code     0  entry2.o(.ARM.Collect$$$$00000001)
    _main_scatterload                        0x0800018d   Thumb Code     0  entry5.o(.ARM.Collect$$$$00000004)
    __main_after_scatterload                 0x08000191   Thumb Code     0  entry5.o(.ARM.Collect$$$$00000004)
    _main_clock                              0x08000191   Thumb Code     0  entry7b.o(.ARM.Collect$$$$00000008)
    _main_cpp_init                           0x08000191   Thumb Code     0  entry8b.o(.ARM.Collect$$$$0000000A)
    _main_init                               0x08000191   Thumb Code     0  entry9a.o(.ARM.Collect$$$$0000000B)
    __rt_final_cpp                           0x08000199   Thumb Code     0  entry10a.o(.ARM.Collect$$$$0000000D)
    __rt_final_exit                          0x08000199   Thumb Code     0  entry11a.o(.ARM.Collect$$$$0000000F)
    SVC_Handler                              0x0800019d   Thumb Code    28  port.o(.emb_text)
    __asm___6_port_c_39a90d8d__prvStartFirstTask 0x080001bd   Thumb Code    28  port.o(.emb_text)
    __asm___6_port_c_39a90d8d__prvEnableVFP  0x080001dd   Thumb Code    16  port.o(.emb_text)
    PendSV_Handler                           0x080001f1   Thumb Code    92  port.o(.emb_text)
    vPortGetIPSR                             0x08000251   Thumb Code     6  port.o(.emb_text)
    Reset_Handler                            0x08000259   Thumb Code     8  startup_stm32f303xc.o(.text)
    NMI_Handler                              0x08000261   Thumb Code     2  startup_stm32f303xc.o(.text)
    HardFault_Handler                        0x08000263   Thumb Code     2  startup_stm32f303xc.o(.text)
    MemManage_Handler                        0x08000265   Thumb Code     2  startup_stm32f303xc.o(.text)
    BusFault_Handler                         0x08000267   Thumb Code     2  startup_stm32f303xc.o(.text)
    UsageFault_Handler                       0x08000269   Thumb Code     2  startup_stm32f303xc.o(.text)
    DebugMon_Handler                         0x0800026d   Thumb Code     2  startup_stm32f303xc.o(.text)
    ADC1_2_IRQHandler                        0x08000273   Thumb Code     0  startup_stm32f303xc.o(.text)
    ADC3_IRQHandler                          0x08000273   Thumb Code     0  startup_stm32f303xc.o(.text)
    ADC4_IRQHandler                          0x08000273   Thumb Code     0  startup_stm32f303xc.o(.text)
    CAN_RX1_IRQHandler                       0x08000273   Thumb Code     0  startup_stm32f303xc.o(.text)
    CAN_SCE_IRQHandler                       0x08000273   Thumb Code     0  startup_stm32f303xc.o(.text)
    COMP1_2_3_IRQHandler                     0x08000273   Thumb Code     0  startup_stm32f303xc.o(.text)
    COMP4_5_6_IRQHandler                     0x08000273   Thumb Code     0  startup_stm32f303xc.o(.text)
    COMP7_IRQHandler                         0x08000273   Thumb Code     0  startup_stm32f303xc.o(.text)
    DMA1_Channel1_IRQHandler                 0x08000273   Thumb Code     0  startup_stm32f303xc.o(.text)
    DMA1_Channel2_IRQHandler                 0x08000273   Thumb Code     0  startup_stm32f303xc.o(.text)
    DMA1_Channel3_IRQHandler                 0x08000273   Thumb Code     0  startup_stm32f303xc.o(.text)
    DMA1_Channel4_IRQHandler                 0x08000273   Thumb Code     0  startup_stm32f303xc.o(.text)
    DMA1_Channel5_IRQHandler                 0x08000273   Thumb Code     0  startup_stm32f303xc.o(.text)
    DMA1_Channel6_IRQHandler                 0x08000273   Thumb Code     0  startup_stm32f303xc.o(.text)
    DMA1_Channel7_IRQHandler                 0x08000273   Thumb Code     0  startup_stm32f303xc.o(.text)
    DMA2_Channel1_IRQHandler                 0x08000273   Thumb Code     0  startup_stm32f303xc.o(.text)
    DMA2_Channel2_IRQHandler                 0x08000273   Thumb Code     0  startup_stm32f303xc.o(.text)
    DMA2_Channel3_IRQHandler                 0x08000273   Thumb Code     0  startup_stm32f303xc.o(.text)
    DMA2_Channel4_IRQHandler                 0x08000273   Thumb Code     0  startup_stm32f303xc.o(.text)
    DMA2_Channel5_IRQHandler                 0x08000273   Thumb Code     0  startup_stm32f303xc.o(.text)
    EXTI0_IRQHandler                         0x08000273   Thumb Code     0  startup_stm32f303xc.o(.text)
    EXTI15_10_IRQHandler                     0x08000273   Thumb Code     0  startup_stm32f303xc.o(.text)
    EXTI1_IRQHandler                         0x08000273   Thumb Code     0  startup_stm32f303xc.o(.text)
    EXTI2_TSC_IRQHandler                     0x08000273   Thumb Code     0  startup_stm32f303xc.o(.text)
    EXTI3_IRQHandler                         0x08000273   Thumb Code     0  startup_stm32f303xc.o(.text)
    EXTI4_IRQHandler                         0x08000273   Thumb Code     0  startup_stm32f303xc.o(.text)
    EXTI9_5_IRQHandler                       0x08000273   Thumb Code     0  startup_stm32f303xc.o(.text)
    FLASH_IRQHandler                         0x08000273   Thumb Code     0  startup_stm32f303xc.o(.text)
    FPU_IRQHandler                           0x08000273   Thumb Code     0  startup_stm32f303xc.o(.text)
    I2C1_ER_IRQHandler                       0x08000273   Thumb Code     0  startup_stm32f303xc.o(.text)
    I2C1_EV_IRQHandler                       0x08000273   Thumb Code     0  startup_stm32f303xc.o(.text)
    I2C2_ER_IRQHandler                       0x08000273   Thumb Code     0  startup_stm32f303xc.o(.text)
    I2C2_EV_IRQHandler                       0x08000273   Thumb Code     0  startup_stm32f303xc.o(.text)
    PVD_IRQHandler                           0x08000273   Thumb Code     0  startup_stm32f303xc.o(.text)
    RCC_IRQHandler                           0x08000273   Thumb Code     0  startup_stm32f303xc.o(.text)
    RTC_Alarm_IRQHandler                     0x08000273   Thumb Code     0  startup_stm32f303xc.o(.text)
    RTC_WKUP_IRQHandler                      0x08000273   Thumb Code     0  startup_stm32f303xc.o(.text)
    SPI1_IRQHandler                          0x08000273   Thumb Code     0  startup_stm32f303xc.o(.text)
    SPI2_IRQHandler                          0x08000273   Thumb Code     0  startup_stm32f303xc.o(.text)
    SPI3_IRQHandler                          0x08000273   Thumb Code     0  startup_stm32f303xc.o(.text)
    TAMP_STAMP_IRQHandler                    0x08000273   Thumb Code     0  startup_stm32f303xc.o(.text)
    TIM1_BRK_TIM15_IRQHandler                0x08000273   Thumb Code     0  startup_stm32f303xc.o(.text)
    TIM1_CC_IRQHandler                       0x08000273   Thumb Code     0  startup_stm32f303xc.o(.text)
    TIM1_TRG_COM_TIM17_IRQHandler            0x08000273   Thumb Code     0  startup_stm32f303xc.o(.text)
    TIM1_UP_TIM16_IRQHandler                 0x08000273   Thumb Code     0  startup_stm32f303xc.o(.text)
    TIM2_IRQHandler                          0x08000273   Thumb Code     0  startup_stm32f303xc.o(.text)
    TIM3_IRQHandler                          0x08000273   Thumb Code     0  startup_stm32f303xc.o(.text)
    TIM4_IRQHandler                          0x08000273   Thumb Code     0  startup_stm32f303xc.o(.text)
    TIM6_DAC_IRQHandler                      0x08000273   Thumb Code     0  startup_stm32f303xc.o(.text)
    TIM7_IRQHandler                          0x08000273   Thumb Code     0  startup_stm32f303xc.o(.text)
    TIM8_BRK_IRQHandler                      0x08000273   Thumb Code     0  startup_stm32f303xc.o(.text)
    TIM8_CC_IRQHandler                       0x08000273   Thumb Code     0  startup_stm32f303xc.o(.text)
    TIM8_TRG_COM_IRQHandler                  0x08000273   Thumb Code     0  startup_stm32f303xc.o(.text)
    TIM8_UP_IRQHandler                       0x08000273   Thumb Code     0  startup_stm32f303xc.o(.text)
    UART4_IRQHandler                         0x08000273   Thumb Code     0  startup_stm32f303xc.o(.text)
    UART5_IRQHandler                         0x08000273   Thumb Code     0  startup_stm32f303xc.o(.text)
    USART1_IRQHandler                        0x08000273   Thumb Code     0  startup_stm32f303xc.o(.text)
    USART2_IRQHandler                        0x08000273   Thumb Code     0  startup_stm32f303xc.o(.text)
    USART3_IRQHandler                        0x08000273   Thumb Code     0  startup_stm32f303xc.o(.text)
    USBWakeUp_IRQHandler                     0x08000273   Thumb Code     0  startup_stm32f303xc.o(.text)
    USBWakeUp_RMP_IRQHandler                 0x08000273   Thumb Code     0  startup_stm32f303xc.o(.text)
    USB_HP_CAN_TX_IRQHandler                 0x08000273   Thumb Code     0  startup_stm32f303xc.o(.text)
    USB_HP_IRQHandler                        0x08000273   Thumb Code     0  startup_stm32f303xc.o(.text)
    USB_LP_IRQHandler                        0x08000273   Thumb Code     0  startup_stm32f303xc.o(.text)
    WWDG_IRQHandler                          0x08000273   Thumb Code     0  startup_stm32f303xc.o(.text)
    __aeabi_memcpy                           0x0800027d   Thumb Code    36  memcpya.o(.text)
    __aeabi_memcpy4                          0x0800027d   Thumb Code     0  memcpya.o(.text)
    __aeabi_memcpy8                          0x0800027d   Thumb Code     0  memcpya.o(.text)
    __aeabi_memset                           0x080002a1   Thumb Code    14  memseta.o(.text)
    __aeabi_memset4                          0x080002a1   Thumb Code     0  memseta.o(.text)
    __aeabi_memset8                          0x080002a1   Thumb Code     0  memseta.o(.text)
    __aeabi_memclr                           0x080002af   Thumb Code     4  memseta.o(.text)
    __aeabi_memclr4                          0x080002af   Thumb Code     0  memseta.o(.text)
    __aeabi_memclr8                          0x080002af   Thumb Code     0  memseta.o(.text)
    _memset$wrapper                          0x080002b3   Thumb Code    18  memseta.o(.text)
    __scatterload                            0x080002c5   Thumb Code    28  init.o(.text)
    __scatterload_rt2                        0x080002c5   Thumb Code     0  init.o(.text)
    __decompress                             0x080002e9   Thumb Code     0  __dczerorl2.o(.text)
    __decompress1                            0x080002e9   Thumb Code    86  __dczerorl2.o(.text)
    CDC_Transmit_FS                          0x08000395   Thumb Code    38  usbd_cdc_if.o(i.CDC_Transmit_FS)
    Error_Handler                            0x080003c1   Thumb Code     2  main.o(i.Error_Handler)
    HAL_GPIO_Init                            0x080003c5   Thumb Code   364  stm32f3xx_hal_gpio.o(i.HAL_GPIO_Init)
    HAL_GPIO_TogglePin                       0x0800054d   Thumb Code     8  stm32f3xx_hal_gpio.o(i.HAL_GPIO_TogglePin)
    HAL_GPIO_WritePin                        0x08000555   Thumb Code    10  stm32f3xx_hal_gpio.o(i.HAL_GPIO_WritePin)
    HAL_GetTick                              0x08000561   Thumb Code     6  stm32f3xx_hal.o(i.HAL_GetTick)
    HAL_IncTick                              0x0800056d   Thumb Code    10  stm32f3xx_hal.o(i.HAL_IncTick)
    HAL_Init                                 0x0800057d   Thumb Code    32  stm32f3xx_hal.o(i.HAL_Init)
    HAL_InitTick                             0x080005a1   Thumb Code    34  stm32f3xx_hal.o(i.HAL_InitTick)
    HAL_MspInit                              0x080005c9   Thumb Code   106  stm32f3xx_hal_msp.o(i.HAL_MspInit)
    HAL_NVIC_EnableIRQ                       0x08000639   Thumb Code    22  stm32f3xx_hal_cortex.o(i.HAL_NVIC_EnableIRQ)
    HAL_NVIC_SetPriority                     0x08000651   Thumb Code    60  stm32f3xx_hal_cortex.o(i.HAL_NVIC_SetPriority)
    HAL_NVIC_SetPriorityGrouping             0x08000691   Thumb Code    26  stm32f3xx_hal_cortex.o(i.HAL_NVIC_SetPriorityGrouping)
    HAL_PCDEx_PMAConfig                      0x080006b5   Thumb Code    60  stm32f3xx_hal_pcd_ex.o(i.HAL_PCDEx_PMAConfig)
    HAL_PCDEx_SetConnectionState             0x080006f1   Thumb Code     2  usbd_conf.o(i.HAL_PCDEx_SetConnectionState)
    HAL_PCD_DataInStageCallback              0x080006f3   Thumb Code    18  usbd_conf.o(i.HAL_PCD_DataInStageCallback)
    HAL_PCD_DataOutStageCallback             0x08000705   Thumb Code    20  usbd_conf.o(i.HAL_PCD_DataOutStageCallback)
    HAL_PCD_EP_Close                         0x08000719   Thumb Code   348  stm32f3xx_hal_pcd.o(i.HAL_PCD_EP_Close)
    HAL_PCD_EP_ClrStall                      0x08000875   Thumb Code   178  stm32f3xx_hal_pcd.o(i.HAL_PCD_EP_ClrStall)
    HAL_PCD_EP_GetRxCount                    0x08000927   Thumb Code    20  stm32f3xx_hal_pcd.o(i.HAL_PCD_EP_GetRxCount)
    HAL_PCD_EP_Open                          0x0800093b   Thumb Code   720  stm32f3xx_hal_pcd.o(i.HAL_PCD_EP_Open)
    HAL_PCD_EP_Receive                       0x08000c0d   Thumb Code   230  stm32f3xx_hal_pcd.o(i.HAL_PCD_EP_Receive)
    HAL_PCD_EP_SetStall                      0x08000cf3   Thumb Code   138  stm32f3xx_hal_pcd.o(i.HAL_PCD_EP_SetStall)
    HAL_PCD_EP_Transmit                      0x08000d7d   Thumb Code   230  stm32f3xx_hal_pcd.o(i.HAL_PCD_EP_Transmit)
    HAL_PCD_IRQHandler                       0x08000e63   Thumb Code   252  stm32f3xx_hal_pcd.o(i.HAL_PCD_IRQHandler)
    HAL_PCD_Init                             0x08000f5f   Thumb Code   166  stm32f3xx_hal_pcd.o(i.HAL_PCD_Init)
    HAL_PCD_MspInit                          0x08001005   Thumb Code    82  usbd_conf.o(i.HAL_PCD_MspInit)
    HAL_PCD_ResetCallback                    0x08001061   Thumb Code    26  usbd_conf.o(i.HAL_PCD_ResetCallback)
    HAL_PCD_ResumeCallback                   0x0800107b   Thumb Code     8  usbd_conf.o(i.HAL_PCD_ResumeCallback)
    HAL_PCD_SOFCallback                      0x08001083   Thumb Code     8  usbd_conf.o(i.HAL_PCD_SOFCallback)
    HAL_PCD_SetAddress                       0x0800108b   Thumb Code    44  stm32f3xx_hal_pcd.o(i.HAL_PCD_SetAddress)
    HAL_PCD_SetupStageCallback               0x080010b7   Thumb Code    14  usbd_conf.o(i.HAL_PCD_SetupStageCallback)
    HAL_PCD_Start                            0x080010c5   Thumb Code    12  stm32f3xx_hal_pcd.o(i.HAL_PCD_Start)
    HAL_PCD_SuspendCallback                  0x080010d1   Thumb Code    30  usbd_conf.o(i.HAL_PCD_SuspendCallback)
    HAL_RCCEx_PeriphCLKConfig                0x080010f5   Thumb Code   522  stm32f3xx_hal_rcc_ex.o(i.HAL_RCCEx_PeriphCLKConfig)
    HAL_RCC_ClockConfig                      0x0800130d   Thumb Code   374  stm32f3xx_hal_rcc.o(i.HAL_RCC_ClockConfig)
    HAL_RCC_GetHCLKFreq                      0x08001495   Thumb Code     6  stm32f3xx_hal_rcc.o(i.HAL_RCC_GetHCLKFreq)
    HAL_RCC_GetSysClockFreq                  0x080014a1   Thumb Code    84  stm32f3xx_hal_rcc.o(i.HAL_RCC_GetSysClockFreq)
    HAL_RCC_OscConfig                        0x08001505   Thumb Code  1452  stm32f3xx_hal_rcc.o(i.HAL_RCC_OscConfig)
    HAL_SYSTICK_CLKSourceConfig              0x08001ab1   Thumb Code    24  stm32f3xx_hal_cortex.o(i.HAL_SYSTICK_CLKSourceConfig)
    HAL_SYSTICK_Config                       0x08001ac9   Thumb Code    40  stm32f3xx_hal_cortex.o(i.HAL_SYSTICK_Config)
    MX_FREERTOS_Init                         0x08001af1   Thumb Code    30  freertos.o(i.MX_FREERTOS_Init)
    MX_GPIO_Init                             0x08001b19   Thumb Code   342  gpio.o(i.MX_GPIO_Init)
    MX_USB_DEVICE_Init                       0x08001c8d   Thumb Code    38  usb_device.o(i.MX_USB_DEVICE_Init)
    PCD_ReadPMA                              0x0800204d   Thumb Code    46  stm32f3xx_hal_pcd_ex.o(i.PCD_ReadPMA)
    PCD_WritePMA                             0x0800207b   Thumb Code    38  stm32f3xx_hal_pcd_ex.o(i.PCD_WritePMA)
    StartDefaultTask                         0x080020a1   Thumb Code    30  freertos.o(i.StartDefaultTask)
    SysTick_Handler                          0x080020c5   Thumb Code    14  stm32f3xx_it.o(i.SysTick_Handler)
    SystemClock_Config                       0x080020d3   Thumb Code   122  main.o(i.SystemClock_Config)
    SystemInit                               0x0800214d   Thumb Code    82  system_stm32f3xx.o(i.SystemInit)
    USBD_CDC_GetDeviceQualifierDescriptor    0x08002259   Thumb Code     8  usbd_cdc.o(i.USBD_CDC_GetDeviceQualifierDescriptor)
    USBD_CDC_ReceivePacket                   0x08002311   Thumb Code    40  usbd_cdc.o(i.USBD_CDC_ReceivePacket)
    USBD_CDC_RegisterInterface               0x08002339   Thumb Code    16  usbd_cdc.o(i.USBD_CDC_RegisterInterface)
    USBD_CDC_SetRxBuffer                     0x08002349   Thumb Code    12  usbd_cdc.o(i.USBD_CDC_SetRxBuffer)
    USBD_CDC_SetTxBuffer                     0x08002355   Thumb Code    16  usbd_cdc.o(i.USBD_CDC_SetTxBuffer)
    USBD_CDC_TransmitPacket                  0x080023d5   Thumb Code    48  usbd_cdc.o(i.USBD_CDC_TransmitPacket)
    USBD_ClrClassConfig                      0x08002405   Thumb Code    14  usbd_core.o(i.USBD_ClrClassConfig)
    USBD_CtlContinueRx                       0x08002413   Thumb Code    16  usbd_ioreq.o(i.USBD_CtlContinueRx)
    USBD_CtlContinueSendData                 0x08002423   Thumb Code    16  usbd_ioreq.o(i.USBD_CtlContinueSendData)
    USBD_CtlError                            0x08002433   Thumb Code    22  usbd_ctlreq.o(i.USBD_CtlError)
    USBD_CtlPrepareRx                        0x08002449   Thumb Code    30  usbd_ioreq.o(i.USBD_CtlPrepareRx)
    USBD_CtlReceiveStatus                    0x08002467   Thumb Code    22  usbd_ioreq.o(i.USBD_CtlReceiveStatus)
    USBD_CtlSendData                         0x0800247d   Thumb Code    26  usbd_ioreq.o(i.USBD_CtlSendData)
    USBD_CtlSendStatus                       0x08002497   Thumb Code    22  usbd_ioreq.o(i.USBD_CtlSendStatus)
    USBD_FS_ConfigStrDescriptor              0x080024ad   Thumb Code    16  usbd_desc.o(i.USBD_FS_ConfigStrDescriptor)
    USBD_FS_DeviceDescriptor                 0x080024cd   Thumb Code     8  usbd_desc.o(i.USBD_FS_DeviceDescriptor)
    USBD_FS_InterfaceStrDescriptor           0x080024d9   Thumb Code    16  usbd_desc.o(i.USBD_FS_InterfaceStrDescriptor)
    USBD_FS_LangIDStrDescriptor              0x080024fd   Thumb Code     8  usbd_desc.o(i.USBD_FS_LangIDStrDescriptor)
    USBD_FS_ManufacturerStrDescriptor        0x08002509   Thumb Code    16  usbd_desc.o(i.USBD_FS_ManufacturerStrDescriptor)
    USBD_FS_ProductStrDescriptor             0x08002531   Thumb Code    16  usbd_desc.o(i.USBD_FS_ProductStrDescriptor)
    USBD_FS_SerialStrDescriptor              0x0800255d   Thumb Code    16  usbd_desc.o(i.USBD_FS_SerialStrDescriptor)
    USBD_GetString                           0x08002661   Thumb Code    70  usbd_ctlreq.o(i.USBD_GetString)
    USBD_Init                                0x080026a7   Thumb Code    42  usbd_core.o(i.USBD_Init)
    USBD_LL_ClearStallEP                     0x080026d1   Thumb Code    32  usbd_conf.o(i.USBD_LL_ClearStallEP)
    USBD_LL_CloseEP                          0x080026f1   Thumb Code    32  usbd_conf.o(i.USBD_LL_CloseEP)
    USBD_LL_DataInStage                      0x08002711   Thumb Code   170  usbd_core.o(i.USBD_LL_DataInStage)
    USBD_LL_DataOutStage                     0x080027bb   Thumb Code   106  usbd_core.o(i.USBD_LL_DataOutStage)
    USBD_LL_GetRxDataSize                    0x08002825   Thumb Code     8  usbd_conf.o(i.USBD_LL_GetRxDataSize)
    USBD_LL_Init                             0x0800282d   Thumb Code   122  usbd_conf.o(i.USBD_LL_Init)
    USBD_LL_IsStallEP                        0x080028b1   Thumb Code    32  usbd_conf.o(i.USBD_LL_IsStallEP)
    USBD_LL_OpenEP                           0x080028d1   Thumb Code    38  usbd_conf.o(i.USBD_LL_OpenEP)
    USBD_LL_PrepareReceive                   0x080028f7   Thumb Code    32  usbd_conf.o(i.USBD_LL_PrepareReceive)
    USBD_LL_Reset                            0x08002917   Thumb Code    62  usbd_core.o(i.USBD_LL_Reset)
    USBD_LL_Resume                           0x08002955   Thumb Code    12  usbd_core.o(i.USBD_LL_Resume)
    USBD_LL_SOF                              0x08002961   Thumb Code    24  usbd_core.o(i.USBD_LL_SOF)
    USBD_LL_SetSpeed                         0x08002979   Thumb Code     6  usbd_core.o(i.USBD_LL_SetSpeed)
    USBD_LL_SetUSBAddress                    0x0800297f   Thumb Code    32  usbd_conf.o(i.USBD_LL_SetUSBAddress)
    USBD_LL_SetupStage                       0x0800299f   Thumb Code    90  usbd_core.o(i.USBD_LL_SetupStage)
    USBD_LL_StallEP                          0x080029f9   Thumb Code    32  usbd_conf.o(i.USBD_LL_StallEP)
    USBD_LL_Start                            0x08002a19   Thumb Code    32  usbd_conf.o(i.USBD_LL_Start)
    USBD_LL_Suspend                          0x08002a39   Thumb Code    18  usbd_core.o(i.USBD_LL_Suspend)
    USBD_LL_Transmit                         0x08002a4b   Thumb Code    32  usbd_conf.o(i.USBD_LL_Transmit)
    USBD_ParseSetupRequest                   0x08002a6b   Thumb Code    40  usbd_ctlreq.o(i.USBD_ParseSetupRequest)
    USBD_RegisterClass                       0x08002a93   Thumb Code    16  usbd_core.o(i.USBD_RegisterClass)
    USBD_SetClassConfig                      0x08002aa3   Thumb Code    22  usbd_core.o(i.USBD_SetClassConfig)
    USBD_Start                               0x08002b2d   Thumb Code    10  usbd_core.o(i.USBD_Start)
    USBD_StdDevReq                           0x08002b37   Thumb Code   242  usbd_ctlreq.o(i.USBD_StdDevReq)
    USBD_StdEPReq                            0x08002c29   Thumb Code   220  usbd_ctlreq.o(i.USBD_StdEPReq)
    USBD_StdItfReq                           0x08002d05   Thumb Code    52  usbd_ctlreq.o(i.USBD_StdItfReq)
    USBD_static_free                         0x08002d39   Thumb Code     2  usbd_conf.o(i.USBD_static_free)
    USBD_static_malloc                       0x08002d3d   Thumb Code     4  usbd_conf.o(i.USBD_static_malloc)
    USB_LP_CAN_RX0_IRQHandler                0x08002d45   Thumb Code     6  stm32f3xx_it.o(i.USB_LP_CAN_RX0_IRQHandler)
    __scatterload_copy                       0x08002d51   Thumb Code    14  handlers.o(i.__scatterload_copy)
    __scatterload_null                       0x08002d5f   Thumb Code     2  handlers.o(i.__scatterload_null)
    __scatterload_zeroinit                   0x08002d61   Thumb Code    14  handlers.o(i.__scatterload_zeroinit)
    main                                     0x08002d6f   Thumb Code    22  main.o(i.main)
    osDelay                                  0x08002d91   Thumb Code    14  cmsis_os.o(i.osDelay)
    osKernelStart                            0x08002d9f   Thumb Code    10  cmsis_os.o(i.osKernelStart)
    osSystickHandler                         0x08002da9   Thumb Code    20  cmsis_os.o(i.osSystickHandler)
    osThreadCreate                           0x08002dbd   Thumb Code    46  cmsis_os.o(i.osThreadCreate)
    pvPortMalloc                             0x08003135   Thumb Code   210  heap_4.o(i.pvPortMalloc)
    pxPortInitialiseStack                    0x0800320d   Thumb Code    40  port.o(i.pxPortInitialiseStack)
    uxListRemove                             0x08003239   Thumb Code    36  list.o(i.uxListRemove)
    vListInitialise                          0x0800325d   Thumb Code    22  list.o(i.vListInitialise)
    vListInitialiseItem                      0x08003273   Thumb Code     6  list.o(i.vListInitialiseItem)
    vListInsert                              0x08003279   Thumb Code    48  list.o(i.vListInsert)
    vListInsertEnd                           0x080032a9   Thumb Code    24  list.o(i.vListInsertEnd)
    vPortEnterCritical                       0x080032c1   Thumb Code    54  port.o(i.vPortEnterCritical)
    vPortExitCritical                        0x08003301   Thumb Code    34  port.o(i.vPortExitCritical)
    vPortFree                                0x08003329   Thumb Code    88  heap_4.o(i.vPortFree)
    vPortSetupTimerInterrupt                 0x08003385   Thumb Code    26  port.o(i.vPortSetupTimerInterrupt)
    vTaskDelay                               0x080033a5   Thumb Code    66  tasks.o(i.vTaskDelay)
    vTaskStartScheduler                      0x080033f1   Thumb Code    86  tasks.o(i.vTaskStartScheduler)
    vTaskSuspendAll                          0x08003459   Thumb Code    10  tasks.o(i.vTaskSuspendAll)
    vTaskSwitchContext                       0x08003469   Thumb Code    82  tasks.o(i.vTaskSwitchContext)
    xPortStartScheduler                      0x080034c5   Thumb Code   202  port.o(i.xPortStartScheduler)
    xPortSysTickHandler                      0x080035a5   Thumb Code    38  port.o(i.xPortSysTickHandler)
    xTaskCreate                              0x080035d1   Thumb Code    86  tasks.o(i.xTaskCreate)
    xTaskGetSchedulerState                   0x08003629   Thumb Code    22  tasks.o(i.xTaskGetSchedulerState)
    xTaskIncrementTick                       0x08003645   Thumb Code   192  tasks.o(i.xTaskIncrementTick)
    xTaskResumeAll                           0x0800370d   Thumb Code   182  tasks.o(i.xTaskResumeAll)
    aPLLMULFactorTable                       0x080037d0   Data          16  stm32f3xx_hal_rcc.o(.constdata)
    aPredivFactorTable                       0x080037e0   Data          16  stm32f3xx_hal_rcc.o(.constdata)
    AHBPrescTable                            0x08003804   Data          16  system_stm32f3xx.o(.constdata)
    Region$$Table$$Base                      0x08003820   Number         0  anon$$obj.o(Region$$Table)
    Region$$Table$$Limit                     0x08003840   Number         0  anon$$obj.o(Region$$Table)
    uwTick                                   0x20000000   Data           4  stm32f3xx_hal.o(.data)
    USBD_Interface_fops_FS                   0x20000004   Data          16  usbd_cdc_if.o(.data)
    UserRxBufferFS                           0x20000014   Data           4  usbd_cdc_if.o(.data)
    UserTxBufferFS                           0x20000018   Data           4  usbd_cdc_if.o(.data)
    defaultTaskHandle                        0x2000001c   Data           4  freertos.o(.data)
    FS_Desc                                  0x20000020   Data          28  usbd_desc.o(.data)
    USBD_LangIDDesc                          0x2000003c   Data           4  usbd_desc.o(.data)
    USBD_FS_DeviceDesc                       0x20000040   Data          18  usbd_desc.o(.data)
    USBD_CDC_CfgHSDesc                       0x20000064   Data          67  usbd_cdc.o(.data)
    USBD_CDC_CfgFSDesc                       0x200000a8   Data          67  usbd_cdc.o(.data)
    USBD_CDC_OtherSpeedCfgDesc               0x200000ec   Data          67  usbd_cdc.o(.data)
    USBD_CDC                                 0x20000130   Data          56  usbd_cdc.o(.data)
    pxCurrentTCB                             0x20000180   Data           4  tasks.o(.data)
    SystemCoreClock                          0x200001c8   Data           4  system_stm32f3xx.o(.data)
    hpcd_USB_FS                              0x200003ec   Data         936  usbd_conf.o(.bss)
    hUsbDeviceFS                             0x20000794   Data         548  usb_device.o(.bss)
    USBD_StrDesc                             0x200009b8   Data         512  usbd_desc.o(.bss)
    __initial_sp                             0x20001ca8   Data           0  startup_stm32f303xc.o(STACK)



==============================================================================

Memory Map of the image

  Image Entry point : 0x08000189

  Load Region LR_IROM1 (Base: 0x08000000, Size: 0x00003a0c, Max: 0x00040000, ABSOLUTE, COMPRESSED[0x00003904])

    Execution Region ER_IROM1 (Base: 0x08000000, Size: 0x00003840, Max: 0x00040000, ABSOLUTE)

    Base Addr    Size         Type   Attr      Idx    E Section Name        Object

    0x08000000   0x00000188   Data   RO         3937    RESET               startup_stm32f303xc.o
    0x08000188   0x00000000   Code   RO         3942  * .ARM.Collect$$$$00000000  mc_w.l(entry.o)
    0x08000188   0x00000004   Code   RO         3953    .ARM.Collect$$$$00000001  mc_w.l(entry2.o)
    0x0800018c   0x00000004   Code   RO         3956    .ARM.Collect$$$$00000004  mc_w.l(entry5.o)
    0x08000190   0x00000000   Code   RO         3958    .ARM.Collect$$$$00000008  mc_w.l(entry7b.o)
    0x08000190   0x00000000   Code   RO         3960    .ARM.Collect$$$$0000000A  mc_w.l(entry8b.o)
    0x08000190   0x00000008   Code   RO         3961    .ARM.Collect$$$$0000000B  mc_w.l(entry9a.o)
    0x08000198   0x00000000   Code   RO         3963    .ARM.Collect$$$$0000000D  mc_w.l(entry10a.o)
    0x08000198   0x00000000   Code   RO         3965    .ARM.Collect$$$$0000000F  mc_w.l(entry11a.o)
    0x08000198   0x00000004   Code   RO         3954    .ARM.Collect$$$$00002712  mc_w.l(entry2.o)
    0x0800019c   0x000000ba   Code   RO         3811    .emb_text           port.o
    0x08000256   0x00000002   PAD
    0x08000258   0x00000024   Code   RO         3938    .text               startup_stm32f303xc.o
    0x0800027c   0x00000024   Code   RO         3947    .text               mc_w.l(memcpya.o)
    0x080002a0   0x00000024   Code   RO         3949    .text               mc_w.l(memseta.o)
    0x080002c4   0x00000024   Code   RO         3967    .text               mc_w.l(init.o)
    0x080002e8   0x00000056   Code   RO         3977    .text               mc_w.l(__dczerorl2.o)
    0x0800033e   0x00000004   Code   RO         1783    i.CDC_Control_FS    usbd_cdc_if.o
    0x08000342   0x00000004   Code   RO         1784    i.CDC_DeInit_FS     usbd_cdc_if.o
    0x08000346   0x00000002   PAD
    0x08000348   0x00000024   Code   RO         1785    i.CDC_Init_FS       usbd_cdc_if.o
    0x0800036c   0x00000028   Code   RO         1786    i.CDC_Receive_FS    usbd_cdc_if.o
    0x08000394   0x0000002c   Code   RO         1787    i.CDC_Transmit_FS   usbd_cdc_if.o
    0x080003c0   0x00000002   Code   RO         1993    i.Error_Handler     main.o
    0x080003c2   0x00000002   PAD
    0x080003c4   0x00000188   Code   RO            7    i.HAL_GPIO_Init     stm32f3xx_hal_gpio.o
    0x0800054c   0x00000008   Code   RO           10    i.HAL_GPIO_TogglePin  stm32f3xx_hal_gpio.o
    0x08000554   0x0000000a   Code   RO           11    i.HAL_GPIO_WritePin  stm32f3xx_hal_gpio.o
    0x0800055e   0x00000002   PAD
    0x08000560   0x0000000c   Code   RO          604    i.HAL_GetTick       stm32f3xx_hal.o
    0x0800056c   0x00000010   Code   RO          605    i.HAL_IncTick       stm32f3xx_hal.o
    0x0800057c   0x00000024   Code   RO          606    i.HAL_Init          stm32f3xx_hal.o
    0x080005a0   0x00000028   Code   RO          607    i.HAL_InitTick      stm32f3xx_hal.o
    0x080005c8   0x00000070   Code   RO         2036    i.HAL_MspInit       stm32f3xx_hal_msp.o
    0x08000638   0x00000016   Code   RO          463    i.HAL_NVIC_EnableIRQ  stm32f3xx_hal_cortex.o
    0x0800064e   0x00000002   PAD
    0x08000650   0x00000040   Code   RO          469    i.HAL_NVIC_SetPriority  stm32f3xx_hal_cortex.o
    0x08000690   0x00000024   Code   RO          470    i.HAL_NVIC_SetPriorityGrouping  stm32f3xx_hal_cortex.o
    0x080006b4   0x0000003c   Code   RO          764    i.HAL_PCDEx_PMAConfig  stm32f3xx_hal_pcd_ex.o
    0x080006f0   0x00000002   Code   RO         2084    i.HAL_PCDEx_SetConnectionState  usbd_conf.o
    0x080006f2   0x00000012   Code   RO         2086    i.HAL_PCD_DataInStageCallback  usbd_conf.o
    0x08000704   0x00000014   Code   RO         2087    i.HAL_PCD_DataOutStageCallback  usbd_conf.o
    0x08000718   0x0000015c   Code   RO         1047    i.HAL_PCD_EP_Close  stm32f3xx_hal_pcd.o
    0x08000874   0x000000b2   Code   RO         1048    i.HAL_PCD_EP_ClrStall  stm32f3xx_hal_pcd.o
    0x08000926   0x00000014   Code   RO         1050    i.HAL_PCD_EP_GetRxCount  stm32f3xx_hal_pcd.o
    0x0800093a   0x000002d0   Code   RO         1051    i.HAL_PCD_EP_Open   stm32f3xx_hal_pcd.o
    0x08000c0a   0x00000002   PAD
    0x08000c0c   0x000000e6   Code   RO         1052    i.HAL_PCD_EP_Receive  stm32f3xx_hal_pcd.o
    0x08000cf2   0x0000008a   Code   RO         1053    i.HAL_PCD_EP_SetStall  stm32f3xx_hal_pcd.o
    0x08000d7c   0x000000e6   Code   RO         1054    i.HAL_PCD_EP_Transmit  stm32f3xx_hal_pcd.o
    0x08000e62   0x000000fc   Code   RO         1056    i.HAL_PCD_IRQHandler  stm32f3xx_hal_pcd.o
    0x08000f5e   0x000000a6   Code   RO         1059    i.HAL_PCD_Init      stm32f3xx_hal_pcd.o
    0x08001004   0x0000005c   Code   RO         2092    i.HAL_PCD_MspInit   usbd_conf.o
    0x08001060   0x0000001a   Code   RO         2093    i.HAL_PCD_ResetCallback  usbd_conf.o
    0x0800107a   0x00000008   Code   RO         2094    i.HAL_PCD_ResumeCallback  usbd_conf.o
    0x08001082   0x00000008   Code   RO         2095    i.HAL_PCD_SOFCallback  usbd_conf.o
    0x0800108a   0x0000002c   Code   RO         1065    i.HAL_PCD_SetAddress  stm32f3xx_hal_pcd.o
    0x080010b6   0x0000000e   Code   RO         2096    i.HAL_PCD_SetupStageCallback  usbd_conf.o
    0x080010c4   0x0000000c   Code   RO         1067    i.HAL_PCD_Start     stm32f3xx_hal_pcd.o
    0x080010d0   0x00000024   Code   RO         2097    i.HAL_PCD_SuspendCallback  usbd_conf.o
    0x080010f4   0x00000218   Code   RO          998    i.HAL_RCCEx_PeriphCLKConfig  stm32f3xx_hal_rcc_ex.o
    0x0800130c   0x00000188   Code   RO          269    i.HAL_RCC_ClockConfig  stm32f3xx_hal_rcc.o
    0x08001494   0x0000000c   Code   RO          274    i.HAL_RCC_GetHCLKFreq  stm32f3xx_hal_rcc.o
    0x080014a0   0x00000064   Code   RO          278    i.HAL_RCC_GetSysClockFreq  stm32f3xx_hal_rcc.o
    0x08001504   0x000005ac   Code   RO          281    i.HAL_RCC_OscConfig  stm32f3xx_hal_rcc.o
    0x08001ab0   0x00000018   Code   RO          472    i.HAL_SYSTICK_CLKSourceConfig  stm32f3xx_hal_cortex.o
    0x08001ac8   0x00000028   Code   RO          474    i.HAL_SYSTICK_Config  stm32f3xx_hal_cortex.o
    0x08001af0   0x00000028   Code   RO         1937    i.MX_FREERTOS_Init  freertos.o
    0x08001b18   0x00000174   Code   RO         2060    i.MX_GPIO_Init      gpio.o
    0x08001c8c   0x00000038   Code   RO         2291    i.MX_USB_DEVICE_Init  usb_device.o
    0x08001cc4   0x00000020   Code   RO          476    i.NVIC_SetPriority  stm32f3xx_hal_cortex.o
    0x08001ce4   0x00000366   Code   RO         1070    i.PCD_EP_ISR_Handler  stm32f3xx_hal_pcd.o
    0x0800204a   0x00000002   PAD
    0x0800204c   0x0000002e   Code   RO          766    i.PCD_ReadPMA       stm32f3xx_hal_pcd_ex.o
    0x0800207a   0x00000026   Code   RO          767    i.PCD_WritePMA      stm32f3xx_hal_pcd_ex.o
    0x080020a0   0x00000024   Code   RO         1938    i.StartDefaultTask  freertos.o
    0x080020c4   0x0000000e   Code   RO         1859    i.SysTick_Handler   stm32f3xx_it.o
    0x080020d2   0x0000007a   Code   RO         1994    i.SystemClock_Config  main.o
    0x0800214c   0x00000068   Code   RO         3901    i.SystemInit        system_stm32f3xx.o
    0x080021b4   0x00000014   Code   RO         2660    i.USBD_CDC_DataIn   usbd_cdc.o
    0x080021c8   0x0000002e   Code   RO         2661    i.USBD_CDC_DataOut  usbd_cdc.o
    0x080021f6   0x0000003c   Code   RO         2662    i.USBD_CDC_DeInit   usbd_cdc.o
    0x08002232   0x00000024   Code   RO         2663    i.USBD_CDC_EP0_RxReady  usbd_cdc.o
    0x08002256   0x00000002   PAD
    0x08002258   0x0000000c   Code   RO         2664    i.USBD_CDC_GetDeviceQualifierDescriptor  usbd_cdc.o
    0x08002264   0x0000000c   Code   RO         2665    i.USBD_CDC_GetFSCfgDesc  usbd_cdc.o
    0x08002270   0x0000000c   Code   RO         2666    i.USBD_CDC_GetHSCfgDesc  usbd_cdc.o
    0x0800227c   0x0000000c   Code   RO         2667    i.USBD_CDC_GetOtherSpeedCfgDesc  usbd_cdc.o
    0x08002288   0x00000088   Code   RO         2668    i.USBD_CDC_Init     usbd_cdc.o
    0x08002310   0x00000028   Code   RO         2669    i.USBD_CDC_ReceivePacket  usbd_cdc.o
    0x08002338   0x00000010   Code   RO         2670    i.USBD_CDC_RegisterInterface  usbd_cdc.o
    0x08002348   0x0000000c   Code   RO         2671    i.USBD_CDC_SetRxBuffer  usbd_cdc.o
    0x08002354   0x00000010   Code   RO         2672    i.USBD_CDC_SetTxBuffer  usbd_cdc.o
    0x08002364   0x00000070   Code   RO         2673    i.USBD_CDC_Setup    usbd_cdc.o
    0x080023d4   0x00000030   Code   RO         2674    i.USBD_CDC_TransmitPacket  usbd_cdc.o
    0x08002404   0x0000000e   Code   RO         2457    i.USBD_ClrClassConfig  usbd_core.o
    0x08002412   0x00000010   Code   RO         2397    i.USBD_CtlContinueRx  usbd_ioreq.o
    0x08002422   0x00000010   Code   RO         2398    i.USBD_CtlContinueSendData  usbd_ioreq.o
    0x08002432   0x00000016   Code   RO         2595    i.USBD_CtlError     usbd_ctlreq.o
    0x08002448   0x0000001e   Code   RO         2399    i.USBD_CtlPrepareRx  usbd_ioreq.o
    0x08002466   0x00000016   Code   RO         2400    i.USBD_CtlReceiveStatus  usbd_ioreq.o
    0x0800247c   0x0000001a   Code   RO         2401    i.USBD_CtlSendData  usbd_ioreq.o
    0x08002496   0x00000016   Code   RO         2402    i.USBD_CtlSendStatus  usbd_ioreq.o
    0x080024ac   0x00000020   Code   RO         2329    i.USBD_FS_ConfigStrDescriptor  usbd_desc.o
    0x080024cc   0x0000000c   Code   RO         2330    i.USBD_FS_DeviceDescriptor  usbd_desc.o
    0x080024d8   0x00000024   Code   RO         2331    i.USBD_FS_InterfaceStrDescriptor  usbd_desc.o
    0x080024fc   0x0000000c   Code   RO         2332    i.USBD_FS_LangIDStrDescriptor  usbd_desc.o
    0x08002508   0x00000028   Code   RO         2333    i.USBD_FS_ManufacturerStrDescriptor  usbd_desc.o
    0x08002530   0x0000002c   Code   RO         2334    i.USBD_FS_ProductStrDescriptor  usbd_desc.o
    0x0800255c   0x00000024   Code   RO         2335    i.USBD_FS_SerialStrDescriptor  usbd_desc.o
    0x08002580   0x000000e0   Code   RO         2596    i.USBD_GetDescriptor  usbd_ctlreq.o
    0x08002660   0x00000046   Code   RO         2597    i.USBD_GetString    usbd_ctlreq.o
    0x080026a6   0x0000002a   Code   RO         2459    i.USBD_Init         usbd_core.o
    0x080026d0   0x00000020   Code   RO         2098    i.USBD_LL_ClearStallEP  usbd_conf.o
    0x080026f0   0x00000020   Code   RO         2099    i.USBD_LL_CloseEP   usbd_conf.o
    0x08002710   0x000000aa   Code   RO         2460    i.USBD_LL_DataInStage  usbd_core.o
    0x080027ba   0x0000006a   Code   RO         2461    i.USBD_LL_DataOutStage  usbd_core.o
    0x08002824   0x00000008   Code   RO         2103    i.USBD_LL_GetRxDataSize  usbd_conf.o
    0x0800282c   0x00000084   Code   RO         2104    i.USBD_LL_Init      usbd_conf.o
    0x080028b0   0x00000020   Code   RO         2105    i.USBD_LL_IsStallEP  usbd_conf.o
    0x080028d0   0x00000026   Code   RO         2106    i.USBD_LL_OpenEP    usbd_conf.o
    0x080028f6   0x00000020   Code   RO         2107    i.USBD_LL_PrepareReceive  usbd_conf.o
    0x08002916   0x0000003e   Code   RO         2466    i.USBD_LL_Reset     usbd_core.o
    0x08002954   0x0000000c   Code   RO         2467    i.USBD_LL_Resume    usbd_core.o
    0x08002960   0x00000018   Code   RO         2468    i.USBD_LL_SOF       usbd_core.o
    0x08002978   0x00000006   Code   RO         2469    i.USBD_LL_SetSpeed  usbd_core.o
    0x0800297e   0x00000020   Code   RO         2108    i.USBD_LL_SetUSBAddress  usbd_conf.o
    0x0800299e   0x0000005a   Code   RO         2470    i.USBD_LL_SetupStage  usbd_core.o
    0x080029f8   0x00000020   Code   RO         2109    i.USBD_LL_StallEP   usbd_conf.o
    0x08002a18   0x00000020   Code   RO         2110    i.USBD_LL_Start     usbd_conf.o
    0x08002a38   0x00000012   Code   RO         2471    i.USBD_LL_Suspend   usbd_core.o
    0x08002a4a   0x00000020   Code   RO         2112    i.USBD_LL_Transmit  usbd_conf.o
    0x08002a6a   0x00000028   Code   RO         2598    i.USBD_ParseSetupRequest  usbd_ctlreq.o
    0x08002a92   0x00000010   Code   RO         2472    i.USBD_RegisterClass  usbd_core.o
    0x08002aa2   0x00000016   Code   RO         2474    i.USBD_SetClassConfig  usbd_core.o
    0x08002ab8   0x00000074   Code   RO         2599    i.USBD_SetConfig    usbd_ctlreq.o
    0x08002b2c   0x0000000a   Code   RO         2475    i.USBD_Start        usbd_core.o
    0x08002b36   0x000000f2   Code   RO         2600    i.USBD_StdDevReq    usbd_ctlreq.o
    0x08002c28   0x000000dc   Code   RO         2601    i.USBD_StdEPReq     usbd_ctlreq.o
    0x08002d04   0x00000034   Code   RO         2602    i.USBD_StdItfReq    usbd_ctlreq.o
    0x08002d38   0x00000002   Code   RO         2113    i.USBD_static_free  usbd_conf.o
    0x08002d3a   0x00000002   PAD
    0x08002d3c   0x00000008   Code   RO         2114    i.USBD_static_malloc  usbd_conf.o
    0x08002d44   0x0000000c   Code   RO         1860    i.USB_LP_CAN_RX0_IRQHandler  stm32f3xx_it.o
    0x08002d50   0x0000000e   Code   RO         3971    i.__scatterload_copy  mc_w.l(handlers.o)
    0x08002d5e   0x00000002   Code   RO         3972    i.__scatterload_null  mc_w.l(handlers.o)
    0x08002d60   0x0000000e   Code   RO         3973    i.__scatterload_zeroinit  mc_w.l(handlers.o)
    0x08002d6e   0x00000016   Code   RO         1995    i.main              main.o
    0x08002d84   0x0000000c   Code   RO         2837    i.makeFreeRtosPriority  cmsis_os.o
    0x08002d90   0x0000000e   Code   RO         2839    i.osDelay           cmsis_os.o
    0x08002d9e   0x0000000a   Code   RO         2842    i.osKernelStart     cmsis_os.o
    0x08002da8   0x00000014   Code   RO         2875    i.osSystickHandler  cmsis_os.o
    0x08002dbc   0x0000002e   Code   RO         2876    i.osThreadCreate    cmsis_os.o
    0x08002dea   0x00000002   PAD
    0x08002dec   0x00000070   Code   RO         3248    i.prvAddCurrentTaskToDelayedList  tasks.o
    0x08002e5c   0x000000d0   Code   RO         3249    i.prvAddNewTaskToReadyList  tasks.o
    0x08002f2c   0x00000050   Code   RO         3250    i.prvCheckTasksWaitingTermination  tasks.o
    0x08002f7c   0x00000014   Code   RO         3251    i.prvDeleteTCB      tasks.o
    0x08002f90   0x0000004c   Code   RO         2763    i.prvHeapInit       heap_4.o
    0x08002fdc   0x00000028   Code   RO         3252    i.prvIdleTask       tasks.o
    0x08003004   0x0000009c   Code   RO         3253    i.prvInitialiseNewTask  tasks.o
    0x080030a0   0x0000004c   Code   RO         2764    i.prvInsertBlockIntoFreeList  heap_4.o
    0x080030ec   0x00000020   Code   RO         3255    i.prvResetNextTaskUnblockTime  tasks.o
    0x0800310c   0x00000028   Code   RO         3812    i.prvTaskExitError  port.o
    0x08003134   0x000000d8   Code   RO         2765    i.pvPortMalloc      heap_4.o
    0x0800320c   0x0000002c   Code   RO         3813    i.pxPortInitialiseStack  port.o
    0x08003238   0x00000024   Code   RO         3210    i.uxListRemove      list.o
    0x0800325c   0x00000016   Code   RO         3211    i.vListInitialise   list.o
    0x08003272   0x00000006   Code   RO         3212    i.vListInitialiseItem  list.o
    0x08003278   0x00000030   Code   RO         3213    i.vListInsert       list.o
    0x080032a8   0x00000018   Code   RO         3214    i.vListInsertEnd    list.o
    0x080032c0   0x00000040   Code   RO         3815    i.vPortEnterCritical  port.o
    0x08003300   0x00000028   Code   RO         3816    i.vPortExitCritical  port.o
    0x08003328   0x0000005c   Code   RO         2766    i.vPortFree         heap_4.o
    0x08003384   0x00000020   Code   RO         3817    i.vPortSetupTimerInterrupt  port.o
    0x080033a4   0x0000004c   Code   RO         3265    i.vTaskDelay        tasks.o
    0x080033f0   0x00000068   Code   RO         3278    i.vTaskStartScheduler  tasks.o
    0x08003458   0x00000010   Code   RO         3280    i.vTaskSuspendAll   tasks.o
    0x08003468   0x0000005c   Code   RO         3281    i.vTaskSwitchContext  tasks.o
    0x080034c4   0x000000e0   Code   RO         3819    i.xPortStartScheduler  port.o
    0x080035a4   0x0000002c   Code   RO         3820    i.xPortSysTickHandler  port.o
    0x080035d0   0x00000056   Code   RO         3283    i.xTaskCreate       tasks.o
    0x08003626   0x00000002   PAD
    0x08003628   0x0000001c   Code   RO         3287    i.xTaskGetSchedulerState  tasks.o
    0x08003644   0x000000c8   Code   RO         3290    i.xTaskIncrementTick  tasks.o
    0x0800370c   0x000000c4   Code   RO         3296    i.xTaskResumeAll    tasks.o
    0x080037d0   0x00000020   Data   RO          282    .constdata          stm32f3xx_hal_rcc.o
    0x080037f0   0x00000014   Data   RO         1939    .constdata          freertos.o
    0x08003804   0x00000010   Data   RO         3902    .constdata          system_stm32f3xx.o
    0x08003814   0x0000000c   Data   RO         1940    .conststring        freertos.o
    0x08003820   0x00000020   Data   RO         3969    Region$$Table       anon$$obj.o


    Execution Region RW_IRAM1 (Base: 0x20000000, Size: 0x00001ca8, Max: 0x0000a000, ABSOLUTE, COMPRESSED[0x000000c4])

    Base Addr    Size         Type   Attr      Idx    E Section Name        Object

    0x20000000   0x00000004   Data   RW          612    .data               stm32f3xx_hal.o
    0x20000004   0x00000010   Data   RW         1788    .data               usbd_cdc_if.o
    0x20000014   0x00000008   Data   RW         1789    .data               usbd_cdc_if.o
    0x2000001c   0x00000004   Data   RW         1941    .data               freertos.o
    0x20000020   0x0000001c   Data   RW         2337    .data               usbd_desc.o
    0x2000003c   0x00000016   Data   RW         2338    .data               usbd_desc.o
    0x20000052   0x00000001   Data   RW         2603    .data               usbd_ctlreq.o
    0x20000053   0x00000001   PAD
    0x20000054   0x000000db   Data   RW         2675    .data               usbd_cdc.o
    0x2000012f   0x00000001   PAD
    0x20000130   0x00000038   Data   RW         2676    .data               usbd_cdc.o
    0x20000168   0x00000018   Data   RW         2771    .data               heap_4.o
    0x20000180   0x0000003c   Data   RW         3299    .data               tasks.o
    0x200001bc   0x0000000c   Data   RW         3821    .data               port.o
    0x200001c8   0x00000004   Data   RW         3904    .data               system_stm32f3xx.o
    0x200001cc   0x000005c8   Zero   RW         2115    .bss                usbd_conf.o
    0x20000794   0x00000224   Zero   RW         2292    .bss                usb_device.o
    0x200009b8   0x00000200   Zero   RW         2336    .bss                usbd_desc.o
    0x20000bb8   0x00000c00   Zero   RW         2770    .bss                heap_4.o
    0x200017b8   0x000000f0   Zero   RW         3298    .bss                tasks.o
    0x200018a8   0x00000400   Zero   RW         3935    STACK               startup_stm32f303xc.o


==============================================================================

Image component sizes


      Code (inc. data)   RO Data    RW Data    ZI Data      Debug   Object Name

       102          0          0          0          0      13372   cmsis_os.o
        76         16         32          4          0       1686   freertos.o
       372         30          0          0          0       1111   gpio.o
       460         24          0         24       3072       8811   heap_4.o
       136          0          0          0          0       3514   list.o
       146          0          0          0          0       2028   main.o
       674         74          0         12          0      11020   port.o
        36          8        392          0       1024        800   startup_stm32f303xc.o
       104         22          0          4          0       3159   stm32f3xx_hal.o
       218         14          0          0          0      30993   stm32f3xx_hal_cortex.o
       410         28          0          0          0     532641   stm32f3xx_hal_gpio.o
       112          6          0          0          0        858   stm32f3xx_hal_msp.o
      3208          0          0          0          0      11994   stm32f3xx_hal_pcd.o
       144          0          0          0          0       2855   stm32f3xx_hal_pcd_ex.o
      1956         52         32          0          0       5078   stm32f3xx_hal_rcc.o
       536         14          0          0          0       1584   stm32f3xx_hal_rcc_ex.o
        26          6          0          0          0      21674   stm32f3xx_it.o
       104         22         16          4          0       1147   system_stm32f3xx.o
      1446        120          0         60        240      24211   tasks.o
        56         18          0          0        548        712   usb_device.o
       590         22          0        275          0      13014   usbd_cdc.o
       128         22          0         24          0       9349   usbd_cdc_if.o
       668         30          0          0       1480      13773   usbd_conf.o
       592          0          0          0          0       9500   usbd_core.o
       986         30          0          1          0       7944   usbd_ctlreq.o
       212        116          0         50        512       5071   usbd_desc.o
       132          0          0          0          0       4472   usbd_ioreq.o

    ----------------------------------------------------------------------
     13652        674        504        460       6876     742371   Object Totals
         0          0         32          0          0          0   (incl. Generated)
        22          0          0          2          0          0   (incl. Padding)

    ----------------------------------------------------------------------

      Code (inc. data)   RO Data    RW Data    ZI Data      Debug   Library Member Name

        86          0          0          0          0          0   __dczerorl2.o
         0          0          0          0          0          0   entry.o
         0          0          0          0          0          0   entry10a.o
         0          0          0          0          0          0   entry11a.o
         8          4          0          0          0          0   entry2.o
         4          0          0          0          0          0   entry5.o
         0          0          0          0          0          0   entry7b.o
         0          0          0          0          0          0   entry8b.o
         8          4          0          0          0          0   entry9a.o
        30          0          0          0          0          0   handlers.o
        36          8          0          0          0         68   init.o
        36          0          0          0          0         68   memcpya.o
        36          0          0          0          0        108   memseta.o

    ----------------------------------------------------------------------
       244         16          0          0          0        244   Library Totals
         0          0          0          0          0          0   (incl. Padding)

    ----------------------------------------------------------------------

      Code (inc. data)   RO Data    RW Data    ZI Data      Debug   Library Name

       244         16          0          0          0        244   mc_w.l

    ----------------------------------------------------------------------
       244         16          0          0          0        244   Library Totals

    ----------------------------------------------------------------------

==============================================================================


      Code (inc. data)   RO Data    RW Data    ZI Data      Debug   

     13896        690        504        460       6876     727847   Grand Totals
     13896        690        504        196       6876     727847   ELF Image Totals (compressed)
     13896        690        504        196          0          0   ROM Totals

==============================================================================

    Total RO  Size (Code + RO Data)                14400 (  14.06kB)
    Total RW  Size (RW Data + ZI Data)              7336 (   7.16kB)
    Total ROM Size (Code + RO Data + RW Data)      14596 (  14.25kB)

==============================================================================

